============================================================
MOIS DE PARUTION fortress_world — août 2098 (5 article(s))
============================================================

[6 août] nexcore_atlantique_la_faille_dans_le_bouclier_numerique (actualites_a_la_une)
  → chapo : Une faille dans les protocoles de souveraineté numérique du Bloc Atlantique expose des millions de citoyens à des risques de contamination informationnelle. NexCore et l'ANBA au cœur de la tempête.
  → zone : bloc_atlantique | ligne : pro_pouvoir

[13 août] les_murs_ont_une_memoire_quand_les_archives_contestent_la_souverainete_des_blocs (histoire_patrimoine)
  → chapo : En 2098, les blocs géopolitiques verrouillent non seulement les frontières, mais aussi la mémoire collective. Pourtant, des réseaux clandestins de contre-archives résistent, utilisant les failles des systèmes souverains pour documenter ce que les forteresses veulent effacer. Une bataille juridique et technologique où le passé devient un enjeu de pouvoir.
  → zone : pacte_forteresses_souveraines | ligne : pro_pouvoir

[19 août] l_art_apres_le_seuil_quand_les_algorithmes_decident_ce_que_vous_avez_le_droit_d (culture)
  → chapo : Dans le Bloc Atlantique, l’art est devenu un outil de contrôle social, soumis à l’approbation des algorithmes de souveraineté numérique. Entre œuvres certifiées et archives clandestines, une guerre silencieuse se joue pour la mémoire collective.
  → zone : bloc_atlantique | ligne : pro_pouvoir

[22 août] helios_bse_active_le_protocole_ombre_les_coupures_ciblees_entrent_dans_l_arsenal (actualites_a_la_une)
  → chapo : Le Consortium Helios BSE active des coupures énergétiques ciblées dans les zones tampons du Bloc Eurasiatique, marquant une escalade dans l’usage de l’énergie comme arme géopolitique. Entre répression algorithmique et résistance des réseaux clandestins, la souveraineté énergétique se transforme en outil de fragmentation territoriale.
  → zone : bloc_eurasiatique_occidental | ligne : pro_pouvoir

[23 août] les_dieux_ont_ils_un_score_protocole (religion_spiritualite)
  → chapo : Dans un monde où la dévotion est notée par des algorithmes, les communautés spirituelles des zones tampons du Bloc Eurasiatique Occidental réinventent le sacré comme acte de résistance. Entre confinement sanitaire et veillées interdites, Zsófia Nagy explore comment la prière devient une faille dans le système.
  → zone : bloc_eurasiatique_occidental | ligne : opposition

------------------------------------------------------------
Custom_events déjà injectés pour ce mois : 0
------------------------------------------------------------
  Aucun -- rien n'a encore été capturé pour ce mois de parution.
