============================================================
AUDIT annee_debut / annee_fin — 758 fiches scannées
============================================================
Fiches avec au moins 1 alliance/opposition réelle : 758

-- annee_debut --
  ABSENT du frontmatter (fallback loader.py -> 2026) : 0  <-- risque silencieux
  Présent, valeur = 2026 (donnée réelle)              : 27
  Présent, autre année                                : 731

  Distribution des valeurs réellement présentes (top 10) :
    2041 : 166
    2031 : 103
    2036 : 56
    2038 : 44
    2032 : 44
    2033 : 30
    2061 : 29
    2026 : 27
    2035 : 27
    2047 : 26

-- annee_fin --
  ABSENT du frontmatter (fallback loader.py -> None) : 0
  Présent, valeur = null/vide (relation en cours)    : 729
  Présent, valeur renseignée (relation terminée)     : 29

