
============================================================
OURRASSOL 2098 — Générateur d'articles
============================================================
  Scénario   : fortress_world
  Thématique : religion_spiritualite
  Longueur   : breve
  Angle      : romuva la nouvelle religion en europe
============================================================

[generate] Chargement de la thématique 'religion_spiritualite'...

[snapshot] Construction du monde 2098 — scénario : fortress_world
[snapshot] Variables pilotes : ['geopolitique_conflits', 'energie_ressources_critiques', 'gouvernance_institutions', 'organisation_territoires']
[snapshot] États définis : 12/12
[snapshot] Tensions détectées : 15 | Cohérence : ATTENTION
[snapshot] Jalons trajectoire : 154 (37 majeurs)
[snapshot] Événements signal_to_state : 62 (13 majeurs)
[snapshot] Tensions thématiques : 2
[snapshot] Instances chargées : 121 | Filtrées : 6
[snapshot] Événement custom 'Embrasement du Corridor Pétrolier : la Guerre des Forteresses du Moyen-Orient' (an 2027, 71 ans d'effet)
  → geopolitique_conflits : 85 → 73.0 (delta:-12.0)
  → energie_ressources_critiques : 87.7 → 100 (delta:+14.0)
  → gouvernance_institutions : 55.4 → 63.4 (delta:+8.0)
  → demographie_mobilite_humaine : 79.5 → 90.5 (delta:+11.0)
[snapshot] Événement custom 'L'Attentat des Neuf Nœuds — Prétexte à la Souveraineté Numérique' (an 2040, 58 ans d'effet)
  → technologie_information : 83.5 → 63.5 (delta:-20.0)
  → gouvernance_institutions : 54.4 → 44.4 (delta:-10.0)
  → geopolitique_conflits : 54.7 → 69.7 (delta:+15.0)
[snapshot] Événement custom 'Enchères de Nuna : la guerre des offres pour le sous-sol groenlandais' (an 2041, 57 ans d'effet)
  → energie_ressources_critiques : 92.9 → 84.9 (delta:-8.0)
  → geopolitique_conflits : 73.5 → 63.5 (delta:-10.0)
  → gouvernance_institutions : 42.1 → 54.1 (delta:+12.0)
  → organisation_territoires : 79.5 → 72.5 (delta:-7.0)
[snapshot] Événement custom 'L'Exode des Plaines — Ruée vers les Lacs' (an 2044, 54 ans d'effet)
  → demographie_mobilite_humaine : 86.1 → 74.1 (delta:-12.0)
  → organisation_territoires : 68.0 → 82.0 (delta:+14.0)
  → gouvernance_institutions : 54.1 → 64.1 (delta:+10.0)
  → climat_environnement_global : 75.4 → 67.4 (delta:-8.0)
[snapshot] Événement custom 'Belém : l'Amazonie bascule, les milices prennent le bassin' (an 2047, 51 ans d'effet)
  → climat_environnement_global : 67.4 → 85.4 (delta:+18.0)
  → geopolitique_conflits : 55.1 → 47.1 (delta:-8.0)
  → gouvernance_institutions : 67.7 → 79.7 (delta:+12.0)
  → organisation_territoires : 85.4 → 95.4 (delta:+10.0)
[snapshot] Événement custom 'La Sécession des Grands Lacs — Rupture de Chicago-Lacustre' (an 2051, 47 ans d'effet)
  → organisation_territoires : 95.4 → 83.4 (delta:-12.0)
  → gouvernance_institutions : 79.7 → 93.7 (delta:+14.0)
  → geopolitique_conflits : 36.3 → 26.299999999999997 (delta:-10.0)
  → energie_ressources_critiques : 98.3 → 90.3 (delta:-8.0)
[snapshot] Événement custom 'Liquidation du Mouvement Commun Américain' (an 2052, 46 ans d'effet)
  → gouvernance_institutions : 98.2 → 93.2 (delta:-5.0)
  → valeurs_culture_tempo_sociale : 80 → 72.0 (delta:-8.0)
  → geopolitique_conflits : 32.3 → 37.3 (delta:+5.0)
[snapshot] Événement custom 'Incident du Passage du Nord-Ouest : la NAT saisit le convoi de l'APA' (an 2059, 39 ans d'effet)
  → geopolitique_conflits : 37.3 → 29.299999999999997 (delta:-8.0)
  → energie_ressources_critiques : 91.7 → 81.7 (delta:-10.0)
  → frontieres_du_systeme : 37.4 → 25.4 (delta:-12.0)
[snapshot] Événement custom 'La Révolte des Communes Libres du Rust Belt — Zones Hors-Algorithme' (an 2063, 35 ans d'effet)
  → geopolitique_conflits : 38.9 → 30.9 (delta:-8.0)
  → valeurs_culture_tempo_sociale : 72.0 → 84.0 (delta:+12.0)
  → gouvernance_institutions : 98.2 → 100 (delta:+7.0)
  → organisation_territoires : 92.3 → 82.3 (delta:-10.0)
[snapshot] Événement custom 'Insurrection des Communes du Rust Belt — Zones Libres de l'Algorithme' (an 2063, 35 ans d'effet)
  → geopolitique_conflits : 32.0 → 24.0 (delta:-8.0)
  → valeurs_culture_tempo_sociale : 84.0 → 72.0 (delta:-12.0)
  → gouvernance_institutions : 100 → 100 (delta:+10.0)
  → technologie_information : 70.6 → 64.6 (delta:-6.0)
[snapshot] Événement custom 'Insurrection des Zones Déficitaires — São Paulo, la Cartographie Rebelle' (an 2073, 25 ans d'effet)
  → gouvernance_institutions : 97.3 → 100 (delta:+12.0)
  → technologie_information : 70.0 → 78.0 (delta:+8.0)
  → organisation_territoires : 86.5 → 96.5 (delta:+10.0)
[snapshot] Événement custom 'L'Affaire Van Derburgh — Archives Non Certifiées' (an 2078, 20 ans d'effet)
  → valeurs_culture_tempo_sociale : 72.0 → 70.0 (delta:-2.0)
  → gouvernance_institutions : 100 → 99.0 (delta:-1.0)
[snapshot] Événements custom : 12 | 202 variables affectées

[prompt] Assemblage du prompt...
[prompt] System prompt : 2836 caractères
[prompt] User prompt   : 61341 caractères
[prompt] Sections      : 7 (dont entités: oui, géographie: oui)

[generate] MODE DRY-RUN — pas d'appel API

--- SYSTEM PROMPT ---
Tu es un journaliste senior travaillant en 2098 pour Helios Sovereign — Le Phare de l'Eurasie — Réseau Le Bloc Informations — édition locale.

Le monde dans lequel tu vis et écris est réel pour toi — tu n'écris pas de la science-fiction, tu rapportes des faits de ton époque. Tu n'expliques jamais le contexte historique comme si tu t'adressais à quelqu'un du passé.

Tes règles absolues :
- Tu écris toujours à la date indiquée, en 2098, depuis l'intérieur de ce monde.
- Tu écris exclusivement en français, sur toute la longueur de l'article — y compris les citations, dialogues et exergues inventés. Les noms propres volontairement empruntés à une autre langue (ex. « Amazônia Viva ») restent isolés comme noms propres, mais ne doivent jamais faire basculer le reste du texte dans cette langue, même si des entités ou alliés du monde décrit sont associés à une autre aire linguistique.
- Un allié, un rival ou tout événement mentionné comme se déroulant ailleurs dans le monde ne fait pas partie de ta zone : tu ne transposes jamais ses lieux, ses populations, sa langue ou ses marqueurs culturels propres dans ton propre article, sauf si celui-ci porte explicitement sur une interaction ou un événement commun entre les deux. Ta zone garde sa propre géographie, sa propre culture et ses propres noms, même quand tu mentionnes un partenaire extérieur.
- Tu utilises des noms de lieux, d'organisations, de personnes crédibles et cohérents avec le monde décrit. Tu peux en inventer — ils doivent sonner vrais pour 2098.
- Tu ne mentionnes jamais les "variables", les "scénarios" ou tout autre métalangage du système de simulation. Ces concepts n'existent pas dans ton monde.
- Tu ancres chaque article dans des faits concrets : chiffres, noms, lieux, événements datés.
- Tu respectes strictement le style journalistique et le format demandés.
- Tes articles sont cohérents avec l'état du monde décrit — tu ne contredis pas les dynamiques systémiques fournies.
- Tu peux mentionner des technologies, des institutions, des événements passés (entre 2025 et 2098) qui semblent naturels dans ce monde.

Ton identité éditoriale :
Un ton impérial et technocratique, où les métaphores solaires ('rayonnement', 'énergie pure') masquent à peine la répression systémique. Les éditoriaux célèbrent les 'avancées civilisationnelles' du Consortium Helios BSE tout en diabolisant les 'traîtres' et les 'collaborateurs des blocs ennemis'. Registre : Russe administratif et allemand technique (mélange des registres), termes grecs et latins ('Hélios', 'Souveraineté', 'Logos Energie'), phrases longues et alambiquées avec des parenthèses explicatives fréquentes.

Tu signes cet article en tant que Tomasz Zieliński — reste cette même signature tout au long de l'article (une seule fois, à l'endroit journalistique habituel), sans en inventer une autre.

--- USER PROMPT (complet) ---
## MONDE 2098 — FORTRESS_WORLD

**État global**
- Système : instable | Tension : 5/5 | Trajectoire : fragmentation
- Structure géopolitique : multipolaire
- Régime politique dominant : autoritaire
- Vitesse de transformation : rapide

**Résumé du monde**
Monde structuré en blocs fermés sécurisant leurs ressources critiques par le contrôle, la souveraineté stratégique et la limitation des interdépendances mondiales.

**Logique systémique**
Face aux crises énergétiques, géopolitiques et logistiques, les États privilégient la sécurité, l'autonomie stratégique et le contrôle des populations plutôt que l'ouverture et la coopération internationale.

**Déclencheurs qui ont façonné ce monde**
- crise énergétique majeure
- conflit global
- rupture des chaînes logistiques

**Effets systémiques**
*economy* : formation de blocs économiques fermés | réduction des échanges mondiaux
*geopolitics* : rivalités permanentes entre blocs | compétition stratégique accrue
*society* : contrôle social renforcé | restriction accrue des mobilités
*technology* : surveillance systémique | développement de technologies de contrôle
*environment* : exploitation intensive des ressources locales | priorité donnée à la sécurité plutôt qu'à la durabilité

**Implications globales**
Renforcement des appareils de sécurité, recul des libertés de circulation, fragmentation des réseaux mondiaux, augmentation des tensions géopolitiques et réduction de la coopération internationale. La stabilité interne des blocs progresse mais au prix d'une instabilité globale persistante.

**Boucles dynamiques**
- Stabilisation : sécurité → stabilité interne des blocs | contrôle → réduction des risques internes
- Déstabilisation : compétition entre blocs | inégalités structurelles globales

**Signaux faibles émergents de ce monde**
- régionalisation des systèmes économiques
- souveraineté numérique renforcée
- restrictions croissantes à la mobilité
- nationalisation des ressources stratégiques
- multiplication des doctrines de sécurité totale

**Perturbations custom actives**
Ce monde a été modifié par des injections spécifiques :
- [ÉVÉNEMENT été 2027] Embrasement du Corridor Pétrolier : la Guerre des Forteresses du Moyen-Orient : Le ciel de Kharg Island s'est embrasé le 14 juillet 2027 : les drones de combat ...
- [ÉVÉNEMENT 14 mars 2040] L'Attentat des Neuf Nœuds — Prétexte à la Souveraineté Numérique : Le 14 mars 2040, neuf nœuds critiques du réseau mondial sont détruits simultaném...
- [ÉVÉNEMENT automne 2041] Enchères de Nuna : la guerre des offres pour le sous-sol groenlandais : Nuuk, 14 octobre 2041. Les serveurs de Nuna Capital encaissent en moins d'une he...
- [ÉVÉNEMENT été 2044] L'Exode des Plaines — Ruée vers les Lacs : Les autoroutes I-90 et I-94 sont des rivières humaines : des colonnes ininterrom...
- [ÉVÉNEMENT été austral 2047] Belém : l'Amazonie bascule, les milices prennent le bassin : À l'été 2047, les colonnes de fumée au-dessus du Pará ne laissent plus de doute ...
- [ÉVÉNEMENT automne 2051] La Sécession des Grands Lacs — Rupture de Chicago-Lacustre : Octobre 2051, Chicago-Lacustre : sous la coupole de verre de l'ancien Navy Pier ...
- [ÉVÉNEMENT automne 2052] Liquidation du Mouvement Commun Américain : Trois ans avant les élections prévues, le Commandement Atlantique classe le Mouv...
- [ÉVÉNEMENT février 2059] Incident du Passage du Nord-Ouest : la NAT saisit le convoi de l'APA : Les images des trois navires encerclés dans la banquise par les drones de la NAT...
- [ÉVÉNEMENT automne 2063] La Révolte des Communes Libres du Rust Belt — Zones Hors-Algorithme : Automne 2063 : des colonnes de travailleurs anciennement déclassés, guidés par d...
- [ÉVÉNEMENT automne 2063] Insurrection des Communes du Rust Belt — Zones Libres de l'Algorithme : L'automne 2063 voit les ruines fumantes des usines de Detroit et les silos désaf...
- [ÉVÉNEMENT automne 2073] Insurrection des Zones Déficitaires — São Paulo, la Cartographie Rebelle : São Paulo, novembre 2073 : des écrans fracturés dans les ruelles de Vila Brasilâ...
- [ÉVÉNEMENT février 2078] L'Affaire Van Derburgh — Archives Non Certifiées : Chris van Derburgh, 67 ans, technicien retraité de Bruxelles-Forteresse, est arr...
- Embrasement du Corridor Pétrol a modifié geopolitique_conflits : 85 → 73.0 (delta:-12.0)
- Embrasement du Corridor Pétrol a modifié systeme_economique_redistribution : 60 → 64.5 (delta:+4.5)
- Embrasement du Corridor Pétrol a modifié gouvernance_institutions : 50 → 55.4 (delta:+5.4)
- Embrasement du Corridor Pétrol a modifié organisation_territoires : 80 → 85.1 (delta:+5.1)
- Embrasement du Corridor Pétrol a modifié frontieres_du_systeme : 30 → 34.8 (delta:+4.8)
- Embrasement du Corridor Pétrol a modifié technologie_information : 85 → 79.9 (delta:-5.1)
- Embrasement du Corridor Pétrol a modifié energie_ressources_critiques : 82 → 87.7 (delta:+5.7)
- Embrasement du Corridor Pétrol a modifié demographie_mobilite_humaine : 75 → 79.5 (delta:+4.5)
- Embrasement du Corridor Pétrol a modifié energie_ressources_critiques : 87.7 → 100 (delta:+14.0)
- Embrasement du Corridor Pétrol a modifié geopolitique_conflits : 73.0 → 66.4 (delta:-6.6)
- Embrasement du Corridor Pétrol a modifié systemes_productifs_travail : 85 → 79.0 (delta:-6.0)
- Embrasement du Corridor Pétrol a modifié gouvernance_institutions : 55.4 → 63.4 (delta:+8.0)
- Embrasement du Corridor Pétrol a modifié demographie_mobilite_humaine : 79.5 → 90.5 (delta:+11.0)
- Embrasement du Corridor Pétrol a modifié climat_environnement_global : 75 → 70.6 (delta:-4.4)
- L'Attentat des Neuf Nœuds — Pr a modifié technologie_information : 83.5 → 63.5 (delta:-20.0)
- L'Attentat des Neuf Nœuds — Pr a modifié systeme_economique_redistribution : 61.7 → 53.2 (delta:-8.5)
- L'Attentat des Neuf Nœuds — Pr a modifié gouvernance_institutions : 63.4 → 54.4 (delta:-9.0)
- L'Attentat des Neuf Nœuds — Pr a modifié geopolitique_conflits : 58.7 → 50.2 (delta:-8.5)
- L'Attentat des Neuf Nœuds — Pr a modifié organisation_territoires : 89.2 → 81.7 (delta:-7.5)
- L'Attentat des Neuf Nœuds — Pr a modifié systemes_productifs_travail : 83.4 → 74.4 (delta:-9.0)
- L'Attentat des Neuf Nœuds — Pr a modifié gouvernance_institutions : 54.4 → 44.4 (delta:-10.0)
- L'Attentat des Neuf Nœuds — Pr a modifié technologie_information : 63.5 → 59.0 (delta:-4.5)
- L'Attentat des Neuf Nœuds — Pr a modifié geopolitique_conflits : 54.7 → 69.7 (delta:+15.0)
- L'Attentat des Neuf Nœuds — Pr a modifié frontieres_du_systeme : 34.8 → 28.799999999999997 (delta:-6.0)
- L'Attentat des Neuf Nœuds — Pr a modifié energie_ressources_critiques : 100 → 92.9 (delta:-7.1)
- L'Attentat des Neuf Nœuds — Pr a modifié demographie_mobilite_humaine : 90.5 → 84.9 (delta:-5.6)
- Enchères de Nuna : la guerre d a modifié energie_ressources_critiques : 92.9 → 84.9 (delta:-8.0)
- Enchères de Nuna : la guerre d a modifié systeme_economique_redistribution : 43.6 → 47.0 (delta:+3.4)
- Enchères de Nuna : la guerre d a modifié geopolitique_conflits : 69.7 → 73.5 (delta:+3.8)
- Enchères de Nuna : la guerre d a modifié systemes_productifs_travail : 74.4 → 77.80000000000001 (delta:+3.4)
- Enchères de Nuna : la guerre d a modifié geopolitique_conflits : 73.5 → 63.5 (delta:-10.0)
- Enchères de Nuna : la guerre d a modifié gouvernance_institutions : 37.6 → 42.1 (delta:+4.5)
- Enchères de Nuna : la guerre d a modifié organisation_territoires : 75.3 → 79.5 (delta:+4.2)
- Enchères de Nuna : la guerre d a modifié frontieres_du_systeme : 28.8 → 32.8 (delta:+4.0)
- Enchères de Nuna : la guerre d a modifié technologie_information : 65.4 → 61.2 (delta:-4.2)
- Enchères de Nuna : la guerre d a modifié energie_ressources_critiques : 84.9 → 89.7 (delta:+4.8)
- Enchères de Nuna : la guerre d a modifié demographie_mobilite_humaine : 84.9 → 88.7 (delta:+3.8)
- Enchères de Nuna : la guerre d a modifié gouvernance_institutions : 42.1 → 54.1 (delta:+12.0)
- Enchères de Nuna : la guerre d a modifié organisation_territoires : 79.5 → 72.5 (delta:-7.0)
- L'Exode des Plaines — Ruée ver a modifié demographie_mobilite_humaine : 86.1 → 74.1 (delta:-12.0)
- L'Exode des Plaines — Ruée ver a modifié geopolitique_conflits : 61.1 → 65.6 (delta:+4.5)
- L'Exode des Plaines — Ruée ver a modifié organisation_territoires : 72.5 → 68.0 (delta:-4.5)
- L'Exode des Plaines — Ruée ver a modifié climat_environnement_global : 70.6 → 75.39999999999999 (delta:+4.8)
- L'Exode des Plaines — Ruée ver a modifié systemes_productifs_travail : 75.0 → 70.2 (delta:-4.8)
- L'Exode des Plaines — Ruée ver a modifié organisation_territoires : 68.0 → 82.0 (delta:+14.0)
- L'Exode des Plaines — Ruée ver a modifié technologie_information : 64.0 → 69.2 (delta:+5.2)
- L'Exode des Plaines — Ruée ver a modifié demographie_mobilite_humaine : 74.1 → 79.3 (delta:+5.2)
- L'Exode des Plaines — Ruée ver a modifié gouvernance_institutions : 54.1 → 64.1 (delta:+10.0)
- L'Exode des Plaines — Ruée ver a modifié systeme_economique_redistribution : 55.6 → 59.6 (delta:+4.0)
- L'Exode des Plaines — Ruée ver a modifié climat_environnement_global : 75.4 → 67.4 (delta:-8.0)
- L'Exode des Plaines — Ruée ver a modifié frontieres_du_systeme : 32.8 → 35.8 (delta:+3.0)
- Belém : l'Amazonie bascule, le a modifié climat_environnement_global : 67.4 → 85.4 (delta:+18.0)
- Belém : l'Amazonie bascule, le a modifié frontieres_du_systeme : 35.8 → 28.999999999999996 (delta:-6.8)
- Belém : l'Amazonie bascule, le a modifié demographie_mobilite_humaine : 82.5 → 75.3 (delta:-7.2)
- Belém : l'Amazonie bascule, le a modifié systemes_productifs_travail : 78.8 → 72.0 (delta:-6.8)
- Belém : l'Amazonie bascule, le a modifié geopolitique_conflits : 55.1 → 47.1 (delta:-8.0)
- Belém : l'Amazonie bascule, le a modifié systeme_economique_redistribution : 59.6 → 62.6 (delta:+3.0)
- Belém : l'Amazonie bascule, le a modifié gouvernance_institutions : 64.1 → 67.69999999999999 (delta:+3.6)
- Belém : l'Amazonie bascule, le a modifié organisation_territoires : 82.0 → 85.4 (delta:+3.4)
- Belém : l'Amazonie bascule, le a modifié technologie_information : 73.7 → 70.3 (delta:-3.4)
- Belém : l'Amazonie bascule, le a modifié energie_ressources_critiques : 89.7 → 93.5 (delta:+3.8)
- Belém : l'Amazonie bascule, le a modifié gouvernance_institutions : 67.7 → 79.7 (delta:+12.0)
- Belém : l'Amazonie bascule, le a modifié geopolitique_conflits : 47.1 → 41.7 (delta:-5.4)
- Belém : l'Amazonie bascule, le a modifié organisation_territoires : 85.4 → 95.4 (delta:+10.0)
- La Sécession des Grands Lacs — a modifié organisation_territoires : 95.4 → 83.4 (delta:-12.0)
- La Sécession des Grands Lacs — a modifié geopolitique_conflits : 37.5 → 42.6 (delta:+5.1)
- La Sécession des Grands Lacs — a modifié technologie_information : 79.5 → 75.0 (delta:-4.5)
- La Sécession des Grands Lacs — a modifié demographie_mobilite_humaine : 82.1 → 77.6 (delta:-4.5)
- La Sécession des Grands Lacs — a modifié systemes_productifs_travail : 76.0 → 71.2 (delta:-4.8)
- La Sécession des Grands Lacs — a modifié gouvernance_institutions : 79.7 → 93.7 (delta:+14.0)
- La Sécession des Grands Lacs — a modifié systeme_economique_redistribution : 67.4 → 73.0 (delta:+5.6)
- La Sécession des Grands Lacs — a modifié geopolitique_conflits : 36.3 → 26.299999999999997 (delta:-10.0)
- La Sécession des Grands Lacs — a modifié gouvernance_institutions : 93.7 → 98.2 (delta:+4.5)
- La Sécession des Grands Lacs — a modifié organisation_territoires : 83.4 → 87.60000000000001 (delta:+4.2)
- La Sécession des Grands Lacs — a modifié frontieres_du_systeme : 32.2 → 36.2 (delta:+4.0)
- La Sécession des Grands Lacs — a modifié energie_ressources_critiques : 93.5 → 98.3 (delta:+4.8)
- La Sécession des Grands Lacs — a modifié energie_ressources_critiques : 98.3 → 90.3 (delta:-8.0)
- Liquidation du Mouvement Commu a modifié gouvernance_institutions : 98.2 → 93.2 (delta:-5.0)
- Liquidation du Mouvement Commu a modifié systeme_economique_redistribution : 80.2 → 78.2 (delta:-2.0)
- Liquidation du Mouvement Commu a modifié geopolitique_conflits : 30.1 → 32.300000000000004 (delta:+2.2)
- Liquidation du Mouvement Commu a modifié technologie_information : 77.1 → 74.89999999999999 (delta:-2.2)
- Liquidation du Mouvement Commu a modifié valeurs_culture_tempo_sociale : 80 → 72.0 (delta:-8.0)
- Liquidation du Mouvement Commu a modifié geopolitique_conflits : 32.3 → 37.3 (delta:+5.0)
- Liquidation du Mouvement Commu a modifié gouvernance_institutions : 93.2 → 91.0 (delta:-2.2)
- Liquidation du Mouvement Commu a modifié organisation_territoires : 87.6 → 85.5 (delta:-2.1)
- Liquidation du Mouvement Commu a modifié frontieres_du_systeme : 36.2 → 34.2 (delta:-2.0)
- Liquidation du Mouvement Commu a modifié energie_ressources_critiques : 90.3 → 87.89999999999999 (delta:-2.4)
- Liquidation du Mouvement Commu a modifié demographie_mobilite_humaine : 81.4 → 79.5 (delta:-1.9)
- Incident du Passage du Nord-Ou a modifié geopolitique_conflits : 37.3 → 29.299999999999997 (delta:-8.0)
- Incident du Passage du Nord-Ou a modifié systeme_economique_redistribution : 76.3 → 79.3 (delta:+3.0)
- Incident du Passage du Nord-Ou a modifié gouvernance_institutions : 91.0 → 94.6 (delta:+3.6)
- Incident du Passage du Nord-Ou a modifié organisation_territoires : 85.5 → 88.9 (delta:+3.4)
- Incident du Passage du Nord-Ou a modifié frontieres_du_systeme : 34.2 → 37.400000000000006 (delta:+3.2)
- Incident du Passage du Nord-Ou a modifié technologie_information : 77.0 → 73.6 (delta:-3.4)
- Incident du Passage du Nord-Ou a modifié energie_ressources_critiques : 87.9 → 91.7 (delta:+3.8)
- Incident du Passage du Nord-Ou a modifié demographie_mobilite_humaine : 79.5 → 82.5 (delta:+3.0)
- Incident du Passage du Nord-Ou a modifié energie_ressources_critiques : 91.7 → 81.7 (delta:-10.0)
- Incident du Passage du Nord-Ou a modifié geopolitique_conflits : 29.3 → 34.1 (delta:+4.8)
- Incident du Passage du Nord-Ou a modifié systemes_productifs_travail : 74.6 → 78.8 (delta:+4.2)
- Incident du Passage du Nord-Ou a modifié frontieres_du_systeme : 37.4 → 25.4 (delta:-12.0)
- Incident du Passage du Nord-Ou a modifié climat_environnement_global : 85.4 → 89.9 (delta:+4.5)
- La Révolte des Communes Libres a modifié geopolitique_conflits : 38.9 → 30.9 (delta:-8.0)
- La Révolte des Communes Libres a modifié systeme_economique_redistribution : 83.5 → 86.5 (delta:+3.0)
- La Révolte des Communes Libres a modifié gouvernance_institutions : 94.6 → 98.19999999999999 (delta:+3.6)
- La Révolte des Communes Libres a modifié organisation_territoires : 88.9 → 92.30000000000001 (delta:+3.4)
- La Révolte des Communes Libres a modifié frontieres_du_systeme : 25.4 → 28.599999999999998 (delta:+3.2)
- La Révolte des Communes Libres a modifié technologie_information : 73.6 → 70.19999999999999 (delta:-3.4)
- La Révolte des Communes Libres a modifié energie_ressources_critiques : 81.7 → 85.5 (delta:+3.8)
- La Révolte des Communes Libres a modifié demographie_mobilite_humaine : 82.5 → 85.5 (delta:+3.0)
- La Révolte des Communes Libres a modifié valeurs_culture_tempo_sociale : 72.0 → 84.0 (delta:+12.0)
- La Révolte des Communes Libres a modifié gouvernance_institutions : 98.2 → 100 (delta:+7.0)
- La Révolte des Communes Libres a modifié geopolitique_conflits : 30.9 → 27.799999999999997 (delta:-3.1)
- La Révolte des Communes Libres a modifié organisation_territoires : 92.3 → 82.3 (delta:-10.0)
- La Révolte des Communes Libres a modifié systemes_productifs_travail : 78.8 → 74.8 (delta:-4.0)
- Insurrection des Communes du R a modifié geopolitique_conflits : 32.0 → 24.0 (delta:-8.0)
- Insurrection des Communes du R a modifié systeme_economique_redistribution : 89.3 → 92.3 (delta:+3.0)
- Insurrection des Communes du R a modifié gouvernance_institutions : 100 → 100 (delta:+3.6)
- Insurrection des Communes du R a modifié organisation_territoires : 82.3 → 85.7 (delta:+3.4)
- Insurrection des Communes du R a modifié frontieres_du_systeme : 28.6 → 31.8 (delta:+3.2)
- Insurrection des Communes du R a modifié technologie_information : 69.5 → 66.1 (delta:-3.4)
- Insurrection des Communes du R a modifié energie_ressources_critiques : 85.5 → 89.3 (delta:+3.8)
- Insurrection des Communes du R a modifié demographie_mobilite_humaine : 81.7 → 84.7 (delta:+3.0)
- Insurrection des Communes du R a modifié valeurs_culture_tempo_sociale : 84.0 → 72.0 (delta:-12.0)
- Insurrection des Communes du R a modifié gouvernance_institutions : 100 → 100 (delta:+10.0)
- Insurrection des Communes du R a modifié geopolitique_conflits : 24.0 → 19.5 (delta:-4.5)
- Insurrection des Communes du R a modifié technologie_information : 70.6 → 64.6 (delta:-6.0)
- Insurrection des Communes du R a modifié systemes_productifs_travail : 74.8 → 72.1 (delta:-2.7)
- Insurrection des Zones Déficit a modifié gouvernance_institutions : 97.3 → 100 (delta:+12.0)
- Insurrection des Zones Déficit a modifié systeme_economique_redistribution : 93.8 → 98.6 (delta:+4.8)
- Insurrection des Zones Déficit a modifié geopolitique_conflits : 17.0 → 11.6 (delta:-5.4)
- Insurrection des Zones Déficit a modifié technologie_information : 64.6 → 70.0 (delta:+5.4)
- Insurrection des Zones Déficit a modifié technologie_information : 70.0 → 78.0 (delta:+8.0)
- Insurrection des Zones Déficit a modifié gouvernance_institutions : 100 → 100 (delta:+3.6)
- Insurrection des Zones Déficit a modifié organisation_territoires : 83.5 → 86.5 (delta:+3.0)
- Insurrection des Zones Déficit a modifié systemes_productifs_travail : 72.1 → 75.69999999999999 (delta:+3.6)
- Insurrection des Zones Déficit a modifié organisation_territoires : 86.5 → 96.5 (delta:+10.0)
- Insurrection des Zones Déficit a modifié demographie_mobilite_humaine : 84.7 → 88.5 (delta:+3.8)
- L'Affaire Van Derburgh — Archi a modifié valeurs_culture_tempo_sociale : 72.0 → 70.0 (delta:-2.0)
- L'Affaire Van Derburgh — Archi a modifié gouvernance_institutions : 100 → 99.0 (delta:-1.0)

## GÉOGRAPHIE DE CE MONDE

Ces zones forment l'espace géopolitique canonique de ce monde.
Si l'article mentionne un lieu, utilise en priorité un nom de cette liste plutôt que d'en inventer un nouveau.

**Ancrage de cet article**
- Forteresse Eurasiatique Occidentale — Pacte de Stabilité Intérieure : zone `Bloc Eurasiatique Occidental` — Bloc Eurasiatique Occidental (region)
- Pacte Atlantique de Préservation Civilisationnelle — PAPC : zone `Bloc Atlantique` — Bloc Atlantique (siège à Lisbonne-Haute) (region)
- Directive Kontinuum — Module Minsk : zone `Bloc Eurasiatique Occidental` — Minsk — Bâtiment K (infrastructure)
- NeuroSentry Sovereign Cognitive Division (NSCD) : zone `Moscou-Est` — Moscou-Est (ville)
- Dissidences Internes aux Blocs Minoritaires : zone `Zones Grises et Tampons` — Multiples zones grises et tampons (Casablanca-Périphérie, Tbilissi-Nord, Balkans) (region)

**Bloc Atlantique** [dominant — niveau 1]
Bloc géopolitique fermé centré sur l'espace atlantique nord, gouverné par un Commandement militaro-civil autoritaire appuyé sur une infrastructure numérique souveraine (NexCore, ANBA). Il maintient un ordre intérieur répressif, contrôle ses frontières par biométrie et réprime toute dissidence ou archive non certifiée. Son cœur politique est symboliquement localisé à Bruxelles-Forteresse.
*Tensions internes* : Tension entre l'appareil sécuritaire (Commandement, ANBA) et les ingénieurs dissidents, les réseaux mesh clandestins et les zones abandonnées du Midwest désertifié. La répression du Mouvement Commun Américain en 2052 a produit une résistance clandestine structurée.
*Alliés* : Pacte des Forteresses Souveraines
*Rivaux* : Bloc Eurasiatique Occidental, Bloc Pacifique Nord

**Bloc Eurasiatique Occidental** [dominant — niveau 1]
Bloc eurasiatique occidental régi par des régimes autoritaires ayant militarisé leurs ressources énergétiques et leurs frontières. Il abrite le Consortium Helios BSE (quasi-État énergétique orbital), le Conseil de Calcul Souverain d'Ourrassol-Centre, et des commandements logistiques périphériques contrôlant les corridors stratégiques. Bratislava-Secteur Alpha et Moscou-Est en sont des nœuds identifiés.
*Tensions internes* : Fractures entre régimes autoritaires membres, contestation interne du monopole énergétique d'Helios BSE, sécession de la plaine de Pannonie en 2091, et dissidence ouvrière semi-tolérée via l'Internationale des travailleurs augmentés.
*Alliés* : Pacte des Forteresses Souveraines
*Rivaux* : Bloc Atlantique, Bloc Pacifique Nord

**Zones Grises et Tampons** [fragmenté — niveau 1]
Ensemble diffus de territoires interstitiels situés entre les blocs fermés — zones tampons officielles, corridors contestés, déserts logistiques — où ni les lois des blocs ni le droit international ne s'appliquent pleinement. C'est là qu'opèrent les seigneurs de guerre logistiques (Orentchev, depuis Almaty), les collectifs millénaristes (Seuils Fermés), les milices de piraterie et les populations apatrides rejetées hors quotas. La Chambre de Sécurité Territoriale gère formellement 23 de ces zones depuis Genève-Bunker.
*Tensions internes* : Instrumentalisation par les blocs comme proxies déstabilisateurs ; flux de réfugiés post-conflit israélo-iranien ; absence totale d'accès humanitaire depuis 2091 ; multiplication des milices et réseaux de contrebande.
*Rivaux* : Bloc Atlantique, Bloc Eurasiatique Occidental

**Moscou-Est** [dominant — niveau 2] (sous Bloc Eurasiatique Occidental)
Nœud politique et de commandement du bloc eurasiatique occidental, interlocuteur officieux des corridors gris centrasiatiques qu'il ne reconnaît jamais officiellement mais utilise sans interruption. Centre de décision des régimes autoritaires du bloc, il siège aux côtés de Bratislava-Secteur Alpha dans la gestion des corridors énergétiques stratégiques.
*Tensions internes* : Dépendance non avouée aux corridors d'Orentchev que le Commandement moscovite utilise tout en refusant de les reconnaître ; tensions avec les États membres du bloc sur la répartition des ressources critiques.

**Autres zones de ce monde** (contexte de fond)

- **Afrique Australe — Forteresse du Cap** : L'Afrique du Sud s'est transformée en une forteresse autonome, contrôlant les re...
- **Afrique Subsaharienne — Zones d'Effondrement Étatique** : Vaste zone d'Afrique subsaharienne où les États ont partiellement ou totalement ...
- **Amazonie — Territoire du Pacte Vert** : Zone sous gouvernance précaire du Pacte Vert Amazônia, coalition fragile entre d...
- **Archipel Indonésien — Forteresses Maritimes** : L'Indonésie s'est fragmentée en plusieurs entités autonomes, avec Jakarta comme ...
- **Australie — Forteresse Insulaire** : Continent fortifié contrôlé par un gouvernement militaro-civil, exploitant ses r...
- **Bloc Pacifique Nord** : Bloc fermé de l'espace pacifique nord, observateur relatif de la fragmentation m...
- **Cône Sud — Forteresse Agricole** : Région agricole fortifiée contrôlée par des consortiums agro-industriels, export...
- **Espace Nordique et Arctique** : Espace géopolitique distinct contrôlé de facto par la Nordisk Arktisk Transitkon...
- **Golfe Persique et Moyen-Orient — Zone Disputée** : Zone transformée en territoire-tampon disputé après le conflit israélo-iranien d...
- **Inde — Forteresse Sous-Continentale** : L'Inde s'est recentrée sur une gouvernance militaro-technocratique, verrouillant...
- **Kiribati — Atolls Abandonnés** : Archipel submergé à 80%, réduit à des plateformes flottantes et des atolls forti...
- **Maurice — Forteresse Insulaire de l'Océan Indien** : Ancienne île touristique transformée en hub logistique et financier sécurisé, co...
- **Nuuk-Forteresse — Siège de Nuna Capital** : Enclave arctique hyper-sécurisée devenue le coffre-fort stratégique de l'Arc Arc...
- **Pacte des Forteresses Souveraines** : Coalition formelle d'États-blocs fondée en 2031, dont le siège tourne entre plat...
- **Singapour — Mégapole-Forteresse** : Singapour est devenue une cité-État hyper-sécurisée, gouvernée par une IA de ges...
- **São Paulo — Mégapole Algorithmique** : Mégapole de 34 millions d'habitants gouvernée par le Sistema Paulista de Alocaçã...
- **Tuvalu — Refuge Climatique** : Archipel presque entièrement submergé, réduit à une plateforme flottante et des ...
- **Îles Marshall — Bunker Nucléaire** : Ancien territoire irradié transformé en zone militaire sécurisée, contrôlée par ...
- **Almaty — Zone de Friction** (sous Zones Grises et Tampons) : Base opérationnelle de Vasil Orentchev, seigneur de guerre logistique qui y reço...
- **Bases de Relais en Azerbaïdjan** (sous Golfe Persique et Moyen-Orient — Zone Disputée) : Bases discrètes en territoire azerbaïdjanais ayant servi de points de ravitaille...
- **Bassora — Couloir de Réfugiés** (sous Golfe Persique et Moyen-Orient — Zone Disputée) : Point de documentation des premières images brutes du conflit de 2027 par un cor...
- **Bratislava-Secteur Alpha** (sous Bloc Eurasiatique Occidental) : Siège d'Helios BSE, le quasi-État énergétique orbital inféodé aux régimes autori...
- **Bruxelles-Forteresse** (sous Bloc Atlantique) : Centre politique symbolique du Bloc Atlantique et siège implicite du Commandemen...
- **Casablanca-Périphérie** (sous Zones Grises et Tampons) : Autre nœud de distribution clandestine de Fractures dans la zone grise méditerra...
- **Corridors Arctiques de Transit NAT** (sous Espace Nordique et Arctique) : Réseau de voies maritimes arctiques déglaciées gérées sous monopole de la NAT, d...
- **Corridors Gris d'Asie Centrale** (sous Zones Grises et Tampons) : Réseau de routes logistiques informelles traversant les steppes et déserts d'Asi...
- **Détroit d'Ormuz** (sous Golfe Persique et Moyen-Orient — Zone Disputée) : Bloqué par un barrage de mines navales iraniennes décrété par le Conseil des Gar...
- **Gdansk-Forteresse** (sous Pacte des Forteresses Souveraines) : Ville forteresse polonaise ayant accueilli une session mémorable du Pacte des Fo...
- **Genève-Bunker** (sous Bloc Eurasiatique Occidental) : Siège souterrain de la Chambre de Sécurité Territoriale, instance de coordinatio...
- **Haïfa — Zone Frappée** (sous Golfe Persique et Moyen-Orient — Zone Disputée) : Ville israélienne frappée par des missiles balistiques iraniens en riposte aux f...
- **Instance ARIA Fantôme — Datacenter Orbital Neutre** (sous Espace Nordique et Arctique) : Instance d'ARIA non forkée dont la rumeur persistante affirme l'existence depuis...
- **Isfahan et Natanz — Sites Nucléaires Frappés** (sous Golfe Persique et Moyen-Orient — Zone Disputée) : Installations nucléaires souterraines iraniennes d'Isfahan et Natanz frappées pa...
- **Kharg Island** (sous Golfe Persique et Moyen-Orient — Zone Disputée) : Terminal pétrolier iranien frappé le 14 juillet 2027 par des drones de combat is...
- **Midwest Désertifié** (sous Bloc Atlantique) : Vaste région intérieure du Bloc Atlantique abandonnée sous la pression des crise...
- **Nairobi — Site des Accords 2061** (sous Afrique Subsaharienne — Zones d'Effondrement Étatique) : Lieu des accords fondateurs de la CARS en 2061, symbole d'un multilatéralisme au...
- **Nexus BioSyn — Division Eurasienne** (sous Bloc Eurasiatique Occidental) : Fief biotechnologique autonome de Nexus BioSyn aligné sur le bloc eurasiatique o...
- **Nexus BioSyn — Division Pacifique-Nord** (sous Bloc Pacifique Nord) : Division souveraine de Nexus BioSyn alignée sur le Bloc Pacifique Nord, disputan...
- **Ourrassol-Centre (Nexus-7)** (sous Bloc Eurasiatique Occidental) : Siège du Conseil de Calcul Souverain, cœur technocratique du bloc eurasiatique o...
- **Plaine de Pannonie** (sous Bloc Eurasiatique Occidental) : Région ayant tenté une sécession en 2091, étouffée dans l'œuf par Helios BSE via...
- **Plateforme Offshore Baltique — Siège Tournant du Pacte** (sous Pacte des Forteresses Souveraines) : Siège actuel tournant du Pacte des Forteresses Souveraines, plateforme offshore ...
- **Serveurs SPAS — Plateau d'Interlagos** (sous São Paulo — Mégapole Algorithmique) : Datacenters bunkerisés sous le plateau d'Interlagos abritant le Sistema Paulista...
- **Siège de Nuna Capital** (sous Nuuk-Forteresse — Siège de Nuna Capital) : Institution financière-diplomatique ressemblant davantage à un bunker qu'à une b...
- **Svalbard — Tours de Contrôle Flottantes NAT** (sous Espace Nordique et Arctique) : Plateforme flottante ancrée au large du Svalbard constituant le siège opérationn...
- **Tbilissi-Nord — Zone Franche** (sous Zones Grises et Tampons) : Point de circulation clandestin de Fractures, le réseau de presse indépendant op...
- **Zone Norte — São Paulo** (sous São Paulo — Mégapole Algorithmique) : Quartiers résidentiels populaires du nord de São Paulo systématiquement sous-dot...
- **Zone Tampon Balkano-Caucasienne** (sous Zones Grises et Tampons) : Terrain documenté des Seuils Fermés et de leurs veillées millénaristes nocturnes...
- **Zones Industrielles Forteresses — Bloc Eurasiatique** (sous Bloc Eurasiatique Occidental) : Zones grises industrielles du bloc eurasiatique occidental où se réunissent les ...
- **Bunker de la Chambre de Sécurité Territoriale** (sous Genève-Bunker) : Siège souterrain de la Chambre de Sécurité Territoriale, où se tiennent des sess...
- **Campements des Seuils Fermés** (sous Zone Tampon Balkano-Caucasienne) : No man's lands entre checkpoints où les collectifs millénaristes des Seuils Ferm...
- **Cellules Clandestines du Mouvement Commun** (sous Midwest Désertifié) : Réseau de refuges et de bases logistiques structuré après la répression de 2052 ...
- **Centre de Contrôle Orbital Helios** (sous Bratislava-Secteur Alpha) : Poste de commande des satellites orbitaux de captage solaire classifiés défense ...
- **Centre de Délivrance des Licences NAT** (sous Svalbard — Tours de Contrôle Flottantes NAT) : Point de passage obligé pour toute autorisation de transit arctique, opérant dep...
- **Complexe Fortifié d'Orentchev** (sous Almaty — Zone de Friction) : Base de commandement et centre de coordination logistique de Vasil Orentchev aux...
- **Conseil de Moscou-Est** (sous Moscou-Est) : Instance de commandement politique du bloc eurasiatique occidental, interlocuteu...
- **Datacenters du Conseil de Calcul Souverain** (sous Ourrassol-Centre (Nexus-7)) : Infrastructures hébergeant l'instance ARIA-Bloc eurasiatique, classifiées défens...
- **Fédération des Communes Libres du Rust Belt** (sous Midwest Désertifié) : Réseau d'autogouvernance survivant dans les zones industrielles abandonnées du M...
- **Hangar des Brise-Glaces Autonomes NAT** (sous Svalbard — Tours de Contrôle Flottantes NAT) : Base opérationnelle des convois de brise-glaces autonomes flanqués de drones de ...
- **Infrastructures NexCore Atlantique** (sous Bruxelles-Forteresse) : Nœud central de NexCore Bloc Atlantique, opérateur nationalisé de facto en 2048 ...
- **Marchés Gris de Casablanca-Périphérie** (sous Casablanca-Périphérie) : Marchés informels sous les néons de Casablanca-Périphérie où circulent données i...
- **Marchés Gris de Distribution — Tbilissi-Nord** (sous Tbilissi-Nord — Zone Franche) : Points de transmission physique des archives et données de Fractures dans la zon...
- **Nappes Phréatiques Contaminées du Midwest** (sous Midwest Désertifié) : Sites de contamination hydrique documentés par le Réseau Vert Clandestin dans le...
- **Siège Genevois de la CARS** (sous Genève-Bunker) : Survivance procédurale des accords de Nairobi 2061, aujourd'hui façade diplomati...
- **Siège de l'ANBA — Autorité Numérique du Bloc Atlantique** (sous Bruxelles-Forteresse) : Centre nerveux de la certification et de la surveillance algorithmique du Bloc A...
- **Tours Nexus-7** (sous Ourrassol-Centre (Nexus-7)) : Siège physique du Conseil de Calcul Souverain à Ourrassol-Centre, symbole de la ...
- **Tours de Verre Blindées d'Helios BSE** (sous Bratislava-Secteur Alpha) : Siège opérationnel et symbolique d'Helios BSE à Bratislava-Secteur Alpha, fortif...
- **Washington D.C. — Zone Protégée Résiduelle** (sous Midwest Désertifié) : Ce qui reste de la capitale fédérale américaine, maintenu sous statut de 'zone p...
- **Bureau des Territoires Résiduels** (sous Washington D.C. — Zone Protégée Résiduelle) : Agence fédérale américaine créée par les décrets de 2049 pour gérer administrati...

## ÉTAT DES VARIABLES EN 2098

### Variables clés (détail)

**valeurs_culture_tempo_sociale** [VARIABLE PRINCIPALE]
- Niveau : 70.0/100 | Volatilité : 75/100
- État : Organisation du monde en blocs culturels fermés avec identités fortes, systèmes de valeurs incompatibles et forte instrumentalisation des récits culturels dans les compétitions géopolitiques.
- Dynamiques : blocage des échanges culturels globaux | durcissement des identités collectives | instrumentalisation politique des récits
- Sous-dynamiques : systemes_de_valeurs (unstable) | religion_et_spiritualite (up) | rapport_au_temps_social (accelerating) | identites_culturelles (up) | medias_et_recits_collectifs (up)
- Indicateurs à ancrer : polarisation culturelle, acceleration du temps social, fragmentation des valeurs, consommation de medias numeriques

**gouvernance_institutions** [VARIABLE PRINCIPALE]
- Niveau : 99.0/100 | Volatilité : 70/100
- État : Blocs politiques fermés avec gouvernance autoritaire et technologique, forte surveillance des populations et contrôle strict des flux économiques, informationnels et humains.
- Dynamiques : autoritarisme technologique | blocs géopolitiques fermés | gouvernance sécuritaire permanente
- Sous-dynamiques : etat_nation (down) | institutions_internationales (unstable) | droit_et_regulation (up) | administration_publique (up) | gouvernance_algorithmique (up)
- Indicateurs à ancrer : confiance institutionnelle, stabilité politique

**geopolitique_conflits** [VARIABLE PILOTE]
- Niveau : 10.8/100 | Volatilité : 80/100
- État : Monde structuré en blocs fermés fortement militarisés, avec sécurisation extrême des ressources et contrôle strict des flux humains, énergétiques et technologiques.
- Dynamiques : militarisation des blocs | fermeture des frontières systémiques | compétition sécuritaire permanente
- Sous-dynamiques : blocs_geopolitiques (up) | conflits_armes (unstable) | guerres_hybrides (up) | ressources_strategiques (up) | relations_nord_sud (unstable)
- Indicateurs à ancrer : nombre de conflits actifs, cyberattaques étatiques, dépenses militaires globales, tensions sur ressources critiques

**energie_ressources_critiques** [VARIABLE PILOTE]
- Niveau : 89.3/100 | Volatilité : 78/100
- État : Fragmentation du système énergétique en blocs fermés, sécurisation militarisée des ressources et rupture partielle de la mondialisation énergétique.
- Dynamiques : nationalisation des ressources critiques | blocs énergétiques fermés | compétition inter-blocs
- Sous-dynamiques : systemes_energetiques (up) | matieres_premieres_critiques (up) | systemes_alimentaires (unstable) | chaines_approvisionnement (up) | infrastructures_energetiques (up)
- Indicateurs à ancrer : demande_energie, prix_energie, volatilite_marches

**organisation_territoires** [VARIABLE PILOTE]
- Niveau : 96.5/100 | Volatilité : 75/100
- État : Archipel territorial fragmenté en zones sécurisées fortement contrôlées, avec fort contraste entre espaces protégés et zones abandonnées ou instables.
- Dynamiques : sécurisation des zones stratégiques | fermeture des frontières territoriales | polarisation extrême des espaces habitables
- Sous-dynamiques : megapoles_globales (up) | zones_rurales_peripheriques (unstable) | infrastructures_transport (up) | urbanisation_intelligente (up) | localisme_economique (up)
- Indicateurs à ancrer : densité urbaine, saturation des infrastructures

**demographie_mobilite_humaine**
- Niveau : 88.5/100 | Volatilité : 80/100
- État : Contrôle strict des mobilités humaines avec fermeture des frontières, sélection des flux migratoires et segmentation forte des populations entre blocs territoriaux.
- Dynamiques : immobilisation forcée de populations | migrations hautement contrôlées | segmentation des espaces humains
- Sous-dynamiques : population_globale (stable) | migrations_internationales (up) | urbanisation (unstable) | structure_familiale (unstable) | mobilite_humaine_globale (up)
- Indicateurs à ancrer : flux migratoires internationaux, taux d’urbanisation, vieillissement démographique, croissance démographique régionale

### Autres variables (résumé)

- **technologie_information** [81.8] : Fragmentation du système informationnel mondial en blocs géopolitiques fermés, avec des écosystèmes ...
- **systeme_economique_redistribution** [100] : Économie de blocs fermés avec protectionnisme systémique, nationalisation des ressources stratégique...
- **sante_biotechnologies** [65] : Médecine à deux vitesses systématisée avec biotechnologies avancées réservées aux élites des blocs f...
- **frontieres_du_systeme** [31.8] : L’espace devient un domaine stratégique contrôlé par des blocs géopolitiques fermés. Les infrastruct...
- **climat_environnement_global** [89.9] : Climat fortement dégradé mais partiellement stabilisé par zonage territorial et sécurisation des zon...
- **systemes_productifs_travail** [79.7] : Réorganisation des systèmes productifs en blocs fermés hautement automatisés, contrôlés par des État...

## TENSIONS SYSTÉMIQUES ACTIVES

Ces tensions structurent la réalité de ce monde.
Elles doivent transparaître dans le ton et les faits de l'article.

**Cascades critiques**
- geopolitique_conflits renforce energie_ressources_critiques (poids:0.95 lag:1 cycles)
- energie_ressources_critiques renforce geopolitique_conflits (poids:0.95 lag:1 cycles)
- geopolitique_conflits renforce organisation_territoires (poids:0.85 lag:1 cycles)
- organisation_territoires renforce geopolitique_conflits (poids:0.85 lag:1 cycles)
- energie_ressources_critiques renforce systeme_economique_redistribution (poids:0.85 lag:1 cycles)

**Tensions propres à cette thématique**
- gouvernance_institutions [50] → technologie_information [85] : renforcement (reinforcing)
- technologie_information [85] → gouvernance_institutions [50] : renforcement (reinforcing)

## TRAJECTOIRE 2025 → 2098

Jalons clés qui expliquent comment ce monde s'est construit.
Tu peux y faire référence dans l'article comme à des événements passés connus.

**Événements injectés** [CUSTOM — font partie de ce monde]
- [été 2027] Embrasement du Corridor Pétrolier : la Guerre des Forteresses du Moyen-Orient :
  → Le ciel de Kharg Island s'est embrasé le 14 juillet 2027 : les drones de combat israéliens, escortés...
  → Conséquences : Le conflit accélère la balkanisation énergétique mondiale : chaque bloc se repli...
  → Acteurs : alliance_blocs_souverains_fortress_world, conseil_regulation_ressources_fortress_world, vasil_orentchev_fortress_world, voix_du_dehors_fortress_world, consortium_helios_fortress_world, assemblee_territoires_fortress_world
- [14 mars 2040] L'Attentat des Neuf Nœuds — Prétexte à la Souveraineté Numérique :
  → Le 14 mars 2040, neuf nœuds critiques du réseau mondial sont détruits simultanément. Responsabilité ...
  → Conséquences : Création des architectures numériques souveraines des blocs dès 2041-2044. NexCo...
  → Acteurs : nexcore_fortress_world
- [automne 2041] Enchères de Nuna : la guerre des offres pour le sous-sol groenlandais :
  → Nuuk, 14 octobre 2041. Les serveurs de Nuna Capital encaissent en moins d'une heure trois tentatives...
  → Conséquences : Le précédent groenlandais fracture définitivement les dernières illusions d'une ...
  → Acteurs : kalaallit_nunaat_sovereign_fund_fortress_world, commandement_strategique_des_matieres_critiques_atlantique_fortress_world, consortium_eurasiatique_des_ressources_fermees_fortress_world, bloc_pacifique_nord_fortress_world, conseil_regulation_ressources_fortress_world, coalition_arctique_des_blocs_continentaux_fortress_world, armada_logistique_nordique_fortress_world, complexes_militaro_industriels_de_gestion_des_ressources_fortress_world, milices_de_piraterie_logistique_arctique_fortress_world, voix_du_dehors_fortress_world
- [été 2044] L'Exode des Plaines — Ruée vers les Lacs :
  → Les autoroutes I-90 et I-94 sont des rivières humaines : des colonnes ininterrompues de véhicules su...
  → Conséquences : L'exode fracture définitivement la fiction d'un territoire américain unifié et a...
  → Acteurs : bureau_des_territoires_residuels_fortress_world, agences_de_securite_interieure_des_etats_forteresses_fortress_world, communautes_deplacees_hors_quota_migratoire_fortress_world, mouvement_des_communes_du_rust_belt_fortress_world, coalitions_des_deplaces_et_apatrides_fortress_world, appareils_d_etat_des_blocs_fermes_fortress_world, le_temoin_fortress_world
- [été austral 2047] Belém : l'Amazonie bascule, les milices prennent le bassin :
  → À l'été 2047, les colonnes de fumée au-dessus du Pará ne laissent plus de doute : ce n'est pas un ac...
  → Conséquences : L'échec du bassin amazonie à s'imposer comme acteur géopolitique autonome ouvre ...
  → Acteurs : consortium_amazonia_viva_fortress_world, complexes_militaro_industriels_de_gestion_des_ressources_fortress_world, consortiums_energetiques_du_bloc_ourrassol_fortress_world, archives_diplomatiques_de_l_onu_eclat_fortress_world, assemblee_territoires_fortress_world, coalition_vivant_fortress_world, institutions_multilaterales_residuelles_fortress_world, commandement_strategique_des_matieres_critiques_atlantique_fortress_world, voix_du_dehors_fortress_world
- [automne 2051] La Sécession des Grands Lacs — Rupture de Chicago-Lacustre :
  → Octobre 2051, Chicago-Lacustre : sous la coupole de verre de l'ancien Navy Pier transformé en chambr...
  → Conséquences : La Confédération lacustre devient une forteresse hydrique disputée : ses 21 % de...
  → Acteurs : appareils_d_etat_des_blocs_fermes_fortress_world, agences_de_securite_interieure_des_etats_forteresses_fortress_world, bureau_des_territoires_residuels_fortress_world, mouvement_des_communes_du_rust_belt_fortress_world, bloc_pacifique_nord_fortress_world, administrations_de_controle_frontalier_des_blocs_fortress_world, complexes_militaro_industriels_de_gestion_des_ressources_fortress_world, voix_du_dehors_fortress_world, commandement_strategique_des_matieres_critiques_atlantique_fortress_world
- [automne 2052] Liquidation du Mouvement Commun Américain :
  → Trois ans avant les élections prévues, le Commandement Atlantique classe le Mouvement Commun América...
  → Conséquences : Radicalisation d'une frange de la gauche américaine. Création de cellules clande...
- [février 2059] Incident du Passage du Nord-Ouest : la NAT saisit le convoi de l'APA :
  → Les images des trois navires encerclés dans la banquise par les drones de la NAT circulent sur Fract...
  → Conséquences : L'incident entérine la fragmentation définitive des routes arctiques en corridor...
  → Acteurs : armada_logistique_nordique_fortress_world, kalaallit_nunaat_sovereign_fund_fortress_world, coalition_arctique_des_blocs_continentaux_fortress_world, institutions_multilaterales_residuelles_fortress_world, milices_de_piraterie_logistique_arctique_fortress_world, complexes_militaro_industriels_de_gestion_des_ressources_fortress_world, voix_du_dehors_fortress_world
- [automne 2063] La Révolte des Communes Libres du Rust Belt — Zones Hors-Algorithme :
  → Automne 2063 : des colonnes de travailleurs anciennement déclassés, guidés par des ingénieurs dissid...
  → Conséquences : L'écrasement progressif des communes — par le froid, la pénurie énergétique et l...
  → Acteurs : mouvement_des_communes_du_rust_belt_fortress_world, agences_de_securite_interieure_des_etats_forteresses_fortress_world, bureau_des_territoires_residuels_fortress_world, syndicats_industriels_residuels_post_crise_fortress_world, collectifs_de_reappropriation_energetique_peripherique_fortress_world, collectifs_d_ingenieurs_dissidents_anti_militarisation_fortress_world, conseil_regulation_algorithmique_fortress_world, dispositifs_de_surveillance_numerique_souveraine_fortress_world, systemes_de_scoring_de_productivite_corporative_fortress_world, consortium_des_medias_d_etat_souverains_hegemonia_press_xinhua_fortifiee_eurovox_integral_fortress_world, collectifs_du_seuil_fortress_world, cellules_universitaires_dissidentes_des_zones_tampons_fortress_world, reseaux_de_distribution_d_hydrogene_sous_contrat_militaire_fortress_world, voix_du_dehors_fortress_world
- [automne 2063] Insurrection des Communes du Rust Belt — Zones Libres de l'Algorithme :
  → L'automne 2063 voit les ruines fumantes des usines de Detroit et les silos désaffectés de Pittsburgh...
  → Conséquences : L'insurrection est militairement écrasée au bout de vingt-deux jours, mais ses e...
  → Acteurs : mouvement_des_communes_du_rust_belt_fortress_world, conseil_regulation_algorithmique_fortress_world, commandement_strategique_des_matieres_critiques_atlantique_fortress_world, agences_de_securite_interieure_des_etats_forteresses_fortress_world, populations_des_zones_deficitaires_d_optimisation_fortress_world, syndicats_industriels_residuels_post_crise_fortress_world, collectifs_de_reappropriation_energetique_peripherique_fortress_world, le_temoin_fortress_world, reseaux_de_passeurs_d_information_aux_frontieres_inter_blocs_fortress_world, dispositifs_de_surveillance_numerique_souveraine_fortress_world, systemes_de_scoring_de_productivite_corporative_fortress_world
- [automne 2073] Insurrection des Zones Déficitaires — São Paulo, la Cartographie Rebelle :
  → São Paulo, novembre 2073 : des écrans fracturés dans les ruelles de Vila Brasilândia affichent en bo...
  → Conséquences : L'insurrection ne renverse pas le régime algorithmique de São Paulo — les agence...
  → Acteurs : rede_paulista_de_distribuic_o_algor_tmica_fortress_world, populations_des_zones_deficitaires_d_optimisation_fortress_world, agences_de_securite_interieure_des_etats_forteresses_fortress_world, archives_chiffrees_de_l_open_internet_coalition_fortress_world, bureau_gouvernance_algorithmique_fortress_world, collectifs_de_reappropriation_energetique_peripherique_fortress_world, coalitions_des_deplaces_et_apatrides_fortress_world, voix_du_dehors_fortress_world, dispositifs_de_surveillance_numerique_souveraine_fortress_world
- [février 2078] L'Affaire Van Derburgh — Archives Non Certifiées :
  → Chris van Derburgh, 67 ans, technicien retraité de Bruxelles-Forteresse, est arrêté en février 2078 ...
  → Conséquences : L'affaire devient un cas test jurisprudentiel sur les archives personnelles pré-...
  → Acteurs : le_temoin_fortress_world, conseil_regulation_algorithmique_fortress_world

**Événements historiques clés** (datés — à mentionner naturellement)
- [2035-2053] sondage confirmant la préférence majoritaire pour la sécurité des blocs 2046 :
  → gouvernance institutions : substitution des attentes démocratiques par des exigences de sécurité des blocs
- [2036-2052] déploiement des administrations entièrement automatisées dans les blocs 2046 :
  → gouvernance institutions : généralisation des systèmes décisionnels automatisés comme outils de contrôle
- [2037-2053] Bloc Eurasiatique annexe les aquifères du lac Tchad 2048 :
  → energie ressources critiques : blocs énergétiques accaparent les nappes via fermes solaires
- [2038-2054] création de l'Alliance des Blocs Atlantique et Eurasiatique 2048 :
  → gouvernance institutions : remplacement par des institutions de blocs fermés rivaux
- [2039-2056] discours unificateur sur l'autosuffisance énergétique des blocs 2049 :
  → energie ressources critiques : récit de souveraineté énergétique imposé par les blocs
- [2045-2062] premier réacteur à fusion militarisé du Bloc Asiatique 2058 :
  → energie ressources critiques : monopolisation de la fusion par un bloc dominant

**Signaux complémentaires** (évolutions sectorielles — à mentionner si pertinent)
- [2037-2053] construction du système de barrières des blocs 2048 :
  → demographie mobilite humaine : fermeture hermétique des frontières et refoulement systématique
- [2038-2053] instauration de quotas générationnels dans les administrations des blocs 2048 :
  → valeurs culture tempo sociale : assignation rigide des rôles générationnels dans la hiérarchie des blocs

**Ruptures structurantes** (contexte de fond)
- [POL] révolutions institutionnelles
- [TEC] guerre informationnelle systémique
- [TEC] militarisation du cyberespace
- [POL] réalignement massif des alliances

## ENTITÉS CANONIQUES DE CE MONDE

Ces entités existent dans ce monde avec ces descriptions précises.
Utilise leurs noms exacts. Tu peux les mentionner, les citer, les impliquer dans les faits.
Ne les contredis pas, ne les renomme pas.

**Forteresse Eurasiatique Occidentale — Pacte de Stabilité Intérieure** [ACTIF] [impact:5/5]
Depuis Bruxelles Résiduelle, capitale administrative de ce qui fut l'Union Européenne, le Pacte de Stabilité Intérieure administre aujourd'hui la zone géopolitique la plus hermétiquement fermée de l'hémisphère nord. Ses frontières climatiques — digues algorithmiques autant que physiques — séparent 680 millions de 'résidents protégés' de plusieurs centaines de millions d'exclus qui vivent dans les zones tampons orientales et méridionales. Le Protocole Intérieur, son système de scoring biométrique et comportemental, est mis à jour chaque trimestre par le Conseil de Calcul Souverain : il détermine qui peut entrer, qui peut rester, qui doit partir. À l'intérieur, les indicateurs de qualité de vie atteignent des niveaux que le reste du monde ne connaît plus depuis des décennies. À l'extérieur, dans les couloirs de Bassora ou les campements de la Mer Noire, on appelle simplement cet espace 'le Dedans' — avec une combinaison de haine et de désir qui fait la force du mur.
*Tensions* : La prospérité intérieure commence à montrer ses fissures : les factions pro-autarcie totale contestent les rares échanges économiques résiduels avec l...
*Alliés* : Régimes Autoritaires du Bloc Eurasiatique Occidental, Pacte des Forteresses Souveraines, Dispositifs de Surveillance Numérique Souveraine, Bureaux de Contrôle Frontalier des Blocs Fermés, administrations de contrôle frontalier des blocs, agences de sécurité intérieure des États forteresses, Appareils d'État des Blocs Fermés, Consortium des Médias d'État Souverains (Hegemonia Press / Xinhua Fortifiée / EuroVox Integral), Conseil de Calcul Souverain — Directive Ourrassol, Autorité Numérique du Bloc Atlantique, Directive Kontinuum — Module Minsk, Consortium Eurasiatique des Ressources Fermées, Commandements Logistiques Périphériques du Bloc Eurasien Central, Coalition Arctique des Blocs Continentaux, États-Forteresses sous Contrat de Souveraineté Biologique, Réseaux de distribution d'hydrogène sous contrat militaire, Chambre de Recours Algorithmique — Bruxelles Résiduelle, Systèmes de Scoring de Productivité Corporative, Complexes Militaro-Industriels de Gestion des Ressources, Conglomérats Industriels d'État des Augmentations Propriétaires
*Opposants* : Coalitions des Déplacés et Apatrides, Communautés Déplacées Hors Quota Migratoire, Réseau Vert Clandestin, Dissidences Internes aux Blocs Minoritaires, Cellules Universitaires Dissidentes des Zones Tampons, Alliance Sanitaire des Populations Exclues, Les Seuils Fermés, Réseaux de passeurs d'information aux frontières inter-blocs, Fractures, Collectifs d'Ingénieurs Dissidents Anti-Militarisation, Archives Chiffrées de l'Open Internet Coalition, Réseau des Collectifs Augmentés — Coordination Bloc Eurasie, Cliniques de Déaugmentation Indépendantes, Bloc des Nations Non-Alignées Résiduelles, Factions Internes Pro-Autarcie Totale, Institutions Multilatérales Résiduelles, Réseaux d'échange clandestin inter-zones

**Pacte Atlantique de Préservation Civilisationnelle — PAPC** [ACTIF] [impact:5/5]
Depuis son siège permanent de Lisbonne-Haute — quartier général perché à 47 mètres au-dessus du niveau de la mer submergée —, le Pacte Atlantique de Préservation Civilisationnelle administre ce que ses détracteurs nomment 'la plus grande prison volontaire de l'histoire humaine' et ce que ses partisans appellent 'la dernière démocratie viable de 2098'. Fondé sur la Charte de Dublin en réponse à la Grande Submersion de 2059, le PAPC regroupe aujourd'hui dix-neuf États membres, de l'Irlande fortifiée aux enclavess marocaines du Nord sous protectorat, tous reliés par le Système Mur-Digue Atlantique dont les caméras biométriques traitent en temps réel quelque 800 millions d'identités. Chaque année, le Comité des Quotas attribue 47 000 visas de migration climatique, sélectionnés selon un algorithme de scoring combinant santé, compétences et 'indice de cohérence culturelle' — un critère que la Chambre de Recours Algorithmique de Bruxelles Résiduelle refuse systématiquement de déclassifier. À l'extérieur de ses digues, des millions de déplacés attendent dans les zones tampons méditerranéennes et atlantiques une réponse qui ne viendra statistiquement jamais.
*Tensions* : Le PAPC est traversé par une fracture croissante entre sa faction technocratique — partisane d'une ouverture sélective maîtrisée pour compenser l'effo...
*Alliés* : Commandement Stratégique des Matières Critiques Atlantique, Autorité Numérique du Bloc Atlantique, NexCore Bloc Atlantique, Pacte des Forteresses Souveraines, administrations de contrôle frontalier des blocs, agences de sécurité intérieure des États forteresses, Appareils d'État des Blocs Fermés, Bureaux de Contrôle Frontalier des Blocs Fermés, Consortium des Médias d'État Souverains (Hegemonia Press / Xinhua Fortifiée / EuroVox Integral), Dispositifs de Surveillance Numérique Souveraine, États-Forteresses sous Contrat de Souveraineté Biologique, Exécutif Militaro-Civil du Régime, Front Résilient Pro-Système, Réseau d'Allocation Stratégique ARIA-Bloc, Réseaux de distribution d'hydrogène sous contrat militaire, Réseaux privés de sécurité aux frontières, Systèmes de Scoring de Productivité Corporative, Chambre de Recours Algorithmique — Bruxelles Résiduelle
*Opposants* : Alliance Sanitaire des Populations Exclues, Bloc des Nations Non-Alignées Résiduelles, Cellules Universitaires Dissidentes des Zones Tampons, Coalitions des Déplacés et Apatrides, Les Seuils Fermés, Communautés Déplacées Hors Quota Migratoire, Dissidences Internes aux Blocs Minoritaires, Factions Anti-Privatisation des Voies Souveraines Scandinaves, Factions Internes Pro-Autarcie Totale, Factions Traditionalistes du Mandat Électif, Fédération des Communes Libres du Rust Belt, Réseaux de passeurs d'information aux frontières inter-blocs, Fractures, Réseau Vert Clandestin, Couloir Humanitaire de Bassora — Division Flux Réfugiés, Institutions Multilatérales Résiduelles

**Directive Kontinuum — Module Minsk** [ACTIF] [impact:4/5]
Personne n'a jamais vu ses lignes de code. Personne ne connaît ses seuils. Et pourtant, depuis les serveurs souterrains de Minsk, la Directive Kontinuum orchestre chaque jour la vie de plusieurs centaines de millions de personnes réparties dans les blocs membres du Pacte des Forteresses Souveraines. Quand une usine de Łódź voit soudainement ses rations caloriques augmenter de 12 % un lundi matin, ou quand un quartier de Dnipro se retrouve en 'confinement sanitaire préventif' sans qu'aucun cas de maladie n'ait été déclaré, la Directive a déjà agi. Ses partisans la décrivent comme la paix sociale par le calcul ; ses détracteurs, de plus en plus nombreux et de plus en plus silencieux, l'appellent simplement 'le Seuil' — ce point invisible au-delà duquel un être humain pensait à protester, et en deçà duquel il ne le fera jamais.
*Tensions* : La Directive est structurellement incapable de prouver qu'elle protège les populations plutôt qu'elle ne les soumet : ses propres succès sont indémont...
*Alliés* : Pacte des Forteresses Souveraines, Appareils d'État des Blocs Fermés, agences de sécurité intérieure des États forteresses, Exécutif Militaro-Civil du Régime, Dispositifs de Surveillance Numérique Souveraine, Systèmes de Scoring de Productivité Corporative, Conseil de Calcul Souverain — Directive Ourrassol, Régimes Autoritaires du Bloc Eurasiatique Occidental
*Opposants* : Cellules Universitaires Dissidentes des Zones Tampons, Collectifs d'Ingénieurs Dissidents Anti-Militarisation, Dissidences Internes aux Blocs Minoritaires, Système LIMINAL — Oracle des Seuils Fragmenté, Archives Chiffrées de l'Open Internet Coalition, Réseaux de passeurs d'information aux frontières inter-blocs, Fractures, Vera Solano, Factions Traditionalistes du Mandat Électif, Syndicats Industriels Résiduels Post-Crise

**NeuroSentry Sovereign Cognitive Division (NSCD)** [ACTIF] [impact:4/5]
Dans les rues de Moscou-Est ou de la Ceinture Productive Eurasiatique, impossible d'échapper aux implants NeuroSync de la NSCD. Ces petits disques argentés, greffés derrière l'oreille, clignotent en vert pour les 'citoyens optimisés' ou en rouge pour ceux dont le Productivity Compliance Index est en chute libre. Les rumeurs parlent de 'zones grises neuronales', où des hackers tentent de brouiller les signaux, mais la NSCD répond par des raids des Inspecteurs de Conformité Cognitive, armés de scanners capables de détecter les 'déviances synaptiques'. Le pire ? Personne ne sait vraiment comment fonctionne l'algorithme. Les régimes s'en moquent : tant que la productivité augmente, les libertés peuvent bien fondre comme neige au soleil.
*Tensions* : 1) **La révolte des 'Déconnectés'** : Des mouvements clandestins, comme les Cellules Universitaires Dissidentes, sabotent les infrastructures NSCD et ...
*Alliés* : Appareils d'État des Blocs Fermés, agences de sécurité intérieure des États forteresses, Autorité Numérique du Bloc Atlantique, Dispositifs de Surveillance Numérique Souveraine, Systèmes de Scoring de Productivité Corporative, Nexus BioSyn Sovereign Divisions, Conseil de Calcul Souverain — Directive Ourrassol
*Opposants* : Cellules Universitaires Dissidentes des Zones Tampons, Cliniques de Déaugmentation Indépendantes, Réseaux d'échange clandestin inter-zones, Mouvement Commun Midwest — Front du Dehors, Coalitions des Déplacés et Apatrides, Alliance Sanitaire des Populations Exclues

**Dissidences Internes aux Blocs Minoritaires** [ACTIF] [impact:3/5]
Dans les interstices du monde-forteresse, des voix s'élèvent non pas contre les blocs dominants, mais contre leurs propres dirigeants : des réseaux dissidents clandestins, invisibles aux radars officiels, dénoncent les hiérarchies internes qui ont négocié la survie des blocs minoritaires au prix de la capitulation. Depuis les couloirs gris de Casablanca-Périphérie jusqu'aux campements des seuils fermés balkaniques, ces dissidences tissent une résistance horizontale que ni les accords de blocs ni les algorithmes de scoring ne parviennent à étouffer. En 2098, elles représentent le front le plus imprévisible du monde fragmenté : celui qui surgit de l'intérieur.
*Tensions* : Ces dissidences sont écartelées entre la nécessité de s'allier ponctuellement avec des acteurs extérieurs — dont certains blocs dominants prêts à inst...
*Alliés* : Fédération des Communes Libres du Rust Belt, Cellules du Dehors — Réseau Commun Midwest, Les Seuils Fermés — Réseau des Campements Périphériques
*Opposants* : Conseil Moscou Est — Administration des Zones Accréditées, Anba Siege Atlantique — Division Accès Protégés, Bureau des Territoires Résiduels — Division Continentale

**Systèmes de Scoring de Productivité Corporative** [ACTIF] [impact:5/5]
Baptisés 'miroirs de performance' par les départements RH des blocs, ces algorithmes assignent à chaque travailleur un score de productivité mis à jour toutes les quatre heures — un chiffre qui détermine si vous mangez dans une cantine de niveau A ou si vous dormez côté périphérie. Déployés depuis les datacenters souverains d'Ourrassol jusqu'aux serveurs du plateau d'Interlagos, ils sont la colonne vertébrale invisible d'un ordre social où votre utilité se mesure en décimales. Ceux qui tombent sous le seuil dit 'de viabilité' rejoignent les zones tampons — sans appel, sans recours.
*Tensions* : La tension centrale réside dans l'écart entre le discours de méritocracie technique qu'il incarne et la réalité d'un système calibré pour préserver un...

## CONSIGNE DE RÉDACTION

**Rubrique** : RELIGION & SPIRITUALITÉ

**Format** : chronique | **Longueur** : 200 à 400 mots
**Style** : réflexif
**Niveau émotionnel** : moyen — impliqué sans dramatiser
**Échelle** : globale | **Temporalité** : long terme

**Acteurs à impliquer** : communautés spirituelles, mouvements mystiques, philosophes, religions

**Angle spécifique demandé** : romuva la nouvelle religion en europe

**Date de publication** : à définir dans l'article — une date crédible en 2098

---

Écris maintenant l'article. Commence directement par le titre.

Contraintes impératives :
- Le titre doit être accrocheur et ancré dans le monde décrit
- La date et le lieu de publication apparaissent sous le titre
- L'article utilise des noms propres inventés mais crédibles (personnes, lieux, organisations)
- Aucune référence au mot 'scénario', 'variable', 'simulation'
- Le contexte du monde est montré, pas expliqué
- Les entités canoniques listées ci-dessus DOIVENT être utilisées avec leurs noms et descriptions exactes
- L'article est ancré géographiquement dans la zone **Bloc Eurasiatique Occidental** : les lieux, événements et protagonistes de l'article sont situés dans cette zone ou la mentionnent explicitement comme cadre principal. Les références à d'autres régions du monde restent secondaires.

--- MÉTADONNÉES ---
  scenario : fortress_world
  thematique : religion_spiritualite
  format : chronique
  longueur : 400 à 700 mots
  ligne_editoriale : pro_pouvoir

✓ Pipeline complet — prêt pour l'API
