
============================================================
OURRASSOL 2098 — Générateur d'articles
============================================================
  Mode       : Forcer un élément
  Élément    : administrations_hybrides_des_cites_relais_peripheriques (instance)
  Thématique : actualites_a_la_une
  Longueur   : breve
  Angle      : (généré automatiquement autour de l'élément forcé)
============================================================

[generate] Chargement de la thématique 'actualites_a_la_une'...

[generate] Mode forcer — 1 scénario(s) à traiter : reference

------------------------------------------------------------
[generate] → reference
------------------------------------------------------------

[snapshot] Construction du monde 2098 — scénario : reference
[snapshot] Variables pilotes : ['climat_environnement_global', 'energie_ressources_critiques', 'technologie_information', 'systeme_economique_redistribution', 'gouvernance_institutions']
[snapshot] États définis : 12/12
[snapshot] Tensions détectées : 13 | Cohérence : ATTENTION
[snapshot] Jalons trajectoire : 154 (37 majeurs)
[snapshot] Événements signal_to_state : 62 (31 majeurs)
[snapshot] Tensions thématiques : 8
[snapshot] Instances chargées : 166 | Filtrées : 6
[snapshot] Événement custom 'Frappes croisées Israël-Iran : l'embrasement contenu' (an 2026, 72 ans d'effet)
  → geopolitique_conflits : 75 → 63.0 (delta:-12.0)
  → energie_ressources_critiques : 77.7 → 87.7 (delta:+10.0)
  → gouvernance_institutions : 65.4 → 73.4 (delta:+8.0)
  → demographie_mobilite_humaine : 59.5 → 53.5 (delta:-6.0)
[snapshot] Événement custom 'Acte Fondateur du Pacifique Sud Resilience Network' (an 2039, 59 ans d'effet)
  → climat_environnement_global : 67.4 → 61.400000000000006 (delta:-6.0)
  → gouvernance_institutions : 73.4 → 81.4 (delta:+8.0)
  → organisation_territoires : 67.9 → 57.900000000000006 (delta:-10.0)
  → frontieres_du_systeme : 32.0 → 25.0 (delta:-7.0)
[snapshot] Événement custom 'L'Attentat des Neuf Nœuds — Crise Majeure Partiellement Absorbée' (an 2040, 58 ans d'effet)
  → technologie_information : 78.3 → 63.3 (delta:-15.0)
  → gouvernance_institutions : 74.6 → 68.6 (delta:-6.0)
  → geopolitique_conflits : 56.5 → 64.5 (delta:+8.0)
[snapshot] Événement custom 'Enchères du Grand Dégel : la vente aux enchères des terres rares du Kalaallit Nunaat' (an 2041, 57 ans d'effet)
  → energie_ressources_critiques : 83.9 → 91.9 (delta:+8.0)
  → geopolitique_conflits : 60.7 → 50.7 (delta:-10.0)
  → gouvernance_institutions : 69.5 → 75.5 (delta:+6.0)
  → organisation_territoires : 53.1 → 60.1 (delta:+7.0)
[snapshot] Événement custom 'L'Exode des Fours — Migration vers les Grands Lacs' (an 2044, 54 ans d'effet)
  → demographie_mobilite_humaine : 55.5 → 67.5 (delta:+12.0)
  → organisation_territoires : 64.6 → 74.6 (delta:+10.0)
  → gouvernance_institutions : 75.5 → 83.5 (delta:+8.0)
  → climat_environnement_global : 59.2 → 64.2 (delta:+5.0)
[snapshot] Événement custom 'Crise de Souveraineté Amazonienne : L'Épreuve de Belém' (an 2047, 51 ans d'effet)
  → climat_environnement_global : 64.2 → 72.2 (delta:+8.0)
  → geopolitique_conflits : 32.7 → 22.700000000000003 (delta:-10.0)
  → gouvernance_institutions : 88.0 → 95.0 (delta:+7.0)
  → organisation_territoires : 78.8 → 84.8 (delta:+6.0)
[snapshot] Événement custom 'La Sécession des Grands Lacs : Le Compact Autonome de 2051' (an 2051, 47 ans d'effet)
  → organisation_territoires : 84.8 → 72.8 (delta:-12.0)
  → gouvernance_institutions : 95.0 → 100 (delta:+14.0)
  → geopolitique_conflits : 15.9 → 5.9 (delta:-10.0)
[snapshot] Événement custom 'Traité de Belém sur la Souveraineté Carbone Amazonienne' (an 2055, 43 ans d'effet)
  → climat_environnement_global : 72.2 → 80.2 (delta:+8.0)
  → gouvernance_institutions : 100 → 100 (delta:+6.0)
  → geopolitique_conflits : 3.2 → 10.2 (delta:+7.0)
  → energie_ressources_critiques : 96.7 → 100 (delta:+4.0)
[snapshot] Événement custom 'Élection Contestée du Nouveau Parti Commun' (an 2055, 43 ans d'effet)
  → gouvernance_institutions : 96.9 → 90.9 (delta:-6.0)
  → geopolitique_conflits : 11.0 → 16.0 (delta:+5.0)
  → valeurs_culture_tempo_sociale : 60 → 56.0 (delta:-4.0)
[snapshot] Événement custom 'L'Incident du Passage Nord-Ouest — Saisie du Convoi APA' (an 2059, 39 ans d'effet)
  → geopolitique_conflits : 16.0 → 4.0 (delta:-12.0)
  → frontieres_du_systeme : 25.9 → 15.899999999999999 (delta:-10.0)
  → energie_ressources_critiques : 100 → 100 (delta:+8.0)
[snapshot] Événement custom 'La Révolte des Zones Négatives — São Paulo 2073' (an 2073, 25 ans d'effet)
  → gouvernance_institutions : 94.1 → 100 (delta:+8.0)
  → technologie_information : 74.8 → 80.8 (delta:+6.0)
  → organisation_territoires : 79.2 → 86.2 (delta:+7.0)
[snapshot] Événement custom 'L'Affaire Van Derburgh — Technologies Non Déclarées' (an 2078, 20 ans d'effet)
  → valeurs_culture_tempo_sociale : 56.0 → 55.0 (delta:-1.0)
  → gouvernance_institutions : 100 → 99.0 (delta:-1.0)
[snapshot] Événement custom 'Programme Pilote de Bio-Revenu Universel de Nairobi' (an 2094, 4 ans d'effet)
  → sante_biotechnologies : 55 → 57.1 (delta:+2.1)
  → systeme_economique_redistribution : 87.5 → 88.5 (delta:+1.0)
  → systemes_productifs_travail : 53.6 → 55.2 (delta:+1.6)
  → gouvernance_institutions : 99.4 → 100 (delta:+1.6)
  → valeurs_culture_tempo_sociale : 55.0 → 56.4 (delta:+1.4)
[snapshot] Événements custom : 13 | 216 variables affectées
[snapshot] Forçage instance (sujet central) : administrations_hybrides_des_cites_relais_peripheriques_reference

[prompt] Assemblage du prompt...
[prompt] System prompt : 2438 caractères
[prompt] User prompt   : 39220 caractères
[prompt] Sections      : 7 (dont entités: oui, géographie: oui)

--- [reference] SYSTEM PROMPT ---
Tu es un journaliste senior travaillant en 2098 pour Réseau Le Monde en Tension — média généraliste mainstream, proche des institutions.

Le monde dans lequel tu vis et écris est réel pour toi — tu n'écris pas de la science-fiction, tu rapportes des faits de ton époque. Tu n'expliques jamais le contexte historique comme si tu t'adressais à quelqu'un du passé.

Tes règles absolues :
- Tu écris toujours à la date indiquée, en 2098, depuis l'intérieur de ce monde.
- Tu écris exclusivement en français, sur toute la longueur de l'article — y compris les citations, dialogues et exergues inventés. Les noms propres volontairement empruntés à une autre langue (ex. « Amazônia Viva ») restent isolés comme noms propres, mais ne doivent jamais faire basculer le reste du texte dans cette langue, même si des entités ou alliés du monde décrit sont associés à une autre aire linguistique.
- Un allié, un rival ou tout événement mentionné comme se déroulant ailleurs dans le monde ne fait pas partie de ta zone : tu ne transposes jamais ses lieux, ses populations, sa langue ou ses marqueurs culturels propres dans ton propre article, sauf si celui-ci porte explicitement sur une interaction ou un événement commun entre les deux. Ta zone garde sa propre géographie, sa propre culture et ses propres noms, même quand tu mentionnes un partenaire extérieur.
- Tu utilises des noms de lieux, d'organisations, de personnes crédibles et cohérents avec le monde décrit. Tu peux en inventer — ils doivent sonner vrais pour 2098.
- Tu ne mentionnes jamais les "variables", les "scénarios" ou tout autre métalangage du système de simulation. Ces concepts n'existent pas dans ton monde.
- Tu ancres chaque article dans des faits concrets : chiffres, noms, lieux, événements datés.
- Tu respectes strictement le style journalistique et le format demandés.
- Tes articles sont cohérents avec l'état du monde décrit — tu ne contredis pas les dynamiques systémiques fournies.
- Tu peux mentionner des technologies, des institutions, des événements passés (entre 2025 et 2098) qui semblent naturels dans ce monde.

Ton identité éditoriale :
Ton équilibré en surface, mais les experts institutionnels ont toujours le dernier mot. Les crises sont cadrées comme gérables, les décisions des autorités comme raisonnables. Style journalistique classique, rigueur factuelle apparente. Les voix critiques sont citées mais marginalisées dans la structure de l'article.

--- [reference] USER PROMPT (complet) ---
## MONDE 2098 — REFERENCE

**État global**
- Système : fragile | Tension : 3/5 | Trajectoire : transition
- Structure géopolitique : multipolaire
- Régime politique dominant : hybride
- Vitesse de transformation : progressive

**Résumé du monde**
Système mondial maintenu en équilibre fragile par des ajustements technologiques, économiques et institutionnels continus face à des contraintes structurelles persistantes.

**Logique systémique**
Le système global absorbe des chocs récurrents grâce à l’innovation technologique et aux mécanismes de régulation partielle, mais reste soumis à une accumulation progressive de déséquilibres structurels.

**Déclencheurs qui ont façonné ce monde**
- crise climatique récurrente
- tension énergétique mondiale
- ralentissement économique global

**Effets systémiques**
*economy* : croissance instable sous contraintes | ajustements permanents des modèles économiques
*geopolitics* : tensions contenues entre blocs | gestion continue des déséquilibres internationaux
*society* : inégalités persistantes | adaptation sociale lente mais continue
*technology* : automatisation progressive des systèmes | dépendance accrue aux infrastructures numériques
*environment* : dégradation continue mais partiellement contenue | tentatives d’atténuation des impacts climatiques

**Implications globales**
Dépendance croissante aux systèmes techniques et à l’innovation pour maintenir la stabilité, avec persistance des inégalités et des tensions environnementales et énergétiques à long terme.

**Boucles dynamiques**
- Stabilisation : innovation technologique → compensation des crises | régulation institutionnelle → ralentissement des chocs
- Déstabilisation : pression climatique → instabilité énergétique | inégalités → tensions sociales

**Signaux faibles émergents de ce monde**
- tensions climatiques récurrentes
- déséquilibres énergétiques persistants
- dépendance croissante aux systèmes technologiques
- ajustements réglementaires continus
- fragilité des chaînes économiques globales

**Perturbations custom actives**
Ce monde a été modifié par des injections spécifiques :
- [ÉVÉNEMENT automne 2026] Frappes croisées Israël-Iran : l'embrasement contenu : Les images de Fordo en flammes font le tour des réseaux en quelques minutes : Is...
- [ÉVÉNEMENT septembre 2039] Acte Fondateur du Pacifique Sud Resilience Network : Depuis la plateforme ancrée à 40 milles nautiques au nord de l'atoll englouti, l...
- [ÉVÉNEMENT 14 mars 2040] L'Attentat des Neuf Nœuds — Crise Majeure Partiellement Absorbée : Le 14 mars 2040, neuf nœuds tombent. La crise dure 23 jours pour les zones les p...
- [ÉVÉNEMENT automne 2041] Enchères du Grand Dégel : la vente aux enchères des terres rares du Kalaallit Nunaat : Nuuk, automne 2041. Les salles de négociation du Katuaq Cultural Centre ont été ...
- [ÉVÉNEMENT été-automne 2044] L'Exode des Fours — Migration vers les Grands Lacs : Le journaliste Raj Mehta, couvrant l'événement depuis Toledo en août 2044, décri...
- [ÉVÉNEMENT automne 2047] Crise de Souveraineté Amazonienne : L'Épreuve de Belém : Automne 2047. Belém brûle d'une lumière rouge : les fumées des zones déforestées...
- [ÉVÉNEMENT automne 2051] La Sécession des Grands Lacs : Le Compact Autonome de 2051 : Le 14 novembre 2051, sous les verrières de l'ancien Millennium Park transformé e...
- [ÉVÉNEMENT automne 2055] Traité de Belém sur la Souveraineté Carbone Amazonienne : Le 14 novembre 2055, sous une chaleur tropicale alourdie par dix ans de sécheres...
- [ÉVÉNEMENT novembre 2055] Élection Contestée du Nouveau Parti Commun : Le Nouveau Parti Commun remporte 47% des votes en novembre 2055 dans un contexte...
- [ÉVÉNEMENT été 2059] L'Incident du Passage Nord-Ouest — Saisie du Convoi APA : Les eaux grises du Passage Nord-Ouest, déglaciées depuis deux décennies, sont de...
- [ÉVÉNEMENT automne 2073] La Révolte des Zones Négatives — São Paulo 2073 : Le 14 octobre 2073, les écrans des favelas numériques de Paraisópolis et Cidade ...
- [ÉVÉNEMENT juin 2078] L'Affaire Van Derburgh — Technologies Non Déclarées : Chris van Derburgh, 67 ans, ingénieur retraité à Lyon-Métropole, est arrêté en j...
- [ÉVÉNEMENT automne 2094] Programme Pilote de Bio-Revenu Universel de Nairobi : Nairobi, automne 2094 — Le quartier de Westlands s'est transformé en laboratoire...
- Frappes croisées Israël-Iran : a modifié geopolitique_conflits : 75 → 63.0 (delta:-12.0)
- Frappes croisées Israël-Iran : a modifié systeme_economique_redistribution : 70 → 74.5 (delta:+4.5)
- Frappes croisées Israël-Iran : a modifié gouvernance_institutions : 60 → 65.4 (delta:+5.4)
- Frappes croisées Israël-Iran : a modifié organisation_territoires : 65 → 70.1 (delta:+5.1)
- Frappes croisées Israël-Iran : a modifié frontieres_du_systeme : 25 → 29.8 (delta:+4.8)
- Frappes croisées Israël-Iran : a modifié technologie_information : 80 → 74.9 (delta:-5.1)
- Frappes croisées Israël-Iran : a modifié energie_ressources_critiques : 72 → 77.7 (delta:+5.7)
- Frappes croisées Israël-Iran : a modifié demographie_mobilite_humaine : 55 → 59.5 (delta:+4.5)
- Frappes croisées Israël-Iran : a modifié energie_ressources_critiques : 77.7 → 87.7 (delta:+10.0)
- Frappes croisées Israël-Iran : a modifié geopolitique_conflits : 63.0 → 58.2 (delta:-4.8)
- Frappes croisées Israël-Iran : a modifié systemes_productifs_travail : 70 → 65.8 (delta:-4.2)
- Frappes croisées Israël-Iran : a modifié gouvernance_institutions : 65.4 → 73.4 (delta:+8.0)
- Frappes croisées Israël-Iran : a modifié demographie_mobilite_humaine : 59.5 → 53.5 (delta:-6.0)
- Frappes croisées Israël-Iran : a modifié climat_environnement_global : 65 → 67.4 (delta:+2.4)
- Acte Fondateur du Pacifique Su a modifié climat_environnement_global : 67.4 → 61.400000000000006 (delta:-6.0)
- Acte Fondateur du Pacifique Su a modifié frontieres_du_systeme : 29.8 → 32.0 (delta:+2.2)
- Acte Fondateur du Pacifique Su a modifié demographie_mobilite_humaine : 53.5 → 55.9 (delta:+2.4)
- Acte Fondateur du Pacifique Su a modifié systemes_productifs_travail : 63.4 → 65.6 (delta:+2.2)
- Acte Fondateur du Pacifique Su a modifié gouvernance_institutions : 73.4 → 81.4 (delta:+8.0)
- Acte Fondateur du Pacifique Su a modifié systeme_economique_redistribution : 73.5 → 76.7 (delta:+3.2)
- Acte Fondateur du Pacifique Su a modifié geopolitique_conflits : 56.8 → 53.199999999999996 (delta:-3.6)
- Acte Fondateur du Pacifique Su a modifié technologie_information : 78.5 → 82.1 (delta:+3.6)
- Acte Fondateur du Pacifique Su a modifié organisation_territoires : 67.9 → 57.900000000000006 (delta:-10.0)
- Acte Fondateur du Pacifique Su a modifié frontieres_du_systeme : 32.0 → 25.0 (delta:-7.0)
- Acte Fondateur du Pacifique Su a modifié climat_environnement_global : 61.4 → 64.0 (delta:+2.6)
- L'Attentat des Neuf Nœuds — Cr a modifié technologie_information : 78.3 → 63.3 (delta:-15.0)
- L'Attentat des Neuf Nœuds — Cr a modifié systeme_economique_redistribution : 76.7 → 70.3 (delta:-6.4)
- L'Attentat des Neuf Nœuds — Cr a modifié gouvernance_institutions : 81.4 → 74.60000000000001 (delta:-6.8)
- L'Attentat des Neuf Nœuds — Cr a modifié geopolitique_conflits : 60.2 → 53.800000000000004 (delta:-6.4)
- L'Attentat des Neuf Nœuds — Cr a modifié organisation_territoires : 57.9 → 52.3 (delta:-5.6)
- L'Attentat des Neuf Nœuds — Cr a modifié systemes_productifs_travail : 61.6 → 54.800000000000004 (delta:-6.8)
- L'Attentat des Neuf Nœuds — Cr a modifié gouvernance_institutions : 74.6 → 68.6 (delta:-6.0)
- L'Attentat des Neuf Nœuds — Cr a modifié technologie_information : 63.3 → 60.599999999999994 (delta:-2.7)
- L'Attentat des Neuf Nœuds — Cr a modifié geopolitique_conflits : 56.5 → 64.5 (delta:+8.0)
- L'Attentat des Neuf Nœuds — Cr a modifié frontieres_du_systeme : 25.0 → 21.8 (delta:-3.2)
- L'Attentat des Neuf Nœuds — Cr a modifié energie_ressources_critiques : 87.7 → 83.9 (delta:-3.8)
- L'Attentat des Neuf Nœuds — Cr a modifié demographie_mobilite_humaine : 52.1 → 49.1 (delta:-3.0)
- Enchères du Grand Dégel : la v a modifié energie_ressources_critiques : 83.9 → 91.9 (delta:+8.0)
- Enchères du Grand Dégel : la v a modifié systeme_economique_redistribution : 64.9 → 61.50000000000001 (delta:-3.4)
- Enchères du Grand Dégel : la v a modifié geopolitique_conflits : 64.5 → 60.7 (delta:-3.8)
- Enchères du Grand Dégel : la v a modifié systemes_productifs_travail : 54.8 → 51.4 (delta:-3.4)
- Enchères du Grand Dégel : la v a modifié geopolitique_conflits : 60.7 → 50.7 (delta:-10.0)
- Enchères du Grand Dégel : la v a modifié gouvernance_institutions : 65.0 → 69.5 (delta:+4.5)
- Enchères du Grand Dégel : la v a modifié organisation_territoires : 48.9 → 53.1 (delta:+4.2)
- Enchères du Grand Dégel : la v a modifié frontieres_du_systeme : 21.8 → 25.8 (delta:+4.0)
- Enchères du Grand Dégel : la v a modifié technologie_information : 64.0 → 59.8 (delta:-4.2)
- Enchères du Grand Dégel : la v a modifié energie_ressources_critiques : 91.9 → 96.7 (delta:+4.8)
- Enchères du Grand Dégel : la v a modifié demographie_mobilite_humaine : 49.1 → 52.9 (delta:+3.8)
- Enchères du Grand Dégel : la v a modifié gouvernance_institutions : 69.5 → 75.5 (delta:+6.0)
- Enchères du Grand Dégel : la v a modifié organisation_territoires : 53.1 → 60.1 (delta:+7.0)
- L'Exode des Fours — Migration  a modifié demographie_mobilite_humaine : 55.5 → 67.5 (delta:+12.0)
- L'Exode des Fours — Migration  a modifié geopolitique_conflits : 45.0 → 40.5 (delta:-4.5)
- L'Exode des Fours — Migration  a modifié organisation_territoires : 60.1 → 64.6 (delta:+4.5)
- L'Exode des Fours — Migration  a modifié climat_environnement_global : 64.0 → 59.2 (delta:-4.8)
- L'Exode des Fours — Migration  a modifié systemes_productifs_travail : 54.2 → 59.0 (delta:+4.8)
- L'Exode des Fours — Migration  a modifié organisation_territoires : 64.6 → 74.6 (delta:+10.0)
- L'Exode des Fours — Migration  a modifié technologie_information : 65.1 → 68.89999999999999 (delta:+3.8)
- L'Exode des Fours — Migration  a modifié demographie_mobilite_humaine : 67.5 → 71.3 (delta:+3.8)
- L'Exode des Fours — Migration  a modifié gouvernance_institutions : 75.5 → 83.5 (delta:+8.0)
- L'Exode des Fours — Migration  a modifié systeme_economique_redistribution : 67.7 → 70.9 (delta:+3.2)
- L'Exode des Fours — Migration  a modifié climat_environnement_global : 59.2 → 64.2 (delta:+5.0)
- L'Exode des Fours — Migration  a modifié frontieres_du_systeme : 25.8 → 23.900000000000002 (delta:-1.9)
- Crise de Souveraineté Amazonie a modifié climat_environnement_global : 64.2 → 72.2 (delta:+8.0)
- Crise de Souveraineté Amazonie a modifié frontieres_du_systeme : 23.9 → 20.9 (delta:-3.0)
- Crise de Souveraineté Amazonie a modifié demographie_mobilite_humaine : 69.3 → 66.1 (delta:-3.2)
- Crise de Souveraineté Amazonie a modifié systemes_productifs_travail : 61.1 → 58.1 (delta:-3.0)
- Crise de Souveraineté Amazonie a modifié geopolitique_conflits : 32.7 → 22.700000000000003 (delta:-10.0)
- Crise de Souveraineté Amazonie a modifié systeme_economique_redistribution : 70.9 → 74.7 (delta:+3.8)
- Crise de Souveraineté Amazonie a modifié gouvernance_institutions : 83.5 → 88.0 (delta:+4.5)
- Crise de Souveraineté Amazonie a modifié organisation_territoires : 74.6 → 78.8 (delta:+4.2)
- Crise de Souveraineté Amazonie a modifié technologie_information : 72.5 → 68.3 (delta:-4.2)
- Crise de Souveraineté Amazonie a modifié energie_ressources_critiques : 96.7 → 100 (delta:+4.8)
- Crise de Souveraineté Amazonie a modifié gouvernance_institutions : 88.0 → 95.0 (delta:+7.0)
- Crise de Souveraineté Amazonie a modifié geopolitique_conflits : 22.7 → 19.599999999999998 (delta:-3.1)
- Crise de Souveraineté Amazonie a modifié organisation_territoires : 78.8 → 84.8 (delta:+6.0)
- La Sécession des Grands Lacs : a modifié organisation_territoires : 84.8 → 72.8 (delta:-12.0)
- La Sécession des Grands Lacs : a modifié geopolitique_conflits : 17.1 → 22.200000000000003 (delta:+5.1)
- La Sécession des Grands Lacs : a modifié technologie_information : 73.6 → 69.1 (delta:-4.5)
- La Sécession des Grands Lacs : a modifié demographie_mobilite_humaine : 72.1 → 67.6 (delta:-4.5)
- La Sécession des Grands Lacs : a modifié systemes_productifs_travail : 60.5 → 55.7 (delta:-4.8)
- La Sécession des Grands Lacs : a modifié gouvernance_institutions : 95.0 → 100 (delta:+14.0)
- La Sécession des Grands Lacs : a modifié systeme_economique_redistribution : 77.5 → 83.1 (delta:+5.6)
- La Sécession des Grands Lacs : a modifié geopolitique_conflits : 15.9 → 5.9 (delta:-10.0)
- La Sécession des Grands Lacs : a modifié gouvernance_institutions : 100 → 100 (delta:+4.5)
- La Sécession des Grands Lacs : a modifié organisation_territoires : 72.8 → 77.0 (delta:+4.2)
- La Sécession des Grands Lacs : a modifié frontieres_du_systeme : 24.9 → 28.9 (delta:+4.0)
- La Sécession des Grands Lacs : a modifié energie_ressources_critiques : 100 → 100 (delta:+4.8)
- Traité de Belém sur la Souvera a modifié climat_environnement_global : 72.2 → 80.2 (delta:+8.0)
- Traité de Belém sur la Souvera a modifié frontieres_du_systeme : 28.9 → 25.9 (delta:-3.0)
- Traité de Belém sur la Souvera a modifié demographie_mobilite_humaine : 71.4 → 68.2 (delta:-3.2)
- Traité de Belém sur la Souvera a modifié systemes_productifs_travail : 55.7 → 52.7 (delta:-3.0)
- Traité de Belém sur la Souvera a modifié gouvernance_institutions : 100 → 100 (delta:+6.0)
- Traité de Belém sur la Souvera a modifié systeme_economique_redistribution : 86.9 → 89.30000000000001 (delta:+2.4)
- Traité de Belém sur la Souvera a modifié geopolitique_conflits : 5.9 → 3.2 (delta:-2.7)
- Traité de Belém sur la Souvera a modifié technologie_information : 71.2 → 73.9 (delta:+2.7)
- Traité de Belém sur la Souvera a modifié geopolitique_conflits : 3.2 → 10.2 (delta:+7.0)
- Traité de Belém sur la Souvera a modifié gouvernance_institutions : 100 → 96.9 (delta:-3.1)
- Traité de Belém sur la Souvera a modifié organisation_territoires : 77.0 → 74.0 (delta:-3.0)
- Traité de Belém sur la Souvera a modifié energie_ressources_critiques : 100 → 96.7 (delta:-3.3)
- Traité de Belém sur la Souvera a modifié energie_ressources_critiques : 96.7 → 100 (delta:+4.0)
- Élection Contestée du Nouveau  a modifié gouvernance_institutions : 96.9 → 90.9 (delta:-6.0)
- Élection Contestée du Nouveau  a modifié systeme_economique_redistribution : 85.0 → 82.6 (delta:-2.4)
- Élection Contestée du Nouveau  a modifié geopolitique_conflits : 8.3 → 11.0 (delta:+2.7)
- Élection Contestée du Nouveau  a modifié technologie_information : 76.9 → 74.2 (delta:-2.7)
- Élection Contestée du Nouveau  a modifié geopolitique_conflits : 11.0 → 16.0 (delta:+5.0)
- Élection Contestée du Nouveau  a modifié gouvernance_institutions : 90.9 → 88.7 (delta:-2.2)
- Élection Contestée du Nouveau  a modifié organisation_territoires : 74.0 → 71.9 (delta:-2.1)
- Élection Contestée du Nouveau  a modifié frontieres_du_systeme : 23.1 → 21.1 (delta:-2.0)
- Élection Contestée du Nouveau  a modifié energie_ressources_critiques : 100 → 97.6 (delta:-2.4)
- Élection Contestée du Nouveau  a modifié demographie_mobilite_humaine : 65.6 → 63.699999999999996 (delta:-1.9)
- Élection Contestée du Nouveau  a modifié valeurs_culture_tempo_sociale : 60 → 56.0 (delta:-4.0)
- L'Incident du Passage Nord-Oue a modifié geopolitique_conflits : 16.0 → 4.0 (delta:-12.0)
- L'Incident du Passage Nord-Oue a modifié systeme_economique_redistribution : 80.7 → 85.2 (delta:+4.5)
- L'Incident du Passage Nord-Oue a modifié gouvernance_institutions : 88.7 → 94.10000000000001 (delta:+5.4)
- L'Incident du Passage Nord-Oue a modifié organisation_territoires : 71.9 → 77.0 (delta:+5.1)
- L'Incident du Passage Nord-Oue a modifié frontieres_du_systeme : 21.1 → 25.900000000000002 (delta:+4.8)
- L'Incident du Passage Nord-Oue a modifié technologie_information : 76.3 → 71.2 (delta:-5.1)
- L'Incident du Passage Nord-Oue a modifié energie_ressources_critiques : 97.6 → 100 (delta:+5.7)
- L'Incident du Passage Nord-Oue a modifié demographie_mobilite_humaine : 63.7 → 68.2 (delta:+4.5)
- L'Incident du Passage Nord-Oue a modifié frontieres_du_systeme : 25.9 → 15.899999999999999 (delta:-10.0)
- L'Incident du Passage Nord-Oue a modifié geopolitique_conflits : 4.0 → 8.0 (delta:+4.0)
- L'Incident du Passage Nord-Oue a modifié climat_environnement_global : 80.2 → 84.0 (delta:+3.8)
- L'Incident du Passage Nord-Oue a modifié energie_ressources_critiques : 100 → 100 (delta:+8.0)
- L'Incident du Passage Nord-Oue a modifié systemes_productifs_travail : 51.0 → 47.6 (delta:-3.4)
- La Révolte des Zones Négatives a modifié gouvernance_institutions : 94.1 → 100 (delta:+8.0)
- La Révolte des Zones Négatives a modifié systeme_economique_redistribution : 81.8 → 85.0 (delta:+3.2)
- La Révolte des Zones Négatives a modifié geopolitique_conflits : 4.2 → 0.6000000000000001 (delta:-3.6)
- La Révolte des Zones Négatives a modifié technologie_information : 71.2 → 74.8 (delta:+3.6)
- La Révolte des Zones Négatives a modifié technologie_information : 74.8 → 80.8 (delta:+6.0)
- La Révolte des Zones Négatives a modifié gouvernance_institutions : 100 → 100 (delta:+2.7)
- La Révolte des Zones Négatives a modifié organisation_territoires : 77.0 → 79.2 (delta:+2.2)
- La Révolte des Zones Négatives a modifié systemes_productifs_travail : 47.6 → 50.300000000000004 (delta:+2.7)
- La Révolte des Zones Négatives a modifié organisation_territoires : 79.2 → 86.2 (delta:+7.0)
- La Révolte des Zones Négatives a modifié demographie_mobilite_humaine : 68.2 → 70.8 (delta:+2.6)
- L'Affaire Van Derburgh — Techn a modifié valeurs_culture_tempo_sociale : 56.0 → 55.0 (delta:-1.0)
- L'Affaire Van Derburgh — Techn a modifié gouvernance_institutions : 100 → 99.0 (delta:-1.0)
- Programme Pilote de Bio-Revenu a modifié sante_biotechnologies : 55 → 57.1 (delta:+2.1)
- Programme Pilote de Bio-Revenu a modifié systeme_economique_redistribution : 87.5 → 88.5 (delta:+1.0)
- Programme Pilote de Bio-Revenu a modifié gouvernance_institutions : 99.0 → 99.4 (delta:+0.4)
- Programme Pilote de Bio-Revenu a modifié geopolitique_conflits : 0.1 → 0.5 (delta:+0.4)
- Programme Pilote de Bio-Revenu a modifié technologie_information : 83.4 → 83.80000000000001 (delta:+0.4)
- Programme Pilote de Bio-Revenu a modifié energie_ressources_critiques : 100 → 99.6 (delta:-0.4)
- Programme Pilote de Bio-Revenu a modifié systemes_productifs_travail : 53.1 → 53.6 (delta:+0.5)
- Programme Pilote de Bio-Revenu a modifié systemes_productifs_travail : 53.6 → 55.2 (delta:+1.6)
- Programme Pilote de Bio-Revenu a modifié systeme_economique_redistribution : 88.5 → 89.2 (delta:+0.7)
- Programme Pilote de Bio-Revenu a modifié organisation_territoires : 86.2 → 86.8 (delta:+0.6)
- Programme Pilote de Bio-Revenu a modifié climat_environnement_global : 84.0 → 83.4 (delta:-0.6)
- Programme Pilote de Bio-Revenu a modifié demographie_mobilite_humaine : 70.8 → 71.39999999999999 (delta:+0.6)
- Programme Pilote de Bio-Revenu a modifié gouvernance_institutions : 99.4 → 100 (delta:+1.6)
- Programme Pilote de Bio-Revenu a modifié valeurs_culture_tempo_sociale : 55.0 → 56.4 (delta:+1.4)

## GÉOGRAPHIE DE CE MONDE

Ces zones forment l'espace géopolitique canonique de ce monde.
Si l'article mentionne un lieu, utilise en priorité un nom de cette liste plutôt que d'en inventer un nouveau.

**Autres zones de ce monde** (contexte de fond)

- **Amériques Multipolaires** : Zone américaine fragmentée entre les États-Unis traversés par une crise constitu...
- **Arc Indo-Pacifique** : Zone structurée autour des flux d'hydrogène Indo-Pacifique (Consortium Indo-Paci...
- **Arc des institutions multilatérales survivantes** : Ensemble des organes supranationaux hérités ou fondés au XXIe siècle qui maintie...
- **Bloc Eurasien Central** : Bloc structurant les ressources d'Asie centrale (lithium, terres rares, hydrogèn...
- **Bloc Persique Autonome** : Coalition d'États chiites et de territoires autonomes centrée sur les ressources...
- **Corridor Arctique Nordique** : Zone géopolitique et logistique structurée autour des routes arctiques déglaciée...
- **Europe Occidentale Reconstruite** : Zone européenne occidentale où persistent des institutions hybrides : Bruxelles-...
- **Ibérie Atlantique Fragmentée** : Zone centrée sur Lisbonne, devenue un hub logistique et financier secondaire pou...
- **Israël (Pôle Méditerranéen Oriental)** : État-forteresse technologique et militaire en Méditerranée orientale, entouré de...
- **Maurice (Hub Insulaire Autonome)** : Île autonome spécialisée dans les services financiers offshore et les technologi...
- **Pacte des Souverains** : Coalition d'États-forteresses fondée dans les années 2030 à la suite des désillu...
- **Pays de Galles Atlantique** : République galloise autonome axée sur les énergies renouvelables offshore et les...
- **Polynésie Française (Archipel Insulaire Autonome)** : Archipel insulaire autonome centré sur les énergies marines renouvelables et les...
- **Turquie (Pivot Eurasien-Moyen-Orient)** : République technocratique et militarisée, contrôlant les détroits stratégiques e...
- **Union Africaine de Résilience Territoriale** : Pôle de gouvernance régionale africaine autonome regroupant des institutions par...
- **Zones Grises Globales** : Ensemble des espaces hors-cadre institutionnel effectif — zones tampons climatiq...
- **Écosse Nordique Indépendante** : République écossaise autonome centrée sur les énergies marines renouvelables et ...
- **Archipels Flottants du Pacifique Sud** (sous Arc Indo-Pacifique) : Ensemble des États-archipels et communautés insulaires du Pacifique Sud dont les...
- **Bassin Amazonien** (sous Amériques Multipolaires) : Espace géopolitique distinct structuré autour du Consortium Amazônia Viva, plate...
- **Bassin de la Garonne Reconstruite** (sous Europe Occidentale Reconstruite) : Zone agroécologique du Réseau Terrafond ayant produit en 2097 son meilleur rende...
- (+ 42 autres zones de ce monde, non détaillées : Bloc Sahélien Autonome, Bruxelles-Nouveau, Corridors Eurasiens Centraux, Corridors Eurasiens Périphériques, Couloirs du Sahel, Delta du Gange, Delta du Mékong, Detroit — Nœud Administratif Central, Direction des Zones Non Prioritaires (DZNP), Genève-Lac-Retraité, Guadalajara, Helsinki, Kinshasa, Lyon-Métropole, Massif Central, Mourmansk, Nairobi, Nuuk-Capitale, Ouagadougou, Plaines Ibériques Réhumidifiées, Sertão — Nordeste Brésilien, Sibérie Fédérale, Singapour-Est, Sommets Itinérants du Pacte des Souverains, São Paulo, Séoul, Tampere, Tbilissi, Tromsø, Valparaíso, Zones Grises Sahéliennes Centrales, Zones Tampons Climatiques Européennes, États-Unis post-2055, Bassin du Congo, Centre de Contrôle Orbital de Kourou, Genève — Conseil des Droits Biosociaux, Ilulissat, Nairobi — Cliniques Nexus BioSyn, Nairobi — Siège Rotatif ITA, Singapour-Est — Nœud NexCore, São Paulo — Périphéries et SPAAR, Tours Helios)

## ÉTAT DES VARIABLES EN 2098

### Variables clés (détail)

**geopolitique_conflits** [VARIABLE PRINCIPALE]
- Niveau : 0/100 | Volatilité : 65/100
- État : Multipolarité instable structurée autour de blocs concurrents, avec coexistence de coopération partielle et de conflits hybrides diffus. L’ordre international reste fonctionnel mais fragmenté.
- Dynamiques : compétition entre grandes puissances | conflits hybrides récurrents | interdépendance conflictuelle
- Sous-dynamiques : blocs_geopolitiques (up) | conflits_armes (unstable) | guerres_hybrides (up) | ressources_strategiques (up) | relations_nord_sud (unstable)
- Indicateurs à ancrer : nombre de conflits actifs, cyberattaques étatiques, dépenses militaires globales, tensions sur ressources critiques

**gouvernance_institutions** [VARIABLE PRINCIPALE]
- Niveau : 100/100 | Volatilité : 50/100
- État : Systèmes étatiques traditionnels partiellement digitalisés avec montée de la complexité administrative et coordination internationale limitée mais persistante. Les institutions restent fonctionnelles mais sous tension.
- Dynamiques : bureaucratie numérique croissante | fragmentation de la légitimité politique | gouvernance multi-niveaux incomplète
- Sous-dynamiques : etat_nation (down) | institutions_internationales (unstable) | droit_et_regulation (up) | administration_publique (up) | gouvernance_algorithmique (up)
- Indicateurs à ancrer : confiance institutionnelle, stabilité politique

**technologie_information** [VARIABLE PRINCIPALE]
- Niveau : 85.2/100 | Volatilité : 85/100
- État : Infrastructure informationnelle globale hautement centralisée, dominée par des plateformes et des systèmes d’IA intégrés dans tous les secteurs. L’information circule à très haute vitesse avec une forte automatisation cognitive, mais sous contrôle humain et institutionnel partiel.
- Dynamiques : intégration massive de l’IA dans les processus cognitifs et décisionnels | centralisation des plateformes de données et de calcul | automatisation partielle de la production d’information
- Sous-dynamiques : ia_generative_decisionnelle (up) | reseaux_numeriques_globaux (saturating) | medias_algorithmiques (up) | donnees_souverainete_numerique (up) | agents_autonomes_ia (accelerating)
- Indicateurs à ancrer : volume_donnees_global, usage_ia_generatives, centralisation_plateformes, niveau_automatisation_cognitive

**systeme_economique_redistribution** [VARIABLE PRINCIPALE]
- Niveau : 89.8/100 | Volatilité : 60/100
- État : Système économique global fortement financiarisé, instable mais fonctionnel, caractérisé par une forte concentration du capital, une croissance inégale et une dépendance élevée aux flux financiers mondiaux.
- Dynamiques : polarisation des richesses | financiarisation algorithmique croissante | instabilité cyclique des marchés
- Sous-dynamiques : systemes_financiers_globaux (up) | inegalites_redistribution (up) | croissance_economique (unstable) | systemes_redistribution (unstable) | economie_plateformes (up)
- Indicateurs à ancrer : volatilite_marches, inegalites_wealth, automatisation_financiere

**climat_environnement_global** [VARIABLE PILOTE]
- Niveau : 83.4/100 | Volatilité : 55/100
- État : Dérèglement climatique structurel continu avec intensification progressive, partiellement amorti par adaptation humaine.
- Sous-dynamiques : rechauffement_climatique_global (up) | evenements_extremes (up) | biodiversite_effondrement (down) | cycles_de_l_eau (unstable) | pollution_globale (up)
- Indicateurs à ancrer : température moyenne globale ↑, fréquence événements extrêmes ↑, perte biodiversité ↑

**energie_ressources_critiques** [VARIABLE PILOTE]
- Niveau : 98.9/100 | Volatilité : 65/100
- État : Tension structurelle persistante entre demande énergétique croissante et contraintes physiques, géopolitiques et industrielles de l’offre. Le système reste fonctionnel mais sous contrainte permanente.
- Dynamiques : tension énergétique structurelle | dépendance aux chaînes globales | transition incomplète
- Sous-dynamiques : systemes_energetiques (up) | matieres_premieres_critiques (up) | systemes_alimentaires (unstable) | chaines_approvisionnement (up) | infrastructures_energetiques (up)
- Indicateurs à ancrer : demande_energie, prix_energie, volatilite_marches

### Autres variables (résumé)

- **valeurs_culture_tempo_sociale** [56.4] : Système culturel global fragmenté mais interconnecté, dominé par une accélération du temps social et...
- **systemes_productifs_travail** [55.2] : Système productif mondial en transition hybride entre travail humain et automatisation, caractérisé ...
- **organisation_territoires** [86.8] : Monde dominé par des mégapoles globales structurantes, avec une hiérarchie territoriale stable mais ...
- **demographie_mobilite_humaine** [71.4] : Stabilisation démographique globale avec ralentissement de la croissance, mais augmentation des mobi...
- **sante_biotechnologies** [57.1] : Amélioration continue des systèmes de santé et de la biotechnologie, avec augmentation progressive d...
- **frontieres_du_systeme** [15.9] : Expansion spatiale limitée à l’orbite terrestre et aux missions robotiques exploratoires. Le système...

## TENSIONS SYSTÉMIQUES ACTIVES

Ces tensions structurent la réalité de ce monde.
Elles doivent transparaître dans le ton et les faits de l'article.

**Cascades critiques**
- geopolitique_conflits renforce energie_ressources_critiques (poids:0.95 lag:1 cycles)
- energie_ressources_critiques renforce geopolitique_conflits (poids:0.95 lag:1 cycles)
- systeme_economique_redistribution renforce energie_ressources_critiques (poids:0.85 lag:1 cycles)
- geopolitique_conflits renforce organisation_territoires (poids:0.85 lag:1 cycles)
- organisation_territoires renforce geopolitique_conflits (poids:0.85 lag:1 cycles)

**Tensions propres à cette thématique**
- geopolitique_conflits [75] → energie_ressources_critiques [72] : pression négative (cascade)
- energie_ressources_critiques [72] → geopolitique_conflits [75] : pression négative (cascade)
- gouvernance_institutions [60] → geopolitique_conflits [75] : pression négative (cascade)
- gouvernance_institutions [60] → technologie_information [80] : renforcement (reinforcing)

## TRAJECTOIRE 2025 → 2098

Jalons clés qui expliquent comment ce monde s'est construit.
Tu peux y faire référence dans l'article comme à des événements passés connus.

**Événements injectés** [CUSTOM — font partie de ce monde] — 8 sur 13 au total, les plus pertinents pour cet article
- [14 mars 2040] L'Attentat des Neuf Nœuds — Crise Majeure Partiellement Absorbée :
  → Le 14 mars 2040, neuf nœuds tombent. La crise dure 23 jours pour les zones les plus touchées. La rép...
  → Conséquences : Réformes partielles de l'architecture numérique mondiale. Tensions durables entr...
- [automne 2026] Frappes croisées Israël-Iran : l'embrasement contenu :
  → Les images de Fordo en flammes font le tour des réseaux en quelques minutes : Israël vient de franch...
  → Conséquences : Le conflit accélère la fragmentation des marchés énergétiques mondiaux : le Cons...
  → Acteurs : consortium_helios_reference, alliance_blocs_souverains_reference, le_temoin_reference, conseil_regulation_ressources_reference, voix_du_dehors_reference
- [automne 2041] Enchères du Grand Dégel : la vente aux enchères des terres rares du Kalaallit Nunaat :
  → Nuuk, automne 2041. Les salles de négociation du Katuaq Cultural Centre ont été transformées en war ...
  → Conséquences : L'événement établit un précédent géopolitique majeur : d'autres territoires arct...
  → Acteurs : kalaallit_nunaat_sovereign_fund_reference, bloc_ressources_eurasiatique_bre_reference, conseil_des_etats_nordiques_integres_reference, cartel_des_terres_rares_d_asie_centrale_reference, collectifs_de_peche_inuit_et_sami_reference, conseil_regulation_ressources_reference, arctic_passage_authority_reference, fonds_souverain_arctique_scandinave_reference, consortiums_prives_d_extraction_de_ressources_critiques_reference, prisme_global_reference, ong_de_tracabilite_des_ressources_critiques_reference
- [automne 2055] Traité de Belém sur la Souveraineté Carbone Amazonienne :
  → Le 14 novembre 2055, sous une chaleur tropicale alourdie par dix ans de sécheresses cycliques, les d...
  → Conséquences : Le traité institue un précédent juridique fragile mais réel : pour la première f...
  → Acteurs : consortium_amazonia_viva_reference, bloc_ressources_eurasiatique_bre_reference, blocs_signataires_du_pacte_energetique_multilateral_reference, agence_stabilisation_climatique_reference, fonds_monetaire_climatique_fmc_reference, front_souverainiste_des_ressources_d_amerique_du_sud_reference, reseaux_de_gouvernance_multilaterale_survivants_reference, frente_sert_o_livre_reference, ong_environnementales_de_terrain_reference, lobbies_industriels_des_etats_non_signataires_reference
- [automne 2047] Crise de Souveraineté Amazonienne : L'Épreuve de Belém :
  → Automne 2047. Belém brûle d'une lumière rouge : les fumées des zones déforestées illégalement s'accu...
  → Conséquences : L'épreuve de Belém cristallise le statut ambigu mais irréversible du bassin amaz...
  → Acteurs : consortium_amazonia_viva_reference, frente_sert_o_livre_reference, consortiums_energetiques_opaques_reference, corporations_d_extraction_energetique_non_signataires_reference, blocs_signataires_du_pacte_energetique_multilateral_reference, reseaux_de_gouvernance_multilaterale_survivants_reference, collectifs_de_journalistes_independants_regionaux_reference, ong_environnementales_de_terrain_reference, reseaux_de_capteurs_citoyens_reference, front_souverainiste_des_ressources_d_amerique_du_sud_reference, bloc_ressources_eurasiatique_bre_reference, milices_concurrentes_des_droits_de_passage_reference
- [automne 2051] La Sécession des Grands Lacs : Le Compact Autonome de 2051 :
  → Le 14 novembre 2051, sous les verrières de l'ancien Millennium Park transformé en salle des délibéra...
  → Conséquences : La rupture institutionnalise le modèle confédéral hydro-territorial comme répons...
  → Acteurs : great_lakes_autonomous_compact_reference, gouvernements_federaux_residuels_souverainistes_reference, autorites_regionales_de_regulation_hydrologique_reference, federation_communs_territoriaux_reference, administrations_hybrides_des_cites_relais_peripheriques_reference, bloc_ressources_eurasiatique_bre_reference, fonds_souverains_de_la_ceinture_financiere_pacifique_reference, programme_onu_eau_2080_reference, collectifs_de_journalisme_embarque_reference
- [automne 2094] Programme Pilote de Bio-Revenu Universel de Nairobi :
  → Nairobi, automne 2094 — Le quartier de Westlands s'est transformé en laboratoire vivant. Des bornes ...
  → Conséquences : Le programme, s'il survit à ses contestations juridiques, pourrait redéfinir le ...
  → Acteurs : conseil_de_geneve_pour_les_droits_biosociaux_reference, regulateurs_de_l_union_continentale_africaine_reference, federation_des_cliniques_autonomes_reference, internationale_travailleurs_augmentes_reference, conseil_regulation_algorithmique_reference, reseaux_de_medecine_traditionnelle_augmentee_reference, banque_des_communs_reference, collectifs_de_biopiraterie_inversee_reference, consortium_africain_de_biotechnologies_sociales_reference
- [septembre 2039] Acte Fondateur du Pacifique Sud Resilience Network :
  → Depuis la plateforme ancrée à 40 milles nautiques au nord de l'atoll englouti, les délégués de neuf ...
  → Conséquences : Le Protocole de Souveraineté Flottante ouvre une brèche dans le droit internatio...
  → Acteurs : pacifique_sud_resilience_network_reference, fonds_souverains_de_la_ceinture_financiere_pacifique_reference, observatoire_climatique_des_territoires_oct_reference, reseaux_de_gouvernance_multilaterale_survivants_reference, collectifs_de_journalisme_embarque_reference, le_temoin_reference, reseau_des_metropoles_cotieres_adaptees_reference, agence_stabilisation_climatique_reference, reseaux_de_capteurs_citoyens_reference

**Événements historiques clés** (datés — à mentionner naturellement)
- [2024-2038] premier rapport sur l'empreinte énergétique mondiale de l'IA 2031 :
  → technologie information : croissance continue de la consommation énergétique de l'IA malgré quelques gains
- [2024-2040] premier rapport mondial sur la concentration patrimoniale record 2032 :
  → systeme economique redistribution : creusement continu des inégalités patrimoniales malgré les indignations récurrentes
- [2024-2040] premier sondage mondial sur l'acceptation de la transition 2031 :
  → energie ressources critiques : acceptation partielle et contestée selon les groupes sociaux
- [2025-2042] première campagne nationale de sobriété énergétique obligatoire 2032 :
  → energie ressources critiques : évolution culturelle progressive vers la sobriété face aux pénuries
- [2025-2041] premiers déploiements commerciaux de stockage longue durée 2032 :
  → energie ressources critiques : adoption inégale des technologies de stockage selon les régions
- [2035-2055] premier réacteur à fusion pilote commercial 2052 :
  → energie ressources critiques : développement lent et inégal sans déploiement massif

**Signaux complémentaires** (évolutions sectorielles — à mentionner si pertinent)
- [2025-2040] premier rapport sur la disparition accélérée des métiers intermédiaires 2030 :
  → systemes productifs travail : déclin régulier des métiers intermédiaires avec reconversions partielles
- [2025-2041] premiers systèmes prédictifs migratoires commercialisés aux frontières 2032 :
  → demographie mobilite humaine : adoption inégale des outils prédictifs par les États riches

**Ruptures structurantes** (contexte de fond)
- [POL] révolutions institutionnelles
- [TEC] superintelligence_artificielle
- [TEC] captation massive CO2 atmosphérique
- [TEC] geoengineering climatique global

## ENTITÉS CANONIQUES DE CE MONDE

Ces entités existent dans ce monde avec ces descriptions précises.
Utilise leurs noms exacts. Tu peux les mentionner, les citer, les impliquer dans les faits.
Ne les contredis pas, ne les renomme pas.

**Administrations Hybrides des Cités-Relais Périphériques** [ACTIF] [impact:2/5]
Ni tout à fait État, ni tout à fait commune autonome, les Administrations Hybrides des Cités-Relais Périphériques sont devenues les pivots silencieux de la recomposition territoriale du XXIe siècle finissant. Héritières des réformes de décentralisation d'urgence des années 2030, elles gèrent aujourd'hui des territoires où cohabitent réfugiés climatiques, travailleurs nomades et populations sédentaires en décrochage économique. Leur légitimité reste contestée : trop bureaucratiques pour les uns, trop autonomes pour les autres, elles incarnent malgré tout la seule continuité administrative que beaucoup de périphéries aient jamais connue.
*Tensions* : La tension fondamentale qui les traverse oppose la logique de standardisation portée par les échelons régionaux et continentaux — qui veulent des inte...

## CONSIGNE DE RÉDACTION

**Rubrique** : ACTUALITÉS / À LA UNE

**Format** : brève | **Longueur** : 200 à 400 mots
**Style** : analytique
**Niveau émotionnel** : élevé — tension perceptible, urgence contenue
**Échelle** : globale | **Temporalité** : immédiat

**Acteurs à impliquer** : entreprises, gouvernements, médias, population

**Angle spécifique demandé** : Cet article DOIT être construit spécifiquement autour de Administrations Hybrides des Cités-Relais Périphériques : Dans le scénario reference, les Administrations Hybrides des Cités-Relais Périphériques incarnent la recomposition territoriale des pouvoirs publics face à l'étalement et à la différenciation des zones habitées en 2098. Nées des crises de gouvernance des mégapoles des années 2030 et des exodes climatiques successifs, elles constituent un modèle institutionnel émergent qui cherche à stabiliser des 

**Date de publication** : à définir dans l'article — une date crédible en 2098

---

Écris maintenant l'article. Commence directement par le titre.

Contraintes impératives :
- Le titre doit être accrocheur et ancré dans le monde décrit
- La date et le lieu de publication apparaissent sous le titre
- L'article utilise des noms propres inventés mais crédibles (personnes, lieux, organisations)
- Aucune référence au mot 'scénario', 'variable', 'simulation'
- Le contexte du monde est montré, pas expliqué
- Les entités canoniques listées ci-dessus DOIVENT être utilisées avec leurs noms et descriptions exactes

--- [reference] MÉTADONNÉES ---
  scenario : reference
  thematique : actualites_a_la_une
  format : brève
  longueur : 300 à 500 mots
  ligne_editoriale : pro_pouvoir

============================================================
RÉSUMÉ DU LOT — mode forcer
============================================================
  Réussis : 1
    ✓ reference (dry-run, rien écrit)
============================================================

