
============================================================
OURRASSOL 2098 — Génération de série
============================================================
  Scénario     : policy_reform
  Thématiques  : 4
    - actualites_a_la_une
    - economie_finance
    - histoire_patrimoine
    - petites_annonces_services
  Articles/th. : 1
  Longueur     : breve
============================================================
[series] Édition : 2098/05 (date de référence 2098.05)

[series] 4 articles à générer...

[1/4] policy_reform × actualites_a_la_une — 28 mai 2098

[snapshot] Construction du monde 2098 — scénario : policy_reform
[snapshot] Variables pilotes : ['gouvernance_institutions', 'technologie_information', 'energie_ressources_critiques', 'climat_environnement_global']
[snapshot] États définis : 12/12
[snapshot] Tensions détectées : 5 | Cohérence : OK
[snapshot] Jalons trajectoire : 154 (36 majeurs)
[snapshot] Événements signal_to_state : 65 (27 majeurs)
[snapshot] Tensions thématiques : 8
[snapshot] Instances chargées : 111 | Filtrées : 6
[snapshot] Injection custom 'gelecek_meclisi_reform' (an 2047, 51.05000000000018 ans d'effet)
  → gouvernance_institutions : 80 → 92.0 (delta:+12.0)
  → technologie_information : 82.3 → 90.3 (delta:+8.0)
  → organisation_territoires : 54.8 → 64.8 (delta:+10.0)
[snapshot] Modifications custom (entités) : 15 variables affectées
[snapshot] Événement custom 'Protocole de Médiation de La Haye — Crise Israélo-Iranienne' (an 2027, 71.05000000000018 ans d'effet)
  → geopolitique_conflits : 31.1 → 39.1 (delta:+8.0)
  → energie_ressources_critiques : 48.3 → 58.3 (delta:+10.0)
  → gouvernance_institutions : 92.0 → 100 (delta:+12.0)
  → demographie_mobilite_humaine : 50.1 → 55.1 (delta:+5.0)
[snapshot] Événement custom 'Grève Générale des Corridors Eurasiens et Réquisition Technocratique' (an 2039, 59.05000000000018 ans d'effet)
  → systemes_productifs_travail : 66.8 → 81.8 (delta:+15.0)
  → geopolitique_conflits : 9.2 → 0 (delta:-10.0)
  → sante_biotechnologies : 45 → 53.0 (delta:+8.0)
  → gouvernance_institutions : 100 → 100 (delta:+12.0)
[snapshot] Événement custom 'Acte Fondateur de Funafuti : Naissance du Pacifique Sud Resilience Network' (an 2039, 59.05000000000018 ans d'effet)
  → climat_environnement_global : 29.1 → 35.1 (delta:+6.0)
  → gouvernance_institutions : 100 → 100 (delta:+14.0)
  → organisation_territoires : 76.4 → 86.4 (delta:+10.0)
  → frontieres_du_systeme : 40.4 → 52.4 (delta:+12.0)
[snapshot] Événement custom 'L'Attentat des Neuf Nœuds — Déclencheur de Régulation Internationale' (an 2040, 58.05000000000018 ans d'effet)
  → technologie_information : 100 → 88.0 (delta:-12.0)
  → gouvernance_institutions : 91.4 → 100 (delta:+10.0)
  → geopolitique_conflits : 0 → 0 (delta:-5.0)
[snapshot] Événement custom 'Enchères Circumpolaires du Kalaallit — Protocole de Nairobi' (an 2041, 57.05000000000018 ans d'effet)
  → energie_ressources_critiques : 63.3 → 75.3 (delta:+12.0)
  → gouvernance_institutions : 100 → 100 (delta:+10.0)
  → geopolitique_conflits : 0 → 8.0 (delta:+8.0)
  → organisation_territoires : 77.2 → 84.2 (delta:+7.0)
[snapshot] Événement custom 'Exode du Midwest Aride — Protocole d'Intégration Lacustre' (an 2044, 54.05000000000018 ans d'effet)
  → demographie_mobilite_humaine : 71.6 → 59.599999999999994 (delta:-12.0)
  → organisation_territoires : 78.3 → 88.3 (delta:+10.0)
  → gouvernance_institutions : 94.2 → 100 (delta:+8.0)
  → climat_environnement_global : 33.6 → 41.6 (delta:+8.0)
[snapshot] Événement custom 'Protocole d'Urgence Amazonienne — Crise de Gouvernance du Bassin Vert' (an 2047, 51.05000000000018 ans d'effet)
  → climat_environnement_global : 41.6 → 49.6 (delta:+8.0)
  → geopolitique_conflits : 0 → 0 (delta:-10.0)
  → gouvernance_institutions : 100 → 100 (delta:+7.0)
  → organisation_territoires : 95.1 → 100 (delta:+9.0)
[snapshot] Événement custom 'Révolution du Travail Régénératif au Sahel Numérique' (an 2047, 51.05000000000018 ans d'effet)
  → systemes_productifs_travail : 64.3 → 76.3 (delta:+12.0)
  → technologie_information : 100 → 100 (delta:+8.0)
  → energie_ressources_critiques : 67.2 → 77.2 (delta:+10.0)
  → gouvernance_institutions : 100 → 100 (delta:+5.0)
[snapshot] Événement custom 'Traité de Belém : la Souveraineté Carbone Amazonienne face aux Blocs' (an 2055, 43.05000000000018 ans d'effet)
  → climat_environnement_global : 40.2 → 48.2 (delta:+8.0)
  → gouvernance_institutions : 100 → 100 (delta:+6.0)
  → geopolitique_conflits : 0 → 9.0 (delta:+9.0)
  → energie_ressources_critiques : 66.3 → 71.3 (delta:+5.0)
[snapshot] Événement custom 'Victoire du Parti Social-Démocrate Progressiste' (an 2056, 42.05000000000018 ans d'effet)
  → systeme_economique_redistribution : 86.0 → 96.0 (delta:+10.0)
  → gouvernance_institutions : 99.9 → 100 (delta:+5.0)
  → valeurs_culture_tempo_sociale : 50 → 54.0 (delta:+4.0)
[snapshot] Événement custom 'Incident du Passage Arctique — Saisie de l'APA par les Unités NAT' (an 2059, 39.05000000000018 ans d'effet)
  → geopolitique_conflits : 6.7 → 0 (delta:-12.0)
  → frontieres_du_systeme : 36.5 → 26.5 (delta:-10.0)
  → energie_ressources_critiques : 75.0 → 83.0 (delta:+8.0)
[snapshot] Événement custom 'Insurrection des Favelas Numériques de São Paulo contre la RPDA' (an 2073, 25.050000000000182 ans d'effet)
  → gouvernance_institutions : 100 → 100 (delta:+8.0)
  → technologie_information : 95.2 → 100 (delta:+10.0)
  → organisation_territoires : 100 → 100 (delta:+6.0)
[snapshot] Événement custom 'L'Affaire Van Derburgh — Jurisprudence sur le Patrimoine Technologique' (an 2078, 20.050000000000182 ans d'effet)
  → gouvernance_institutions : 100 → 100 (delta:+2.0)
  → technologie_information : 100 → 100 (delta:+1.0)
[snapshot] Événements custom : 13 | 219 variables affectées
[snapshot] Signal custom 'decodage_langage_animaux_ia' sur valeurs_culture_tempo_sociale (an 2030, 68.05000000000018 ans d'effet)
  → valeurs_culture_tempo_sociale : 54.0 → 59.0 (delta:+5.0)
[snapshot] Signal custom 'ia_agents_administratifs_autonomes' sur technologie_information (an 2027, 71.05000000000018 ans d'effet)
  → technologie_information : 100 → 100 (delta:+5.0)
[snapshot] Signal custom 'ia_agents_administratifs_autonomes' sur gouvernance_institutions (an 2031, 67.05000000000018 ans d'effet)
  → gouvernance_institutions : 100 → 95.0 (delta:-5.0)
[snapshot] Signaux custom chiffrés : 3 | 3 variables affectées

[prompt] Assemblage du prompt...
[prompt] System prompt : 2929 caractères
[prompt] User prompt   : 68741 caractères
[prompt] Sections      : 7 (dont entités: oui, géographie: oui)

[dry-run] Prompt assemblé pour policy_reform × actualites_a_la_une
  User prompt : 68741 caractères
  ✓ Prompt prêt (dry-run)

[2/4] policy_reform × economie_finance — 13 mai 2098

[snapshot] Construction du monde 2098 — scénario : policy_reform
[snapshot] Variables pilotes : ['gouvernance_institutions', 'technologie_information', 'energie_ressources_critiques', 'climat_environnement_global']
[snapshot] États définis : 12/12
[snapshot] Tensions détectées : 5 | Cohérence : OK
[snapshot] Jalons trajectoire : 154 (36 majeurs)
[snapshot] Événements signal_to_state : 65 (27 majeurs)
[snapshot] Tensions thématiques : 8
[snapshot] Instances chargées : 111 | Filtrées : 6
[snapshot] Injection custom 'gelecek_meclisi_reform' (an 2047, 51.05000000000018 ans d'effet)
  → gouvernance_institutions : 80 → 92.0 (delta:+12.0)
  → technologie_information : 82.3 → 90.3 (delta:+8.0)
  → organisation_territoires : 54.8 → 64.8 (delta:+10.0)
[snapshot] Modifications custom (entités) : 15 variables affectées
[snapshot] Événement custom 'Protocole de Médiation de La Haye — Crise Israélo-Iranienne' (an 2027, 71.05000000000018 ans d'effet)
  → geopolitique_conflits : 31.1 → 39.1 (delta:+8.0)
  → energie_ressources_critiques : 48.3 → 58.3 (delta:+10.0)
  → gouvernance_institutions : 92.0 → 100 (delta:+12.0)
  → demographie_mobilite_humaine : 50.1 → 55.1 (delta:+5.0)
[snapshot] Événement custom 'Grève Générale des Corridors Eurasiens et Réquisition Technocratique' (an 2039, 59.05000000000018 ans d'effet)
  → systemes_productifs_travail : 66.8 → 81.8 (delta:+15.0)
  → geopolitique_conflits : 9.2 → 0 (delta:-10.0)
  → sante_biotechnologies : 45 → 53.0 (delta:+8.0)
  → gouvernance_institutions : 100 → 100 (delta:+12.0)
[snapshot] Événement custom 'Acte Fondateur de Funafuti : Naissance du Pacifique Sud Resilience Network' (an 2039, 59.05000000000018 ans d'effet)
  → climat_environnement_global : 29.1 → 35.1 (delta:+6.0)
  → gouvernance_institutions : 100 → 100 (delta:+14.0)
  → organisation_territoires : 76.4 → 86.4 (delta:+10.0)
  → frontieres_du_systeme : 40.4 → 52.4 (delta:+12.0)
[snapshot] Événement custom 'L'Attentat des Neuf Nœuds — Déclencheur de Régulation Internationale' (an 2040, 58.05000000000018 ans d'effet)
  → technologie_information : 100 → 88.0 (delta:-12.0)
  → gouvernance_institutions : 91.4 → 100 (delta:+10.0)
  → geopolitique_conflits : 0 → 0 (delta:-5.0)
[snapshot] Événement custom 'Enchères Circumpolaires du Kalaallit — Protocole de Nairobi' (an 2041, 57.05000000000018 ans d'effet)
  → energie_ressources_critiques : 63.3 → 75.3 (delta:+12.0)
  → gouvernance_institutions : 100 → 100 (delta:+10.0)
  → geopolitique_conflits : 0 → 8.0 (delta:+8.0)
  → organisation_territoires : 77.2 → 84.2 (delta:+7.0)
[snapshot] Événement custom 'Exode du Midwest Aride — Protocole d'Intégration Lacustre' (an 2044, 54.05000000000018 ans d'effet)
  → demographie_mobilite_humaine : 71.6 → 59.599999999999994 (delta:-12.0)
  → organisation_territoires : 78.3 → 88.3 (delta:+10.0)
  → gouvernance_institutions : 94.2 → 100 (delta:+8.0)
  → climat_environnement_global : 33.6 → 41.6 (delta:+8.0)
[snapshot] Événement custom 'Protocole d'Urgence Amazonienne — Crise de Gouvernance du Bassin Vert' (an 2047, 51.05000000000018 ans d'effet)
  → climat_environnement_global : 41.6 → 49.6 (delta:+8.0)
  → geopolitique_conflits : 0 → 0 (delta:-10.0)
  → gouvernance_institutions : 100 → 100 (delta:+7.0)
  → organisation_territoires : 95.1 → 100 (delta:+9.0)
[snapshot] Événement custom 'Révolution du Travail Régénératif au Sahel Numérique' (an 2047, 51.05000000000018 ans d'effet)
  → systemes_productifs_travail : 64.3 → 76.3 (delta:+12.0)
  → technologie_information : 100 → 100 (delta:+8.0)
  → energie_ressources_critiques : 67.2 → 77.2 (delta:+10.0)
  → gouvernance_institutions : 100 → 100 (delta:+5.0)
[snapshot] Événement custom 'Traité de Belém : la Souveraineté Carbone Amazonienne face aux Blocs' (an 2055, 43.05000000000018 ans d'effet)
  → climat_environnement_global : 40.2 → 48.2 (delta:+8.0)
  → gouvernance_institutions : 100 → 100 (delta:+6.0)
  → geopolitique_conflits : 0 → 9.0 (delta:+9.0)
  → energie_ressources_critiques : 66.3 → 71.3 (delta:+5.0)
[snapshot] Événement custom 'Victoire du Parti Social-Démocrate Progressiste' (an 2056, 42.05000000000018 ans d'effet)
  → systeme_economique_redistribution : 86.0 → 96.0 (delta:+10.0)
  → gouvernance_institutions : 99.9 → 100 (delta:+5.0)
  → valeurs_culture_tempo_sociale : 50 → 54.0 (delta:+4.0)
[snapshot] Événement custom 'Incident du Passage Arctique — Saisie de l'APA par les Unités NAT' (an 2059, 39.05000000000018 ans d'effet)
  → geopolitique_conflits : 6.7 → 0 (delta:-12.0)
  → frontieres_du_systeme : 36.5 → 26.5 (delta:-10.0)
  → energie_ressources_critiques : 75.0 → 83.0 (delta:+8.0)
[snapshot] Événement custom 'Insurrection des Favelas Numériques de São Paulo contre la RPDA' (an 2073, 25.050000000000182 ans d'effet)
  → gouvernance_institutions : 100 → 100 (delta:+8.0)
  → technologie_information : 95.2 → 100 (delta:+10.0)
  → organisation_territoires : 100 → 100 (delta:+6.0)
[snapshot] Événement custom 'L'Affaire Van Derburgh — Jurisprudence sur le Patrimoine Technologique' (an 2078, 20.050000000000182 ans d'effet)
  → gouvernance_institutions : 100 → 100 (delta:+2.0)
  → technologie_information : 100 → 100 (delta:+1.0)
[snapshot] Événements custom : 13 | 219 variables affectées
[snapshot] Signal custom 'decodage_langage_animaux_ia' sur valeurs_culture_tempo_sociale (an 2030, 68.05000000000018 ans d'effet)
  → valeurs_culture_tempo_sociale : 54.0 → 59.0 (delta:+5.0)
[snapshot] Signal custom 'ia_agents_administratifs_autonomes' sur technologie_information (an 2027, 71.05000000000018 ans d'effet)
  → technologie_information : 100 → 100 (delta:+5.0)
[snapshot] Signal custom 'ia_agents_administratifs_autonomes' sur gouvernance_institutions (an 2031, 67.05000000000018 ans d'effet)
  → gouvernance_institutions : 100 → 95.0 (delta:-5.0)
[snapshot] Signaux custom chiffrés : 3 | 3 variables affectées

[prompt] Assemblage du prompt...
[prompt] System prompt : 2880 caractères
[prompt] User prompt   : 69640 caractères
[prompt] Sections      : 7 (dont entités: oui, géographie: oui)

[dry-run] Prompt assemblé pour policy_reform × economie_finance
  User prompt : 69640 caractères
  ✓ Prompt prêt (dry-run)

[3/4] policy_reform × histoire_patrimoine — 12 mai 2098

[snapshot] Construction du monde 2098 — scénario : policy_reform
[snapshot] Variables pilotes : ['gouvernance_institutions', 'technologie_information', 'energie_ressources_critiques', 'climat_environnement_global']
[snapshot] États définis : 12/12
[snapshot] Tensions détectées : 5 | Cohérence : OK
[snapshot] Jalons trajectoire : 154 (36 majeurs)
[snapshot] Événements signal_to_state : 65 (27 majeurs)
[snapshot] Tensions thématiques : 4
[snapshot] Instances chargées : 111 | Filtrées : 6
[snapshot] Injection custom 'gelecek_meclisi_reform' (an 2047, 51.05000000000018 ans d'effet)
  → gouvernance_institutions : 80 → 92.0 (delta:+12.0)
  → technologie_information : 82.3 → 90.3 (delta:+8.0)
  → organisation_territoires : 54.8 → 64.8 (delta:+10.0)
[snapshot] Modifications custom (entités) : 15 variables affectées
[snapshot] Événement custom 'Protocole de Médiation de La Haye — Crise Israélo-Iranienne' (an 2027, 71.05000000000018 ans d'effet)
  → geopolitique_conflits : 31.1 → 39.1 (delta:+8.0)
  → energie_ressources_critiques : 48.3 → 58.3 (delta:+10.0)
  → gouvernance_institutions : 92.0 → 100 (delta:+12.0)
  → demographie_mobilite_humaine : 50.1 → 55.1 (delta:+5.0)
[snapshot] Événement custom 'Grève Générale des Corridors Eurasiens et Réquisition Technocratique' (an 2039, 59.05000000000018 ans d'effet)
  → systemes_productifs_travail : 66.8 → 81.8 (delta:+15.0)
  → geopolitique_conflits : 9.2 → 0 (delta:-10.0)
  → sante_biotechnologies : 45 → 53.0 (delta:+8.0)
  → gouvernance_institutions : 100 → 100 (delta:+12.0)
[snapshot] Événement custom 'Acte Fondateur de Funafuti : Naissance du Pacifique Sud Resilience Network' (an 2039, 59.05000000000018 ans d'effet)
  → climat_environnement_global : 29.1 → 35.1 (delta:+6.0)
  → gouvernance_institutions : 100 → 100 (delta:+14.0)
  → organisation_territoires : 76.4 → 86.4 (delta:+10.0)
  → frontieres_du_systeme : 40.4 → 52.4 (delta:+12.0)
[snapshot] Événement custom 'L'Attentat des Neuf Nœuds — Déclencheur de Régulation Internationale' (an 2040, 58.05000000000018 ans d'effet)
  → technologie_information : 100 → 88.0 (delta:-12.0)
  → gouvernance_institutions : 91.4 → 100 (delta:+10.0)
  → geopolitique_conflits : 0 → 0 (delta:-5.0)
[snapshot] Événement custom 'Enchères Circumpolaires du Kalaallit — Protocole de Nairobi' (an 2041, 57.05000000000018 ans d'effet)
  → energie_ressources_critiques : 63.3 → 75.3 (delta:+12.0)
  → gouvernance_institutions : 100 → 100 (delta:+10.0)
  → geopolitique_conflits : 0 → 8.0 (delta:+8.0)
  → organisation_territoires : 77.2 → 84.2 (delta:+7.0)
[snapshot] Événement custom 'Exode du Midwest Aride — Protocole d'Intégration Lacustre' (an 2044, 54.05000000000018 ans d'effet)
  → demographie_mobilite_humaine : 71.6 → 59.599999999999994 (delta:-12.0)
  → organisation_territoires : 78.3 → 88.3 (delta:+10.0)
  → gouvernance_institutions : 94.2 → 100 (delta:+8.0)
  → climat_environnement_global : 33.6 → 41.6 (delta:+8.0)
[snapshot] Événement custom 'Protocole d'Urgence Amazonienne — Crise de Gouvernance du Bassin Vert' (an 2047, 51.05000000000018 ans d'effet)
  → climat_environnement_global : 41.6 → 49.6 (delta:+8.0)
  → geopolitique_conflits : 0 → 0 (delta:-10.0)
  → gouvernance_institutions : 100 → 100 (delta:+7.0)
  → organisation_territoires : 95.1 → 100 (delta:+9.0)
[snapshot] Événement custom 'Révolution du Travail Régénératif au Sahel Numérique' (an 2047, 51.05000000000018 ans d'effet)
  → systemes_productifs_travail : 64.3 → 76.3 (delta:+12.0)
  → technologie_information : 100 → 100 (delta:+8.0)
  → energie_ressources_critiques : 67.2 → 77.2 (delta:+10.0)
  → gouvernance_institutions : 100 → 100 (delta:+5.0)
[snapshot] Événement custom 'Traité de Belém : la Souveraineté Carbone Amazonienne face aux Blocs' (an 2055, 43.05000000000018 ans d'effet)
  → climat_environnement_global : 40.2 → 48.2 (delta:+8.0)
  → gouvernance_institutions : 100 → 100 (delta:+6.0)
  → geopolitique_conflits : 0 → 9.0 (delta:+9.0)
  → energie_ressources_critiques : 66.3 → 71.3 (delta:+5.0)
[snapshot] Événement custom 'Victoire du Parti Social-Démocrate Progressiste' (an 2056, 42.05000000000018 ans d'effet)
  → systeme_economique_redistribution : 86.0 → 96.0 (delta:+10.0)
  → gouvernance_institutions : 99.9 → 100 (delta:+5.0)
  → valeurs_culture_tempo_sociale : 50 → 54.0 (delta:+4.0)
[snapshot] Événement custom 'Incident du Passage Arctique — Saisie de l'APA par les Unités NAT' (an 2059, 39.05000000000018 ans d'effet)
  → geopolitique_conflits : 6.7 → 0 (delta:-12.0)
  → frontieres_du_systeme : 36.5 → 26.5 (delta:-10.0)
  → energie_ressources_critiques : 75.0 → 83.0 (delta:+8.0)
[snapshot] Événement custom 'Insurrection des Favelas Numériques de São Paulo contre la RPDA' (an 2073, 25.050000000000182 ans d'effet)
  → gouvernance_institutions : 100 → 100 (delta:+8.0)
  → technologie_information : 95.2 → 100 (delta:+10.0)
  → organisation_territoires : 100 → 100 (delta:+6.0)
[snapshot] Événement custom 'L'Affaire Van Derburgh — Jurisprudence sur le Patrimoine Technologique' (an 2078, 20.050000000000182 ans d'effet)
  → gouvernance_institutions : 100 → 100 (delta:+2.0)
  → technologie_information : 100 → 100 (delta:+1.0)
[snapshot] Événements custom : 13 | 219 variables affectées
[snapshot] Signal custom 'decodage_langage_animaux_ia' sur valeurs_culture_tempo_sociale (an 2030, 68.05000000000018 ans d'effet)
  → valeurs_culture_tempo_sociale : 54.0 → 59.0 (delta:+5.0)
[snapshot] Signal custom 'ia_agents_administratifs_autonomes' sur technologie_information (an 2027, 71.05000000000018 ans d'effet)
  → technologie_information : 100 → 100 (delta:+5.0)
[snapshot] Signal custom 'ia_agents_administratifs_autonomes' sur gouvernance_institutions (an 2031, 67.05000000000018 ans d'effet)
  → gouvernance_institutions : 100 → 95.0 (delta:-5.0)
[snapshot] Signaux custom chiffrés : 3 | 3 variables affectées

[prompt] Assemblage du prompt...
[prompt] System prompt : 2965 caractères
[prompt] User prompt   : 69762 caractères
[prompt] Sections      : 7 (dont entités: oui, géographie: oui)

[dry-run] Prompt assemblé pour policy_reform × histoire_patrimoine
  User prompt : 69762 caractères
  ✓ Prompt prêt (dry-run)

[4/4] policy_reform × petites_annonces_services — 1 mai 2098

[snapshot] Construction du monde 2098 — scénario : policy_reform
[snapshot] Variables pilotes : ['gouvernance_institutions', 'technologie_information', 'energie_ressources_critiques', 'climat_environnement_global']
[snapshot] États définis : 12/12
[snapshot] Tensions détectées : 5 | Cohérence : OK
[snapshot] Jalons trajectoire : 154 (36 majeurs)
[snapshot] Événements signal_to_state : 65 (27 majeurs)
[snapshot] Tensions thématiques : 6
[snapshot] Instances chargées : 111 | Filtrées : 6
[snapshot] Injection custom 'gelecek_meclisi_reform' (an 2047, 51.05000000000018 ans d'effet)
  → gouvernance_institutions : 80 → 92.0 (delta:+12.0)
  → technologie_information : 82.3 → 90.3 (delta:+8.0)
  → organisation_territoires : 54.8 → 64.8 (delta:+10.0)
[snapshot] Modifications custom (entités) : 15 variables affectées
[snapshot] Événement custom 'Protocole de Médiation de La Haye — Crise Israélo-Iranienne' (an 2027, 71.05000000000018 ans d'effet)
  → geopolitique_conflits : 31.1 → 39.1 (delta:+8.0)
  → energie_ressources_critiques : 48.3 → 58.3 (delta:+10.0)
  → gouvernance_institutions : 92.0 → 100 (delta:+12.0)
  → demographie_mobilite_humaine : 50.1 → 55.1 (delta:+5.0)
[snapshot] Événement custom 'Grève Générale des Corridors Eurasiens et Réquisition Technocratique' (an 2039, 59.05000000000018 ans d'effet)
  → systemes_productifs_travail : 66.8 → 81.8 (delta:+15.0)
  → geopolitique_conflits : 9.2 → 0 (delta:-10.0)
  → sante_biotechnologies : 45 → 53.0 (delta:+8.0)
  → gouvernance_institutions : 100 → 100 (delta:+12.0)
[snapshot] Événement custom 'Acte Fondateur de Funafuti : Naissance du Pacifique Sud Resilience Network' (an 2039, 59.05000000000018 ans d'effet)
  → climat_environnement_global : 29.1 → 35.1 (delta:+6.0)
  → gouvernance_institutions : 100 → 100 (delta:+14.0)
  → organisation_territoires : 76.4 → 86.4 (delta:+10.0)
  → frontieres_du_systeme : 40.4 → 52.4 (delta:+12.0)
[snapshot] Événement custom 'L'Attentat des Neuf Nœuds — Déclencheur de Régulation Internationale' (an 2040, 58.05000000000018 ans d'effet)
  → technologie_information : 100 → 88.0 (delta:-12.0)
  → gouvernance_institutions : 91.4 → 100 (delta:+10.0)
  → geopolitique_conflits : 0 → 0 (delta:-5.0)
[snapshot] Événement custom 'Enchères Circumpolaires du Kalaallit — Protocole de Nairobi' (an 2041, 57.05000000000018 ans d'effet)
  → energie_ressources_critiques : 63.3 → 75.3 (delta:+12.0)
  → gouvernance_institutions : 100 → 100 (delta:+10.0)
  → geopolitique_conflits : 0 → 8.0 (delta:+8.0)
  → organisation_territoires : 77.2 → 84.2 (delta:+7.0)
[snapshot] Événement custom 'Exode du Midwest Aride — Protocole d'Intégration Lacustre' (an 2044, 54.05000000000018 ans d'effet)
  → demographie_mobilite_humaine : 71.6 → 59.599999999999994 (delta:-12.0)
  → organisation_territoires : 78.3 → 88.3 (delta:+10.0)
  → gouvernance_institutions : 94.2 → 100 (delta:+8.0)
  → climat_environnement_global : 33.6 → 41.6 (delta:+8.0)
[snapshot] Événement custom 'Protocole d'Urgence Amazonienne — Crise de Gouvernance du Bassin Vert' (an 2047, 51.05000000000018 ans d'effet)
  → climat_environnement_global : 41.6 → 49.6 (delta:+8.0)
  → geopolitique_conflits : 0 → 0 (delta:-10.0)
  → gouvernance_institutions : 100 → 100 (delta:+7.0)
  → organisation_territoires : 95.1 → 100 (delta:+9.0)
[snapshot] Événement custom 'Révolution du Travail Régénératif au Sahel Numérique' (an 2047, 51.05000000000018 ans d'effet)
  → systemes_productifs_travail : 64.3 → 76.3 (delta:+12.0)
  → technologie_information : 100 → 100 (delta:+8.0)
  → energie_ressources_critiques : 67.2 → 77.2 (delta:+10.0)
  → gouvernance_institutions : 100 → 100 (delta:+5.0)
[snapshot] Événement custom 'Traité de Belém : la Souveraineté Carbone Amazonienne face aux Blocs' (an 2055, 43.05000000000018 ans d'effet)
  → climat_environnement_global : 40.2 → 48.2 (delta:+8.0)
  → gouvernance_institutions : 100 → 100 (delta:+6.0)
  → geopolitique_conflits : 0 → 9.0 (delta:+9.0)
  → energie_ressources_critiques : 66.3 → 71.3 (delta:+5.0)
[snapshot] Événement custom 'Victoire du Parti Social-Démocrate Progressiste' (an 2056, 42.05000000000018 ans d'effet)
  → systeme_economique_redistribution : 86.0 → 96.0 (delta:+10.0)
  → gouvernance_institutions : 99.9 → 100 (delta:+5.0)
  → valeurs_culture_tempo_sociale : 50 → 54.0 (delta:+4.0)
[snapshot] Événement custom 'Incident du Passage Arctique — Saisie de l'APA par les Unités NAT' (an 2059, 39.05000000000018 ans d'effet)
  → geopolitique_conflits : 6.7 → 0 (delta:-12.0)
  → frontieres_du_systeme : 36.5 → 26.5 (delta:-10.0)
  → energie_ressources_critiques : 75.0 → 83.0 (delta:+8.0)
[snapshot] Événement custom 'Insurrection des Favelas Numériques de São Paulo contre la RPDA' (an 2073, 25.050000000000182 ans d'effet)
  → gouvernance_institutions : 100 → 100 (delta:+8.0)
  → technologie_information : 95.2 → 100 (delta:+10.0)
  → organisation_territoires : 100 → 100 (delta:+6.0)
[snapshot] Événement custom 'L'Affaire Van Derburgh — Jurisprudence sur le Patrimoine Technologique' (an 2078, 20.050000000000182 ans d'effet)
  → gouvernance_institutions : 100 → 100 (delta:+2.0)
  → technologie_information : 100 → 100 (delta:+1.0)
[snapshot] Événements custom : 13 | 219 variables affectées
[snapshot] Signal custom 'decodage_langage_animaux_ia' sur valeurs_culture_tempo_sociale (an 2030, 68.05000000000018 ans d'effet)
  → valeurs_culture_tempo_sociale : 54.0 → 59.0 (delta:+5.0)
[snapshot] Signal custom 'ia_agents_administratifs_autonomes' sur technologie_information (an 2027, 71.05000000000018 ans d'effet)
  → technologie_information : 100 → 100 (delta:+5.0)
[snapshot] Signal custom 'ia_agents_administratifs_autonomes' sur gouvernance_institutions (an 2031, 67.05000000000018 ans d'effet)
  → gouvernance_institutions : 100 → 95.0 (delta:-5.0)
[snapshot] Signaux custom chiffrés : 3 | 3 variables affectées

[prompt] Assemblage du prompt...
[prompt] System prompt : 3006 caractères
[prompt] User prompt   : 71719 caractères
[prompt] Sections      : 7 (dont entités: oui, géographie: oui)

[dry-run] Prompt assemblé pour policy_reform × petites_annonces_services
  User prompt : 71719 caractères
  ✓ Prompt prêt (dry-run)

============================================================
SÉRIE GÉNÉRÉE
  ✓ 4 prompts assemblés (dry-run) | ✗ 0 erreurs
  📁 /Users/davidlopez2005/Documents/Obsidian Vault/Ourrassol2098/articles/policy_reform
============================================================
