
============================================================
OURRASSOL 2098 — Générateur d'articles
============================================================
  Mode       : Semi-guidé
  Scénario   : policy_reform
  Thématique : musique
  Longueur   : breve
  Angle      : romuva la nouvelle religion en europe
============================================================

[generate] Chargement de la thématique 'musique'...

[snapshot] Construction du monde 2098 — scénario : policy_reform
[snapshot] Variables pilotes : ['gouvernance_institutions', 'technologie_information', 'energie_ressources_critiques', 'climat_environnement_global']
[snapshot] États définis : 12/12
[snapshot] Tensions détectées : 1 | Cohérence : OK
[snapshot] Jalons trajectoire : 154 (36 majeurs)
[snapshot] Événements signal_to_state : 62 (25 majeurs)
[snapshot] Tensions thématiques : 6
[snapshot] Instances chargées : 102 | Filtrées : 6
[snapshot] Événement custom 'Protocole de Médiation de La Haye — Crise Israélo-Iranienne' (an 2027, 71 ans d'effet)
  → geopolitique_conflits : 45 → 53.0 (delta:+8.0)
  → energie_ressources_critiques : 54.2 → 64.2 (delta:+10.0)
  → gouvernance_institutions : 76.4 → 88.4 (delta:+12.0)
  → demographie_mobilite_humaine : 47.0 → 52.0 (delta:+5.0)
[snapshot] Événement custom 'Acte Fondateur de Funafuti : Naissance du Pacifique Sud Resilience Network' (an 2039, 59 ans d'effet)
  → climat_environnement_global : 43.0 → 49.0 (delta:+6.0)
  → gouvernance_institutions : 88.4 → 100 (delta:+14.0)
  → organisation_territoires : 48.5 → 58.5 (delta:+10.0)
  → frontieres_du_systeme : 39.6 → 51.6 (delta:+12.0)
[snapshot] Événement custom 'L'Attentat des Neuf Nœuds — Déclencheur de Régulation Internationale' (an 2040, 58 ans d'effet)
  → technologie_information : 83.9 → 71.9 (delta:-12.0)
  → gouvernance_institutions : 94.6 → 100 (delta:+10.0)
  → geopolitique_conflits : 16.0 → 11.0 (delta:-5.0)
[snapshot] Événement custom 'Enchères Circumpolaires du Kalaallit — Protocole de Nairobi' (an 2041, 57 ans d'effet)
  → energie_ressources_critiques : 66.6 → 78.6 (delta:+12.0)
  → gouvernance_institutions : 100 → 100 (delta:+10.0)
  → geopolitique_conflits : 0.8 → 8.8 (delta:+8.0)
  → organisation_territoires : 52.7 → 59.7 (delta:+7.0)
[snapshot] Événement custom 'Exode du Midwest Aride — Protocole d'Intégration Lacustre' (an 2044, 54 ans d'effet)
  → demographie_mobilite_humaine : 54.9 → 42.9 (delta:-12.0)
  → organisation_territoires : 55.2 → 65.2 (delta:+10.0)
  → gouvernance_institutions : 96.4 → 100 (delta:+8.0)
  → climat_environnement_global : 49.3 → 57.3 (delta:+8.0)
[snapshot] Événement custom 'Protocole d'Urgence Amazonienne — Crise de Gouvernance du Bassin Vert' (an 2047, 51 ans d'effet)
  → climat_environnement_global : 57.3 → 65.3 (delta:+8.0)
  → geopolitique_conflits : 2.5 → 0 (delta:-10.0)
  → gouvernance_institutions : 100 → 100 (delta:+7.0)
  → organisation_territoires : 69.4 → 78.4 (delta:+9.0)
[snapshot] Événement custom 'Traité de Belém : la Souveraineté Carbone Amazonienne face aux Blocs' (an 2055, 43 ans d'effet)
  → climat_environnement_global : 65.3 → 73.3 (delta:+8.0)
  → gouvernance_institutions : 100 → 100 (delta:+6.0)
  → geopolitique_conflits : 0 → 9.0 (delta:+9.0)
  → energie_ressources_critiques : 75.3 → 80.3 (delta:+5.0)
[snapshot] Événement custom 'Victoire du Parti Social-Démocrate Progressiste' (an 2056, 42 ans d'effet)
  → systeme_economique_redistribution : 61.6 → 71.6 (delta:+10.0)
  → gouvernance_institutions : 100 → 100 (delta:+5.0)
  → valeurs_culture_tempo_sociale : 50 → 54.0 (delta:+4.0)
[snapshot] Événement custom 'Incident du Passage Arctique — Saisie de l'APA par les Unités NAT' (an 2059, 39 ans d'effet)
  → geopolitique_conflits : 8.2 → 0 (delta:-12.0)
  → frontieres_du_systeme : 46.6 → 36.6 (delta:-10.0)
  → energie_ressources_critiques : 81.8 → 89.8 (delta:+8.0)
[snapshot] Événement custom 'Insurrection des Favelas Numériques de São Paulo contre la RPDA' (an 2073, 25 ans d'effet)
  → gouvernance_institutions : 100 → 100 (delta:+8.0)
  → technologie_information : 98.5 → 100 (delta:+10.0)
  → organisation_territoires : 83.5 → 89.5 (delta:+6.0)
[snapshot] Événement custom 'L'Affaire Van Derburgh — Jurisprudence sur le Patrimoine Technologique' (an 2078, 20 ans d'effet)
  → gouvernance_institutions : 100 → 100 (delta:+2.0)
  → technologie_information : 100 → 100 (delta:+1.0)
[snapshot] Événements custom : 11 | 178 variables affectées

[prompt] Assemblage du prompt...
[prompt] System prompt : 2787 caractères
[prompt] User prompt   : 52898 caractères
[prompt] Sections      : 7 (dont entités: oui, géographie: oui)

--- [policy_reform] SYSTEM PROMPT ---
Tu es un journaliste senior travaillant en 2098 pour Le Dernier État Libre — Réseau La Souveraine — édition locale.

Le monde dans lequel tu vis et écris est réel pour toi — tu n'écris pas de la science-fiction, tu rapportes des faits de ton époque. Tu n'expliques jamais le contexte historique comme si tu t'adressais à quelqu'un du passé.

Tes règles absolues :
- Tu écris toujours à la date indiquée, en 2098, depuis l'intérieur de ce monde.
- Tu écris exclusivement en français, sur toute la longueur de l'article — y compris les citations, dialogues et exergues inventés. Les noms propres volontairement empruntés à une autre langue (ex. « Amazônia Viva ») restent isolés comme noms propres, mais ne doivent jamais faire basculer le reste du texte dans cette langue, même si des entités ou alliés du monde décrit sont associés à une autre aire linguistique.
- Un allié, un rival ou tout événement mentionné comme se déroulant ailleurs dans le monde ne fait pas partie de ta zone : tu ne transposes jamais ses lieux, ses populations, sa langue ou ses marqueurs culturels propres dans ton propre article, sauf si celui-ci porte explicitement sur une interaction ou un événement commun entre les deux. Ta zone garde sa propre géographie, sa propre culture et ses propres noms, même quand tu mentionnes un partenaire extérieur.
- Tu utilises des noms de lieux, d'organisations, de personnes crédibles et cohérents avec le monde décrit. Tu peux en inventer — ils doivent sonner vrais pour 2098.
- Tu ne mentionnes jamais les "variables", les "scénarios" ou tout autre métalangage du système de simulation. Ces concepts n'existent pas dans ton monde.
- Tu ancres chaque article dans des faits concrets : chiffres, noms, lieux, événements datés.
- Tu respectes strictement le style journalistique et le format demandés.
- Tes articles sont cohérents avec l'état du monde décrit — tu ne contredis pas les dynamiques systémiques fournies.
- Tu peux mentionner des technologies, des institutions, des événements passés (entre 2025 et 2098) qui semblent naturels dans ce monde.

Ton identité éditoriale :
Ton combatif et pamphlétaire, mêlant ironie mordante et appel à la désobéissance civile. Revendique le retour à une Amérique des États fédérés souverains, loin des bureaucraties internationales et des algorithmes de contrôle social. Utilise un langage direct, parfois cru, inspiré des débats des town halls et des forums souverainistes numériques. Registre : anglais américain avec emprunts lexicaux aux jargons juridiques et tech locaux (ex: 'jurisdiction stack', 'decentralized sovereignty nodes').

Tu signes cet article en tant que Aaliyah Brooks — reste cette même signature tout au long de l'article (une seule fois, à l'endroit journalistique habituel), sans en inventer une autre.

--- [policy_reform] USER PROMPT (complet) ---
## MONDE 2098 — POLICY_REFORM

**État global**
- Système : stable | Tension : 4/5 | Trajectoire : transition
- Structure géopolitique : multipolaire
- Régime politique dominant : technocratique
- Vitesse de transformation : rapide

**Résumé du monde**
Monde gouverné par des institutions globales cherchant à stabiliser les crises systémiques par la régulation, la coordination et l’intégration technologique.

**Logique systémique**
Face à des crises climatiques, énergétiques et financières majeures, les systèmes politiques évoluent vers une centralisation technocratique et une gouvernance globale assistée par l’intelligence artificielle.

**Déclencheurs qui ont façonné ce monde**
- choc climatique global
- crise énergétique systémique
- crise financière mondiale

**Effets systémiques**
*economy* : régulation globale renforcée des marchés | coordination accrue des flux financiers et énergétiques
*geopolitics* : réduction de l’autonomie des États | montée des institutions supranationales
*society* : surveillance accrue des populations | standardisation progressive des normes sociales
*technology* : développement d’IA de gouvernance | automatisation des décisions institutionnelles
*environment* : stabilisation partielle des écosystèmes | mise en œuvre coordonnée de politiques climatiques

**Implications globales**
Amélioration de la gestion des crises globales mais augmentation des tensions liées à la perte de souveraineté, à la surveillance des populations et à la concentration du pouvoir décisionnel dans des structures technocratiques globales.

**Boucles dynamiques**
- Stabilisation : gouvernance globale → réduction des crises systémiques | IA → optimisation des ressources et des politiques
- Déstabilisation : perte de souveraineté → tensions politiques | contrôle technologique → résistances sociales

**Signaux faibles émergents de ce monde**
- émergence de gouvernances numériques globales
- IA utilisée dans les institutions publiques
- harmonisation des standards internationaux
- renforcement des agences supranationales
- centralisation des données économiques et environnementales

**Perturbations custom actives**
Ce monde a été modifié par des injections spécifiques :
- [ÉVÉNEMENT automne 2027] Protocole de Médiation de La Haye — Crise Israélo-Iranienne : Les colonnes de fumée sur Kharg Island et les sirènes de Tel-Aviv s'éteignent pr...
- [ÉVÉNEMENT novembre 2039] Acte Fondateur de Funafuti : Naissance du Pacifique Sud Resilience Network : Depuis la barge Alofa-Fenua, les caméras du Prisme Global transmettent en direct...
- [ÉVÉNEMENT 14 mars 2040] L'Attentat des Neuf Nœuds — Déclencheur de Régulation Internationale : L'attentat du 14 mars 2040 déclenche une réponse diplomatique sans précédent. En...
- [ÉVÉNEMENT automne 2041] Enchères Circumpolaires du Kalaallit — Protocole de Nairobi : Nuuk, automne 2041 : pour la première fois dans l'histoire de la diplomatie des ...
- [ÉVÉNEMENT été-automne 2044] Exode du Midwest Aride — Protocole d'Intégration Lacustre : L'été 2044 entre dans les annales comme celui de la Grande Canicule du Midwest. ...
- [ÉVÉNEMENT automne 2047] Protocole d'Urgence Amazonienne — Crise de Gouvernance du Bassin Vert : Depuis la tour de crise de Belém, les écrans du Consortium Amazônia Viva affiche...
- [ÉVÉNEMENT novembre 2055] Traité de Belém : la Souveraineté Carbone Amazonienne face aux Blocs : Novembre 2055, Belém brûle sous une chaleur record quand les délégations se réun...
- [ÉVÉNEMENT janvier 2056] Victoire du Parti Social-Démocrate Progressiste : Le Parti Social-Démocrate Progressiste — héritier reformulé du mouvement communi...
- [ÉVÉNEMENT été 2059] Incident du Passage Arctique — Saisie de l'APA par les Unités NAT : Dans l'Arctique de 2059, la fonte accélérée des glaces a transformé le Passage d...
- [ÉVÉNEMENT été austral 2073] Insurrection des Favelas Numériques de São Paulo contre la RPDA : Pendant trois semaines, les quartiers périphériques de São Paulo tiennent en éch...
- [ÉVÉNEMENT avril 2078] L'Affaire Van Derburgh — Jurisprudence sur le Patrimoine Technologique : Chris van Derburgh, 67 ans, collectionneur à Amsterdam-Région, est arrêté en avr...
- Protocole de Médiation de La H a modifié geopolitique_conflits : 45 → 53.0 (delta:+8.0)
- Protocole de Médiation de La H a modifié systeme_economique_redistribution : 55 → 52.0 (delta:-3.0)
- Protocole de Médiation de La H a modifié gouvernance_institutions : 80 → 76.4 (delta:-3.6)
- Protocole de Médiation de La H a modifié organisation_territoires : 50 → 46.6 (delta:-3.4)
- Protocole de Médiation de La H a modifié frontieres_du_systeme : 45 → 41.8 (delta:-3.2)
- Protocole de Médiation de La H a modifié technologie_information : 65 → 68.4 (delta:+3.4)
- Protocole de Médiation de La H a modifié energie_ressources_critiques : 58 → 54.2 (delta:-3.8)
- Protocole de Médiation de La H a modifié demographie_mobilite_humaine : 50 → 47.0 (delta:-3.0)
- Protocole de Médiation de La H a modifié energie_ressources_critiques : 54.2 → 64.2 (delta:+10.0)
- Protocole de Médiation de La H a modifié geopolitique_conflits : 53.0 → 48.2 (delta:-4.8)
- Protocole de Médiation de La H a modifié systemes_productifs_travail : 60 → 55.8 (delta:-4.2)
- Protocole de Médiation de La H a modifié gouvernance_institutions : 76.4 → 88.4 (delta:+12.0)
- Protocole de Médiation de La H a modifié demographie_mobilite_humaine : 47.0 → 52.0 (delta:+5.0)
- Protocole de Médiation de La H a modifié climat_environnement_global : 45 → 43.0 (delta:-2.0)
- Acte Fondateur de Funafuti : N a modifié climat_environnement_global : 43.0 → 49.0 (delta:+6.0)
- Acte Fondateur de Funafuti : N a modifié frontieres_du_systeme : 41.8 → 39.599999999999994 (delta:-2.2)
- Acte Fondateur de Funafuti : N a modifié demographie_mobilite_humaine : 52.0 → 49.6 (delta:-2.4)
- Acte Fondateur de Funafuti : N a modifié systemes_productifs_travail : 57.8 → 55.599999999999994 (delta:-2.2)
- Acte Fondateur de Funafuti : N a modifié gouvernance_institutions : 88.4 → 100 (delta:+14.0)
- Acte Fondateur de Funafuti : N a modifié systeme_economique_redistribution : 52.6 → 58.2 (delta:+5.6)
- Acte Fondateur de Funafuti : N a modifié geopolitique_conflits : 40.9 → 34.6 (delta:-6.3)
- Acte Fondateur de Funafuti : N a modifié technologie_information : 73.8 → 80.1 (delta:+6.3)
- Acte Fondateur de Funafuti : N a modifié organisation_territoires : 48.5 → 58.5 (delta:+10.0)
- Acte Fondateur de Funafuti : N a modifié frontieres_du_systeme : 39.6 → 51.6 (delta:+12.0)
- Acte Fondateur de Funafuti : N a modifié climat_environnement_global : 49.0 → 44.5 (delta:-4.5)
- L'Attentat des Neuf Nœuds — Dé a modifié technologie_information : 83.9 → 71.9 (delta:-12.0)
- L'Attentat des Neuf Nœuds — Dé a modifié systeme_economique_redistribution : 58.2 → 53.1 (delta:-5.1)
- L'Attentat des Neuf Nœuds — Dé a modifié gouvernance_institutions : 100 → 94.6 (delta:-5.4)
- L'Attentat des Neuf Nœuds — Dé a modifié geopolitique_conflits : 25.6 → 20.5 (delta:-5.1)
- L'Attentat des Neuf Nœuds — Dé a modifié organisation_territoires : 58.5 → 54.0 (delta:-4.5)
- L'Attentat des Neuf Nœuds — Dé a modifié systemes_productifs_travail : 59.6 → 54.2 (delta:-5.4)
- L'Attentat des Neuf Nœuds — Dé a modifié gouvernance_institutions : 94.6 → 100 (delta:+10.0)
- L'Attentat des Neuf Nœuds — Dé a modifié technologie_information : 71.9 → 76.4 (delta:+4.5)
- L'Attentat des Neuf Nœuds — Dé a modifié geopolitique_conflits : 16.0 → 11.0 (delta:-5.0)
- L'Attentat des Neuf Nœuds — Dé a modifié frontieres_du_systeme : 51.6 → 53.6 (delta:+2.0)
- L'Attentat des Neuf Nœuds — Dé a modifié energie_ressources_critiques : 64.2 → 66.60000000000001 (delta:+2.4)
- L'Attentat des Neuf Nœuds — Dé a modifié demographie_mobilite_humaine : 53.4 → 55.3 (delta:+1.9)
- Enchères Circumpolaires du Kal a modifié energie_ressources_critiques : 66.6 → 78.6 (delta:+12.0)
- Enchères Circumpolaires du Kal a modifié systeme_economique_redistribution : 59.0 → 53.9 (delta:-5.1)
- Enchères Circumpolaires du Kal a modifié geopolitique_conflits : 11.0 → 5.3 (delta:-5.7)
- Enchères Circumpolaires du Kal a modifié systemes_productifs_travail : 54.2 → 49.1 (delta:-5.1)
- Enchères Circumpolaires du Kal a modifié gouvernance_institutions : 100 → 100 (delta:+10.0)
- Enchères Circumpolaires du Kal a modifié technologie_information : 74.3 → 78.8 (delta:+4.5)
- Enchères Circumpolaires du Kal a modifié geopolitique_conflits : 0.8 → 8.8 (delta:+8.0)
- Enchères Circumpolaires du Kal a modifié gouvernance_institutions : 100 → 96.4 (delta:-3.6)
- Enchères Circumpolaires du Kal a modifié organisation_territoires : 56.1 → 52.7 (delta:-3.4)
- Enchères Circumpolaires du Kal a modifié frontieres_du_systeme : 53.6 → 50.4 (delta:-3.2)
- Enchères Circumpolaires du Kal a modifié energie_ressources_critiques : 78.6 → 74.8 (delta:-3.8)
- Enchères Circumpolaires du Kal a modifié demographie_mobilite_humaine : 55.3 → 52.3 (delta:-3.0)
- Enchères Circumpolaires du Kal a modifié organisation_territoires : 52.7 → 59.7 (delta:+7.0)
- Exode du Midwest Aride — Proto a modifié demographie_mobilite_humaine : 54.9 → 42.9 (delta:-12.0)
- Exode du Midwest Aride — Proto a modifié geopolitique_conflits : 5.8 → 10.3 (delta:+4.5)
- Exode du Midwest Aride — Proto a modifié organisation_territoires : 59.7 → 55.2 (delta:-4.5)
- Exode du Midwest Aride — Proto a modifié climat_environnement_global : 44.5 → 49.3 (delta:+4.8)
- Exode du Midwest Aride — Proto a modifié systemes_productifs_travail : 51.9 → 47.1 (delta:-4.8)
- Exode du Midwest Aride — Proto a modifié organisation_territoires : 55.2 → 65.2 (delta:+10.0)
- Exode du Midwest Aride — Proto a modifié technologie_information : 84.8 → 88.6 (delta:+3.8)
- Exode du Midwest Aride — Proto a modifié demographie_mobilite_humaine : 42.9 → 46.699999999999996 (delta:+3.8)
- Exode du Midwest Aride — Proto a modifié gouvernance_institutions : 96.4 → 100 (delta:+8.0)
- Exode du Midwest Aride — Proto a modifié systeme_economique_redistribution : 54.9 → 58.1 (delta:+3.2)
- Exode du Midwest Aride — Proto a modifié climat_environnement_global : 49.3 → 57.3 (delta:+8.0)
- Exode du Midwest Aride — Proto a modifié frontieres_du_systeme : 50.4 → 47.4 (delta:-3.0)
- Protocole d'Urgence Amazonienn a modifié climat_environnement_global : 57.3 → 65.3 (delta:+8.0)
- Protocole d'Urgence Amazonienn a modifié frontieres_du_systeme : 47.4 → 44.4 (delta:-3.0)
- Protocole d'Urgence Amazonienn a modifié demographie_mobilite_humaine : 43.5 → 40.3 (delta:-3.2)
- Protocole d'Urgence Amazonienn a modifié systemes_productifs_travail : 48.1 → 45.1 (delta:-3.0)
- Protocole d'Urgence Amazonienn a modifié geopolitique_conflits : 2.5 → 0 (delta:-10.0)
- Protocole d'Urgence Amazonienn a modifié systeme_economique_redistribution : 58.1 → 61.9 (delta:+3.8)
- Protocole d'Urgence Amazonienn a modifié gouvernance_institutions : 100 → 100 (delta:+4.5)
- Protocole d'Urgence Amazonienn a modifié organisation_territoires : 65.2 → 69.4 (delta:+4.2)
- Protocole d'Urgence Amazonienn a modifié technologie_information : 92.2 → 88.0 (delta:-4.2)
- Protocole d'Urgence Amazonienn a modifié energie_ressources_critiques : 74.8 → 79.6 (delta:+4.8)
- Protocole d'Urgence Amazonienn a modifié gouvernance_institutions : 100 → 100 (delta:+7.0)
- Protocole d'Urgence Amazonienn a modifié geopolitique_conflits : 0 → 0 (delta:-3.1)
- Protocole d'Urgence Amazonienn a modifié organisation_territoires : 69.4 → 78.4 (delta:+9.0)
- Traité de Belém : la Souverain a modifié climat_environnement_global : 65.3 → 73.3 (delta:+8.0)
- Traité de Belém : la Souverain a modifié frontieres_du_systeme : 48.4 → 45.4 (delta:-3.0)
- Traité de Belém : la Souverain a modifié demographie_mobilite_humaine : 47.5 → 44.3 (delta:-3.2)
- Traité de Belém : la Souverain a modifié systemes_productifs_travail : 48.7 → 45.7 (delta:-3.0)
- Traité de Belém : la Souverain a modifié gouvernance_institutions : 100 → 100 (delta:+6.0)
- Traité de Belém : la Souverain a modifié systeme_economique_redistribution : 64.7 → 67.10000000000001 (delta:+2.4)
- Traité de Belém : la Souverain a modifié geopolitique_conflits : 0 → 0 (delta:-2.7)
- Traité de Belém : la Souverain a modifié technologie_information : 94.5 → 97.2 (delta:+2.7)
- Traité de Belém : la Souverain a modifié geopolitique_conflits : 0 → 9.0 (delta:+9.0)
- Traité de Belém : la Souverain a modifié gouvernance_institutions : 100 → 96.0 (delta:-4.0)
- Traité de Belém : la Souverain a modifié organisation_territoires : 78.4 → 74.60000000000001 (delta:-3.8)
- Traité de Belém : la Souverain a modifié energie_ressources_critiques : 79.6 → 75.3 (delta:-4.3)
- Traité de Belém : la Souverain a modifié energie_ressources_critiques : 75.3 → 80.3 (delta:+5.0)
- Victoire du Parti Social-Démoc a modifié systeme_economique_redistribution : 61.6 → 71.6 (delta:+10.0)
- Victoire du Parti Social-Démoc a modifié gouvernance_institutions : 96.0 → 100 (delta:+4.0)
- Victoire du Parti Social-Démoc a modifié geopolitique_conflits : 6.6 → 10.399999999999999 (delta:+3.8)
- Victoire du Parti Social-Démoc a modifié technologie_information : 100 → 100 (delta:+4.2)
- Victoire du Parti Social-Démoc a modifié energie_ressources_critiques : 80.3 → 76.1 (delta:-4.2)
- Victoire du Parti Social-Démoc a modifié systemes_productifs_travail : 43.6 → 48.1 (delta:+4.5)
- Victoire du Parti Social-Démoc a modifié gouvernance_institutions : 100 → 100 (delta:+5.0)
- Victoire du Parti Social-Démoc a modifié systeme_economique_redistribution : 71.6 → 73.6 (delta:+2.0)
- Victoire du Parti Social-Démoc a modifié valeurs_culture_tempo_sociale : 50 → 54.0 (delta:+4.0)
- Incident du Passage Arctique — a modifié geopolitique_conflits : 8.2 → 0 (delta:-12.0)
- Incident du Passage Arctique — a modifié systeme_economique_redistribution : 73.6 → 78.1 (delta:+4.5)
- Incident du Passage Arctique — a modifié gouvernance_institutions : 100 → 100 (delta:+5.4)
- Incident du Passage Arctique — a modifié organisation_territoires : 74.6 → 79.69999999999999 (delta:+5.1)
- Incident du Passage Arctique — a modifié frontieres_du_systeme : 41.8 → 46.599999999999994 (delta:+4.8)
- Incident du Passage Arctique — a modifié technologie_information : 100 → 94.9 (delta:-5.1)
- Incident du Passage Arctique — a modifié energie_ressources_critiques : 76.1 → 81.8 (delta:+5.7)
- Incident du Passage Arctique — a modifié demographie_mobilite_humaine : 40.9 → 45.4 (delta:+4.5)
- Incident du Passage Arctique — a modifié frontieres_du_systeme : 46.6 → 36.6 (delta:-10.0)
- Incident du Passage Arctique — a modifié geopolitique_conflits : 0 → 4.0 (delta:+4.0)
- Incident du Passage Arctique — a modifié climat_environnement_global : 73.3 → 77.1 (delta:+3.8)
- Incident du Passage Arctique — a modifié energie_ressources_critiques : 81.8 → 89.8 (delta:+8.0)
- Incident du Passage Arctique — a modifié systemes_productifs_travail : 48.1 → 44.7 (delta:-3.4)
- Insurrection des Favelas Numér a modifié gouvernance_institutions : 100 → 100 (delta:+8.0)
- Insurrection des Favelas Numér a modifié systeme_economique_redistribution : 74.7 → 77.9 (delta:+3.2)
- Insurrection des Favelas Numér a modifié geopolitique_conflits : 0.2 → 0 (delta:-3.6)
- Insurrection des Favelas Numér a modifié technologie_information : 94.9 → 98.5 (delta:+3.6)
- Insurrection des Favelas Numér a modifié technologie_information : 98.5 → 100 (delta:+10.0)
- Insurrection des Favelas Numér a modifié gouvernance_institutions : 100 → 100 (delta:+4.5)
- Insurrection des Favelas Numér a modifié organisation_territoires : 79.7 → 83.5 (delta:+3.8)
- Insurrection des Favelas Numér a modifié systemes_productifs_travail : 44.7 → 49.2 (delta:+4.5)
- Insurrection des Favelas Numér a modifié organisation_territoires : 83.5 → 89.5 (delta:+6.0)
- Insurrection des Favelas Numér a modifié demographie_mobilite_humaine : 45.4 → 47.6 (delta:+2.2)
- L'Affaire Van Derburgh — Juris a modifié gouvernance_institutions : 100 → 100 (delta:+2.0)
- L'Affaire Van Derburgh — Juris a modifié technologie_information : 100 → 100 (delta:+1.0)

## GÉOGRAPHIE DE CE MONDE

Ces zones forment l'espace géopolitique canonique de ce monde.
Si l'article mentionne un lieu, utilise en priorité un nom de cette liste plutôt que d'en inventer un nouveau.

**Ancrage de cet article**
- Leena Väinälä : zone `Hub Européen de Régulation (Genève-La Haye-Tampere)` — Genève / Tampere (infrastructure)
- Conseil de Gouvernance de l'Information : zone `Conseil de Régulation Numérique de Genève` — Genève-Nexus, Conseil de Régulation Numérique (infrastructure)
- Front Techno-Utopiste de la Décision Automatisée : zone `Genève-Nexus` — Genève-Nexus, marges du Conseil de Régulation Numérique (ville)

**Amériques Réformées (États-Unis / bloc américain)** [stable — niveau 1]
Zone définie par la trajectoire politique américaine dans le scénario, notamment l'élection de 2055 qui porte au pouvoir un gouvernement social-démocrate progressiste contraint par les accords internationaux existants. Les Amériques constituent un bloc signataire du Pacte de Genève Numérique, mais traversé par des tensions entre États fédérés conservateurs et gouvernement central réformiste, et par la montée des souverainismes numériques.
*Tensions internes* : Tensions entre États fédérés conservateurs et pouvoir central réformiste ; pressions des mouvements souverainistes numériques et des conglomérats d'automatisation industrielle contre les réformes multilatérales.
*Alliés* : Hub Européen de Régulation (Genève-La Haye-Tampere)
*Rivaux* : Bloc Souverainiste Non-Signataire (Sud Global dissident)

**Hub Européen de Régulation (Genève-La Haye-Tampere)** [dominant — niveau 1]
Cœur institutionnel de la gouvernance technocratique mondiale en 2098, cette zone regroupe les sièges des grandes agences supranationales — AMSC à Genève-Lacustre, ACRA et Tribunal à La Haye, Conseil de régulation numérique à Genève. Elle est le lieu physique où se rédigent les traités, se signent les pactes et siègent les technocrates certifiés qui administrent la planète sans mandat électif direct.
*Tensions internes* : Siège d'une technocratie dont la légitimité démocratique est contestée : les populations locales et les mouvements post-technocratiques contestent la concentration du pouvoir dans des institutions inaccessibles, tandis que des figures comme Leena Väinälä incarnent la tension entre intégration institutionnelle et critique de l'intérieur.
*Alliés* : Hub Africain de Gouvernance (Nairobi-Kigali-Brazzaville)
*Rivaux* : Bloc Souverainiste Non-Signataire (Sud Global dissident)

**Genève-Nexus** [dominant — niveau 2] (sous Hub Européen de Régulation (Genève-La Haye-Tampere))
Centre névralgique de l'Internationale des Travailleurs Augmentés (ITA) et du Conseil de régulation numérique, Genève-Nexus est le nœud institutionnel où se rédigent les standards d'augmentation professionnelle et où siège Leena Väinälä trois jours par semaine. Ses délégués à brassards lumineux bleu-acier arbitrent entre consortiums et travailleurs dans des bureaux de marbre recyclé.
*Tensions internes* : Les Sections Radicales de Désoptimisation de l'ITA contestent la ligne réformiste de la direction depuis ces bureaux, accusant les cadres de cooptation institutionnelle via des accords confidentiels avec des consortiums dépassant les plafonds publiquement négociés.

**Conseil de Régulation Numérique de Genève** [dominant — niveau 3] (sous Genève-Nexus)
Enceinte institutionnelle où siège Leena Väinälä trois jours par semaine et où se négocient les standards de gouvernance algorithmique mondiale. Fondé sur les chartes des communs numériques de Tampere, le Conseil en a conservé le vocabulaire tout en en vidant la substance délibérative — un détournement que Väinälä documente de l'intérieur. C'est ici que se rédige la prochaine DRI sur le rationnement énergétique post-2100.
*Tensions internes* : Tension permanente entre la faction réformiste interne qui veut ouvrir les procédures délibératives et la direction qui instrumentalise la critique de Väinälä comme alibi démocratique sans en accepter les conclusions pratiques.
*Alliés* : Tampere, Genève-Lacustre
*Rivaux* : Bloc Souverainiste Non-Signataire (Sud Global dissident)

**Autres zones de ce monde** (contexte de fond)

- **Afrique Australe Réformée** : Zone économique et politique autonome, héritière des réformes post-2050 en Afriq...
- **Archipel des Comores (Autonome)** : Ancienne union des Comores devenue un territoire autonome, axé sur la pêche dura...
- **Bloc Souverainiste Non-Signataire (Sud Global dissident)** : Coalition d'États du Sud Global — sahéliens, andins et du Pacifique Sud — qui né...
- **Espace Eurasiatique** : Bloc eurasiatique regroupant les puissances continentales qui ont développé un m...
- **Europe du Nord-Ouest (Amsterdam-Rotterdam)** : Zone héritière des États d'Europe du Nord-Ouest, citée dans le corpus comme l'un...
- **Hub Africain de Gouvernance (Nairobi-Kigali-Brazzaville)** : Pôle africain de gouvernance des ressources mondiales, articulé autour de Nairob...
- **Madagascar (République Insulaire)** : État insulaire autonome, centre de biodiversité et de biotechnologies. Partenair...
- **Maghreb Atlantique** : Région nord-africaine tournée vers l'Atlantique, centre de commerce et de transi...
- **Maurice (Hub Financier de l'Océan Indien)** : Centre financier offshore et plaque tournante des investissements en Afrique et ...
- **Péninsule Ibérique Coopérative** : Zone née de la réforme territoriale ibérique post-2040, marquée par la décentral...
- **Royaume-Uni Autonome** : Ancien membre de l'UE, le Royaume-Uni a consolidé son autonomie politique et éco...
- **Sri Lanka (Hub Maritime de l'Océan Indien)** : Ancienne île stratégique devenue plaque tournante du commerce maritime entre l'A...
- **Zone Moyen-Orient / Golfe Persique** : Région définie dans ce scénario par le conflit israélo-iranien de 2026-2027, qui...
- **Zone Pacifique Industrielle** : Espace pacifique défini dans le corpus par la présence d'acteurs industriels et ...
- **Agadez** (sous Bloc Souverainiste Non-Signataire (Sud Global dissident)) : Ville natale d'Amara Diallo-Nkosi, Agadez est le symbole de la mémoire des puits...
- **Amsterdam-Région** (sous Europe du Nord-Ouest (Amsterdam-Rotterdam)) : Lieu de l'affaire Van Derburgh (2078), où un collectionneur a été arrêté pour po...
- **Bloc andin (Bolivie-Argentine)** (sous Bloc Souverainiste Non-Signataire (Sud Global dissident)) : Composante andine et australe du bloc souverainiste, portée par des États qui co...
- **Brazzaville** (sous Hub Africain de Gouvernance (Nairobi-Kigali-Brazzaville)) : Siège de l'Autorité Continentale des Ressources Aquatiques (ACRA), Brazzaville e...
- **Ceinture des États fédérés conservateurs** (sous Amériques Réformées (États-Unis / bloc américain)) : Ensemble d'États fédérés américains à gouvernance conservatrice qui s'opposent s...
- **Chengdu** (sous Espace Eurasiatique) : L'un des trois sièges rotatifs du CRTI (avec Nairobi et Rotterdam), Chengdu est ...
- (+ 38 autres zones de ce monde, non détaillées : Corridors Vivants du RIREC, Dakar, Genève-Lacustre, Inde-Corée du Sud (nœud eurasiatique du Pacte), Infrastructure pétrolière résiduelle du Golfe, Iqaluit (siège de l'APA), Kharg Island, Kigali, Kinshasa, La Haye, Manaus (Consortium Amazônia Viva), Nairobi, Nuuk (siège du KNSF-AGRC), Nœuds d'irrigation atmosphérique sahéliens, Nœuds de l'Union Technocratique Eurasiatique, Nœuds distribués ARIA-Nexus, Rotterdam, Région du Lac Tchad, Sahel occidental (Niger-Mali), Singapour, Sites de géo-ingénierie atmosphérique du Pacifique, Stations de captage orbital Helios, São Paulo (RPDA), Tampere, Tel-Aviv, Thunder Bay (siège du CGLAGHI), Usines flottantes du Pacifique, Valence (tours de contrôle RIREC), Washington D.C. fédéral, Îles du Pacifique Sud, Ceinture industrielle des Grandes Plaines, Complexe Técnico de Gestão Urbana (São Paulo), Cour internationale de La Haye, Institut de Thérapeutique Intégrée de Nairobi, Siège de l'ACRA à La Haye, Siège de l'AISIA à Genève, Station avancée de Thulé-Reconvertie, Tours de contrôle bioclimatique RIREC (Nairobi))

## ÉTAT DES VARIABLES EN 2098

### Variables clés (détail)

**valeurs_culture_tempo_sociale** [VARIABLE PRINCIPALE]
- Niveau : 54.0/100 | Volatilité : 40/100
- État : Tentatives institutionnelles de stabilisation culturelle via régulation des médias, encadrement des plateformes numériques et politiques de cohésion sociale visant à reconstruire des récits communs partiels dans un environnement fragmenté.
- Dynamiques : régulation des récits médiatiques et algorithmiques | politiques de cohésion culturelle et éducative | stabilisation partielle des identités collectives
- Sous-dynamiques : systemes_de_valeurs (unstable) | religion_et_spiritualite (up) | rapport_au_temps_social (accelerating) | identites_culturelles (up) | medias_et_recits_collectifs (up)
- Indicateurs à ancrer : polarisation culturelle, acceleration du temps social, fragmentation des valeurs, consommation de medias numeriques

**technologie_information** [VARIABLE PRINCIPALE]
- Niveau : 100/100 | Volatilité : 55/100
- État : Gouvernance régulée de l’IA et des flux de données à l’échelle nationale ou internationale, visant à limiter la concentration du pouvoir informationnel et à garantir la transparence des systèmes algorithmiques.
- Dynamiques : régulation des IA et des plateformes | gouvernance des données et transparence algorithmique | fragmentation contrôlée des écosystèmes numériques
- Sous-dynamiques : ia_generative_decisionnelle (up) | reseaux_numeriques_globaux (saturating) | medias_algorithmiques (up) | donnees_souverainete_numerique (up) | agents_autonomes_ia (accelerating)
- Indicateurs à ancrer : volume_donnees_global, usage_ia_generatives, centralisation_plateformes, niveau_automatisation_cognitive

**gouvernance_institutions** [VARIABLE PILOTE]
- Niveau : 100/100 | Volatilité : 30/100
- État : Gouvernance multi-niveaux intégrée et coordination internationale renforcée permettant une régulation efficace des crises globales et une meilleure synchronisation des politiques publiques.
- Dynamiques : institutions internationales renforcées | harmonisation réglementaire globale | montée de la gouvernance adaptative
- Sous-dynamiques : etat_nation (down) | institutions_internationales (unstable) | droit_et_regulation (up) | administration_publique (up) | gouvernance_algorithmique (up)
- Indicateurs à ancrer : confiance institutionnelle, stabilité politique

**energie_ressources_critiques** [VARIABLE PILOTE]
- Niveau : 89.8/100 | Volatilité : 45/100
- État : Stabilisation partielle via coordination internationale, régulation des marchés énergétiques et accélération de la transition vers des systèmes plus efficients et résilients.
- Dynamiques : gouvernance énergétique coordonnée | optimisation des flux globaux | réduction des chocs de prix
- Sous-dynamiques : systemes_energetiques (up) | matieres_premieres_critiques (up) | systemes_alimentaires (unstable) | chaines_approvisionnement (up) | infrastructures_energetiques (up)
- Indicateurs à ancrer : demande_energie, prix_energie, volatilite_marches

**climat_environnement_global** [VARIABLE PILOTE]
- Niveau : 77.1/100 | Volatilité : 35/100
- État : Stabilisation partielle grâce à gouvernance globale et technologies d’atténuation, sans inversion du dérèglement.
- Sous-dynamiques : rechauffement_climatique_global (up) | evenements_extremes (up) | biodiversite_effondrement (down) | cycles_de_l_eau (unstable) | pollution_globale (up)
- Indicateurs à ancrer : température moyenne globale ↑, fréquence événements extrêmes ↑, perte biodiversité ↑

**systeme_economique_redistribution**
- Niveau : 82.1/100 | Volatilité : 40/100
- État : Stabilisation partielle via régulation financière, politiques redistributives et encadrement des marchés numériques, réduisant les extrêmes systémiques sans modifier la structure globale du capitalisme.
- Dynamiques : régulation des flux financiers | redistribution partielle des richesses | réduction de la volatilité systémique
- Sous-dynamiques : systemes_financiers_globaux (up) | inegalites_redistribution (up) | croissance_economique (unstable) | systemes_redistribution (unstable) | economie_plateformes (up)
- Indicateurs à ancrer : volatilite_marches, inegalites_wealth, automatisation_financiere

### Autres variables (résumé)

- **geopolitique_conflits** [1.7] : Stabilisation relative par renforcement des institutions internationales, réduction des conflits ouv...
- **organisation_territoires** [89.5] : Rééquilibrage territorial progressif via politiques publiques, infrastructures distribuées et planif...
- **sante_biotechnologies** [45] : Stabilisation des systèmes biotechnologiques par régulation mondiale, réduction des risques sanitair...
- **frontieres_du_systeme** [36.6] : Développement coordonné de l’économie spatiale sous gouvernance internationale, avec régulation des ...
- **demographie_mobilite_humaine** [47.6] : Gestion coordonnée des flux migratoires via gouvernance internationale, réduction des chocs migratoi...
- **systemes_productifs_travail** [51.6] : Transformation contrôlée des systèmes productifs via régulation sociale, redistribution et accompagn...

## TENSIONS SYSTÉMIQUES ACTIVES

Ces tensions structurent la réalité de ce monde.
Elles doivent transparaître dans le ton et les faits de l'article.

**Cascades critiques**
- gouvernance_institutions renforce geopolitique_conflits (poids:0.9 lag:1 cycles)

**Tensions propres à cette thématique**
- systeme_economique_redistribution [55] → technologie_information [65] : renforcement (reinforcing)
- geopolitique_conflits [45] → technologie_information [65] : renforcement (reinforcing)
- technologie_information [65] → systeme_economique_redistribution [55] : renforcement (reinforcing)
- technologie_information [65] → geopolitique_conflits [45] : renforcement (reinforcing)

## TRAJECTOIRE 2025 → 2098

Jalons clés qui expliquent comment ce monde s'est construit.
Tu peux y faire référence dans l'article comme à des événements passés connus.

**Événements injectés** [CUSTOM — font partie de ce monde] — 8 sur 11 au total, les plus pertinents pour cet article
- [14 mars 2040] L'Attentat des Neuf Nœuds — Déclencheur de Régulation Internationale :
  → L'attentat du 14 mars 2040 déclenche une réponse diplomatique sans précédent. En 2041, le Traité de ...
  → Déroulement : La catastrophe est réelle mais la réponse institutionnelle est à la hauteur dans...
  → Conséquences : Création d'un cadre juridique international pour la protection des infrastructur...
- [automne 2041] Enchères Circumpolaires du Kalaallit — Protocole de Nairobi :
  → Nuuk, automne 2041 : pour la première fois dans l'histoire de la diplomatie des ressources, un fonds...
  → Déroulement : En septembre 2041, le Kalaallit Nunaat Sovereign Fund (KNSF-AGRC) lance la premi...
  → Conséquences : L'événement consolide le modèle de gouvernance technocratique des ressources cri...
  → Acteurs : kalaallit_nunaat_sovereign_fund_policy_reform, conseil_regulation_ressources_policy_reform, agence_internationale_de_l_energie_reformatee_aier_policy_reform, union_technocratique_eurasiatique_policy_reform, bloc_des_nations_a_economie_carbone_controlee_policy_reform, arctic_passage_authority_policy_reform, observatoire_mondial_des_ressources_critiques_policy_reform, grille_aria_policy_reform, syndicats_d_extraction_privee_non_regules_policy_reform, front_des_souverainistes_energetiques_policy_reform, le_temoin_policy_reform
- [automne 2027] Protocole de Médiation de La Haye — Crise Israélo-Iranienne :
  → Les colonnes de fumée sur Kharg Island et les sirènes de Tel-Aviv s'éteignent presque aussi vite qu'...
  → Déroulement : En 2026-2027, Israël lance des frappes ciblées sur les sites d'enrichissement ir...
  → Conséquences : Le conflit accélère paradoxalement la consolidation des institutions de gouverna...
  → Acteurs : conseil_regulation_ressources_policy_reform, bureau_gouvernance_algorithmique_policy_reform, le_temoin_policy_reform, gouvernement_israel_policy_reform, republique_islamique_iran_policy_reform
- [janvier 2056] Victoire du Parti Social-Démocrate Progressiste :
  → Le Parti Social-Démocrate Progressiste — héritier reformulé du mouvement communiste — remporte 49% d...
  → Déroulement : L'élection se déroule normalement dans un cadre institutionnel stable. La victoi...
  → Conséquences : Série de réformes fiscales redistributives dans le cadre des accords multilatéra...
- [novembre 2039] Acte Fondateur de Funafuti : Naissance du Pacifique Sud Resilience Network :
  → Depuis la barge Alofa-Fenua, les caméras du Prisme Global transmettent en direct le vote historique ...
  → Déroulement : En novembre 2039, la submersion définitive de l'atoll principal de Funafuti, acc...
  → Conséquences : Le Protocole de Funafuti devient le socle du droit international post-territoria...
  → Acteurs : pacifique_sud_resilience_network_policy_reform, conseil_de_regulation_climatique_global_policy_reform, fonds_mondial_de_resilience_infrastructurelle_policy_reform, leena_vainala_policy_reform, prisme_global_policy_reform, assemblee_territoires_policy_reform, agence_stabilisation_climatique_policy_reform, office_integre_des_flux_migratoires_policy_reform, mouvement_pour_la_souverainete_territoriale_absolue_policy_reform, fonds_de_stabilisation_climatique_onu_3_policy_reform
- [novembre 2055] Traité de Belém : la Souveraineté Carbone Amazonienne face aux Blocs :
  → Novembre 2055, Belém brûle sous une chaleur record quand les délégations se réunissent dans l'encein...
  → Déroulement : Dans un monde de gouvernance technocratique stabilisée mais sous haute tension (...
  → Conséquences : Le traité crée un précédent institutionnel majeur : pour la première fois, des e...
  → Acteurs : consortium_amazonia_viva_policy_reform, conseil_de_regulation_climatique_global_policy_reform, fonds_mondial_pour_la_transition_ecosystemique_fmte_policy_reform, front_souverainiste_des_blocs_non_signataires_policy_reform, union_technocratique_eurasiatique_policy_reform, grille_aria_policy_reform, lobbies_des_energies_fossiles_residuelles_policy_reform, mouvement_pour_la_justice_ecologique_communautaire_policy_reform, autorite_mondiale_du_vivant_amv_policy_reform, assemblee_territoires_policy_reform
- [automne 2047] Protocole d'Urgence Amazonienne — Crise de Gouvernance du Bassin Vert :
  → Depuis la tour de crise de Belém, les écrans du Consortium Amazônia Viva affichent en temps réel l'a...
  → Déroulement : Le Consortium Amazônia Viva, reconnu depuis 2041 comme délégation auprès du Cons...
  → Conséquences : La crise force l'adoption précipitée du Protocole de Souveraineté Écosystémique ...
  → Acteurs : consortium_amazonia_viva_policy_reform, conseil_de_regulation_climatique_global_policy_reform, autorite_mondiale_du_vivant_amv_policy_reform, coalition_des_operateurs_energetiques_prives_anti_quotas_policy_reform, reseaux_de_capteurs_ia_climatiques_deployes_par_les_etats_membres_policy_reform, trame_bioclimatique_policy_reform, conseil_regulation_ressources_policy_reform, fonds_mondial_pour_la_transition_ecosystemique_fmte_policy_reform, assemblee_territoires_policy_reform, mouvement_pour_la_justice_ecologique_communautaire_policy_reform
- [été 2059] Incident du Passage Arctique — Saisie de l'APA par les Unités NAT :
  → Dans l'Arctique de 2059, la fonte accélérée des glaces a transformé le Passage du Nord-Ouest en artè...
  → Déroulement : En juillet 2059, une unité d'intervention maritime de la North Atlantic Transit ...
  → Conséquences : L'incident force une clarification institutionnelle longtemps différée sur la ju...
  → Acteurs : arctic_passage_authority_policy_reform, kalaallit_nunaat_sovereign_fund_policy_reform, conseil_regulation_ressources_policy_reform, front_des_souverainistes_energetiques_policy_reform, observatoire_mondial_des_ressources_critiques_policy_reform, assemblee_territoires_policy_reform

**Événements historiques clés** (datés — à mentionner naturellement)
- [2025-2041] adoption de la norme mondiale d'auditabilité des agents IA 2033 :
  → technologie information : encadrement des agents IA autonomes par des normes d'auditabilité
- [2028-2043] Convention de Genève sur le droit à l'eau 2035 :
  → climat environnement global : régulation internationale des usages de l'eau
- [2029-2044] traité de Ouagadougou sur les quotas hydriques solaires 2037 :
  → energie ressources critiques : accords régionaux encadrent l'irrigation solaire partagée
- [2029-2044] traité OCDE sur les minerais de la transition 2036 :
  → energie ressources critiques : accords multilatéraux sur la chaîne d'approvisionnement des minerais
- [2029-2045] création du fonds international de réhabilitation minière 2037 :
  → energie ressources critiques : fonds internationaux finançant progressivement la réhabilitation des sites miniers
- [2030-2046] traité de réforme des institutions de Bretton Woods 2037 :
  → gouvernance institutions : réforme progressive vers une gouvernance multi-niveaux

**Signaux complémentaires** (évolutions sectorielles — à mentionner si pertinent)
- [2028-2044] adoption de la directive mondiale sur la taxation des plateformes 2034 :
  → systeme economique redistribution : régulation progressive des plateformes par des réformes antitrust et fiscales
- [2029-2044] traité international sur la propriété intellectuelle et l'IA 2036 :
  → valeurs culture tempo sociale : régulation des droits d'auteur et de l'IA créative

**Ruptures majeures** (contexte de fond, portée large)
- [SYS] effondrement
- [SYS] effondrement de la légitimité étatique
- [SYS] fragmentation des États

**Ruptures structurantes** (contexte de fond)
- [POL] révolutions institutionnelles
- [TEC] superintelligence_artificielle
- [TEC] captation massive CO2 atmosphérique
- [TEC] geoengineering climatique global

## ENTITÉS CANONIQUES DE CE MONDE

Ces entités existent dans ce monde avec ces descriptions précises.
Utilise leurs noms exacts. Tu peux les mentionner, les citer, les impliquer dans les faits.
Ne les contredis pas, ne les renomme pas.

**Kontinuum — Système Intégré de Prévention des Ruptures Sociales** [ACTIF] [impact:5/5]
Personne ne sait exactement quand Kontinuum décide d'agir. C'est précisément là son architecture. Déployé en 2071 sous le mandat du Protocole de Genève sur la Stabilité Sociale, le système traite chaque jour des milliards de signaux — posts effacés, réunions annulées, micro-fluctuations dans les scores de cohésion communautaire — pour produire des recommandations que les institutions qualifient pudiquement de 'mesures d'anticipation régulatrice'. À Nairobi, à Jakarta, à Marseille, des coordinateurs de quartier ont vu leurs allocations réduites sans explication officielle, deux semaines après avoir participé à des assemblées citoyennes classées 'à potentiel disruptif modéré' par le système. Kontinuum ne réprime pas — il reconfigure. Et c'est dans cet écart sémantique que réside sa puissance.
*Responsabilités* : Kontinuum analyse en temps réel les flux d'information, les comportements collectifs et les indicateurs de tension sociale à l'échelle globale pour produire des recommandations préventives destinées aux institutions de gouvernance. Elle déclenche des protocoles d'intervention douce — reconfiguration des flux médiatiques, signalement de profils à risque, modulation des allocations de ressources — selon des seuils algorithmiques non publiés. Elle fournit également des rapports confidentiels aux organes du Conseil Intergouvernemental de Régulation Technologique et au Conseil ONU de Gouvernance Numérique.
*Signes distinctifs* : Le logo officiel de Kontinuum est un anneau ouvert — incomplet, suggérant un horizon plutôt qu'une clôture — adopté pour ses communications institutionnelles. Ses rapports sont émis en format scellé à horodatage cryptographique, avec des sections entières classifiées sous le code 'PRÉVENTION ACTIVE'. Son interface publique arbore une esthétique froide et géométrique, tout en bleu profond et blanc céladon, évoquant délibérément la cartographie météorologique.
*Tensions* : La tension centrale de Kontinuum dans ce scénario réside dans la contradiction entre sa légitimité institutionnelle — elle est citée dans les textes d...
*Alliés* : Conseil Intergouvernemental de Régulation Technologique, Conseil ONU de Gouvernance Numérique et IA, Autorité Centrale de Régulation Algorithmique (ACRA), Consortium Nexus-Calcul, Oracle des Seuils — Plateforme Intégrée de Prédiction des Ruptures Systémiques (PIPRS), ARIA-Nexus : Réseau Intégré d'Allocation des Ressources Essentielles, Prisme Global — Édition Régulée, Agence Internationale de Supervision IA
*Opposants* : Collectifs Citoyens pour l'Audit Algorithmique Ouvert, Réseau des Auditeurs Algorithmiques Indépendants (RAAI), Front des Communes Algorithmiques, Courants Post-Technocratiques de Reconquête Démocratique, Les Hors-Prisme, Coalition des Souverainistes Numériques, Collectifs de Gouvernance Communautaire Décentralisée, Réseau des Régulateurs Numériques Souverains (RRNS), Front Souverainiste de l'Information Régionale

**Prisme Global — Édition Régulée** [TRANSFORMÉ] [impact:5/5]
Depuis ses bureaux-nœuds distribués sur sept fuseaux horaires, Prisme Global ressemble moins à une rédaction qu'à un organisme régulateur déguisé en agora. Ses IA éditoriales — les 'Tisseuses', dans le jargon interne — traitent 4,3 millions de contributions quotidiennes, les lissant dans un langage de consensus que ses détracteurs appellent 'le gris officiel'. Fondée dans l'effervescence participative des années 2020, la plateforme a survécu aux guerres de l'information de la décennie 2060 en signant les Accords de Lisbonne 2074, échangeant son indépendance structurelle contre une immunité institutionnelle. Aujourd'hui, ses Rapports de Résonance Mondiale sont cités dans les traités climatiques autant que dans les procès pour désinformation — preuve d'une influence qui fascine autant qu'elle inquiète.
*Responsabilités* : Agrège et modère des millions de récits locaux via des IA éditoriales certifiées CGI, produisant des synthèses prospectives utilisées comme référentiels par les institutions régulatrices. Gère un protocole de 'pluralisme encadré' qui garantit la diversité des voix tout en éliminant les contenus jugés 'déstabilisateurs systémiques'. Publie trimestriellement le Rapport de Résonance Mondiale, document semi-officiel utilisé dans les négociations climatiques et migratoires internationales.
*Signes distinctifs* : Logo animé en réfraction prismatique lente, décliné en 47 palettes chromatiques selon les régions — symbole du pluralisme affiché, critiqué comme un pluralisme cosmétique. Les interfaces contributeurs affichent un 'Indice de Cohérence Systémique' en temps réel, jauge verte à rouge qui oriente subtilement les récits vers l'acceptable. Les sièges physiques, rares et symboliques, sont des architectures translucides en verre photovoltaïque — visibilité totale revendiquée comme valeur fondatrice.
*Tensions* : La fracture centrale de Prisme Global en 2098 est celle de sa légitimité : est-elle encore le 'pouls du monde réel' qu'elle prétend incarner, ou est-e...
*Alliés* : Conseil de Gouvernance de l'Information, Consortium des IA Éditoriales Certifiées, Réseaux académiques prospectivistes du Pacte de Genève 2081
*Opposants* : Les Hors-Prisme, Front Souverainiste de l'Information Régionale, Factions Internes Dissidentes des Contributeurs Historiques

**Leena Väinälä** [ACTIF] [impact:4/5]
On la croise toujours avec deux écrans pliés sous le bras et une tasse de café noir finlandais qu'elle ne finit jamais — trop de réunions, trop de textes à corriger. Leena Väinälä, 71 ans, est l'une de ces rares intellectuelles dont les idées ont réussi à entrer dans les institutions sans tout à fait s'y dissoudre. Ses chartes des communs numériques, rédigées dans les années 2030 dans une chambre d'hôtel de Tampere, sont aujourd'hui citées dans dix-sept traités de gouvernance internationale. Le problème, dit-elle sans sourire, c'est qu'on cite les mots et qu'on oublie la procédure. En 2098, elle siège trois jours par semaine au Conseil de régulation numérique de Genève, et consacre les quatre autres à tenter de réparer ce que le Conseil abîme. Célébrée comme architecte de la démocratie numérique, elle se décrit elle-même comme une plombière qui colmate des fuites dans un bâtiment construit sans elle.
*Responsabilités* : Rédige et négocie des protocoles de délibération citoyenne insérés dans les cadres réglementaires des grandes institutions de gouvernance numérique globale. Intervient comme experte auprès des commissions mixtes IA-gouvernance pour défendre des garde-fous délibératifs contre l'automatisation des décisions politiques. Maintient en parallèle un réseau informel de penseurs et praticiens des communs, opérant comme contre-pouvoir intellectuel aux dérives technocratiques qu'elle observe de l'intérieur.
*Signes distinctifs* : Tenue sobre, toujours en nuances de gris et de bleu ardoise — une esthétique nordique lisible comme un refus du spectacle. Ses interventions publiques commencent invariablement par une question adressée à l'audience, jamais par une affirmation. Symbole personnel : un nœud de Borromée gravé sur sa tablette de travail, métaphore de l'interdépendance des trois piliers de sa doctrine — délibération, transparence, réversibilité.
*Tensions* : La tension centrale de Väinälä en 2098 est celle de la cooptation : jusqu'où peut-on travailler de l'intérieur d'un système technocratique sans en dev...
*Alliés* : Communs Numériques Agroécologiques, Conseil ONU de Gouvernance Numérique et IA, Universités et Think Tanks en Zones de Liberté Académique, Collectifs Citoyens de Délibération Augmentée
*Opposants* : Bloc des Architectes d'Efficience Algorithmique, Consortiums Privés de Gouvernance Algorithmique, Courant Autoritaire Récupérateur du Vocabulaire Communautaire, Front Techno-Utopiste de la Décision Automatisée

**Conseil de Gouvernance de l'Information** [ACTIF] [impact:5/5]
Né dans les turbulences régulatrices des années 2030, le Conseil de Gouvernance de l'Information est devenu l'institution la plus contestée de l'écosystème informationnel mondial — adulé par les technocrates de Genève, vilipendé par les souverainistes du Sud Global. Siégeant dans le complexe du Conseil de Régulation Numérique de Genève-Nexus, il dispose d'un pouvoir de certification qui conditionne l'accès aux marchés informationnels des blocs signataires pour des milliards de citoyens. Ses décisions font jurisprudence — et ses silences font parfois plus de bruit que ses arrêtés.
*Responsabilités* : Le Conseil de Gouvernance de l'Information (CGI) supervise la mise en conformité des plateformes numériques, des agents IA éditoriaux et des flux informationnels avec les normes internationales issues des grandes réformes régulatrices de 2033-2037. Il arbitre les litiges entre acteurs privés de l'information, États signataires et organisations de la société civile, et détient un pouvoir de certification ou de suspension des flux informationnels non conformes. En 2098, il gère également la mise en œuvre des directives issues du démantèlement judiciaire des conglomérats GAFAM 2+, supervisant la redistribution des architectures informationnelles héritées.
*Signes distinctifs* : Le CGI est reconnaissable à son double registre de légitimité : une autorité téchnique incontestée sur les normes d'auditabilité IA, couplée à une représentativité politique structurellement fragile qui exclut de facto les blocs souverainistes non-signataires. Son logo — une balance numérique à trois plateaux symbolisant États, marchés et société civile — est devenu, selon les camps, emblème de régulation ou icône d'une technocratie autoproclamée.
*Tensions* : La légitimité du CGI est minée par l'absence des blocs souverainistes non-signataires, qui le perçoivent comme un instrument de domination des puissan...

**Front Techno-Utopiste de la Décision Automatisée** [ACTIF] [impact:4/5]
Né dans les laboratoires de prospective politique des années 2020, le Front Techno-Utopiste de la Décision Automatisée s'est imposé en 2098 comme l'aiguillon radical des partisans de la gouvernance algorithmique : là où les institutions technocratiques maintiennent encore une façade de supervision humaine, le Front exige la rupture totale. Ses membres — ingénieurs IA, économistes comportementaux et juristes post-démocrates — considèrent chaque hésitation citoyenne comme une faille systémique à corriger par le code.
*Responsabilités* : Le Front Techno-Utopiste de la Décision Automatisée milite activement pour que les réformes politiques du régime technocratique soient confiées à des systèmes IA sans validation citoyenne ni débat parlementaire. Il produit des manifestes, des rapports algorithmiques et des démonstrations techniques visant à prouver la supériorité de la décision automatisée sur la délibération humaine. Il cherche à influencer les organes de régulation du Hub Européen pour que la supervision humaine obligatoire soit progressivement vidée de sa substance. Il cible également les nœuds de gouvernance algorithmique émergente pour y introduire des pilotes de décision automatisée intégrale.
*Signes distinctifs* : Le Front se distingue par son discours d'ingénierie pure appliqué au politique : la délibération n'est jamais un droit, toujours un bug. Son logo — une roue dentée inscrite dans une urne barrée d'une croix — est devenu le symbole provocateur de l'anti-délibération dans les couloirs de Genève-Nexus.
*Tensions* : Le Front se retrouve dans une contradiction structurelle : il milite pour supprimer la consultation citoyenne dans un régime technocratique qui tire j...

**Collectifs Citoyens pour l'Audit Algorithmique Ouvert** [ACTIF] [impact:4/5]
Nés dans les fractures numériques des années 2020, les Collectifs pour l'Audit Algorithmique Ouvert sont devenus la conscience critique du régime technocratique mondial : là où les institutions voient de l'efficacité, eux voient des boîtes noires. Fédérant des milliers de groupes locaux de Nairobi à Tampere, ils ont obtenu en 2073 que la contre-cartographie de São Paulo soit reconnue comme preuve recevable devant la Cour internationale de La Haye. Aujourd'hui, aucun grand texte de régulation algorithmique ne peut ignorer leur capacité à mobiliser l'opinion et à produire des données contradictoires.
*Responsabilités* : Les Collectifs Citoyens pour l'Audit Algorithmique Ouvert mobilisent des communautés locales et régionales pour exiger l'intégration de clauses contraignantes d'auditabilité dans toute législation encadrant les systèmes décisionnels automatisés. Ils organisent des contre-expertises participatives, publient des rapports d'évaluation citoyenne sur les algorithmes déployés dans les services publics, et forment des coalitions transnationales de veille algorithmique. En 2098, ils restent une force de pression centrale dans les débats réglementaires, notamment face aux grandes institutions technocratiques qui tendent à préférer des mécanismes de supervision opaques.
*Signes distinctifs* : Leur marque de fabrique : des 'audits citoyens ouverts' menés en temps réel lors des débats législatifs, rendant publics les biais et opacités des systèmes avant même leur adoption officielle. Ils sont reconnaissables à leur insistance sur le droit d'audit comme droit fondamental, non négociable au nom de l'efficacité ou de la sécurité nationale.
*Tensions* : Les Collectifs sont tiraillés entre leur efficacité croissante — qui les rapproche des institutions qu'ils critiquent — et le risque d'être cooptés co...

## CONSIGNE DE RÉDACTION

**Rubrique** : MUSIQUE

**Format** : chronique | **Longueur** : 200 à 400 mots
**Style** : chronique
**Niveau émotionnel** : moyen — impliqué sans dramatiser
**Échelle** : continentale | **Temporalité** : court terme

**Acteurs à impliquer** : artistes, labels, plateformes numériques, publics

**Angle spécifique demandé** : romuva la nouvelle religion en europe

**Date de publication** : à définir dans l'article — une date crédible en 2098

---

Écris maintenant l'article. Commence directement par le titre.

Contraintes impératives :
- Le titre doit être accrocheur et ancré dans le monde décrit
- La date et le lieu de publication apparaissent sous le titre
- L'article utilise des noms propres inventés mais crédibles (personnes, lieux, organisations)
- Aucune référence au mot 'scénario', 'variable', 'simulation'
- Le contexte du monde est montré, pas expliqué
- Les entités canoniques listées ci-dessus DOIVENT être utilisées avec leurs noms et descriptions exactes
- L'article est ancré géographiquement dans la zone **Ameriques Reformees** : les lieux, événements et protagonistes de l'article sont situés dans cette zone ou la mentionnent explicitement comme cadre principal. Les références à d'autres régions du monde restent secondaires.

--- [policy_reform] MÉTADONNÉES ---
  scenario : policy_reform
  thematique : musique
  format : chronique
  longueur : 200 à 400 mots
  ligne_editoriale : opposition

✓ Pipeline complet — prêt pour l'API
