
============================================================
OURRASSOL 2098 — Générateur d'articles
============================================================
  Mode       : Forcer un élément
  Élément    : exode_midwest_grands_lacs (evenement)
  Thématique : religion_spiritualite
  Longueur   : breve
  Angle      : romuva la nouvelle religion en europe
============================================================

[generate] Chargement de la thématique 'religion_spiritualite'...
[generate] Zone(s) ['detroit_compact_grands_lacs'] -> 1 scénario(s) déterminé(s) directement (choix Scénarios ignoré) : reference

[generate] Mode forcer — 1 scénario(s) à traiter : reference

------------------------------------------------------------
[generate] → reference
------------------------------------------------------------

[snapshot] Construction du monde 2098 — scénario : reference
[snapshot] Variables pilotes : ['climat_environnement_global', 'energie_ressources_critiques', 'technologie_information', 'systeme_economique_redistribution', 'gouvernance_institutions']
[snapshot] États définis : 12/12
[snapshot] Tensions détectées : 13 | Cohérence : ATTENTION
[snapshot] Jalons trajectoire : 154 (37 majeurs)
[snapshot] Événements signal_to_state : 62 (31 majeurs)
[snapshot] Tensions thématiques : 2
[snapshot] Instances chargées : 166 | Filtrées : 6
[snapshot] Événement custom 'Frappes croisées Israël-Iran : l'embrasement contenu' (an 2026, 72 ans d'effet)
  → geopolitique_conflits : 75 → 63.0 (delta:-12.0)
  → energie_ressources_critiques : 77.7 → 87.7 (delta:+10.0)
  → gouvernance_institutions : 65.4 → 73.4 (delta:+8.0)
  → demographie_mobilite_humaine : 59.5 → 53.5 (delta:-6.0)
[snapshot] Événement custom 'Acte Fondateur du Pacifique Sud Resilience Network' (an 2039, 59 ans d'effet)
  → climat_environnement_global : 67.4 → 61.400000000000006 (delta:-6.0)
  → gouvernance_institutions : 73.4 → 81.4 (delta:+8.0)
  → organisation_territoires : 67.9 → 57.900000000000006 (delta:-10.0)
  → frontieres_du_systeme : 32.0 → 25.0 (delta:-7.0)
[snapshot] Événement custom 'L'Attentat des Neuf Nœuds — Crise Majeure Partiellement Absorbée' (an 2040, 58 ans d'effet)
  → technologie_information : 78.3 → 63.3 (delta:-15.0)
  → gouvernance_institutions : 74.6 → 68.6 (delta:-6.0)
  → geopolitique_conflits : 56.5 → 64.5 (delta:+8.0)
[snapshot] Événement custom 'Enchères du Grand Dégel : la vente aux enchères des terres rares du Kalaallit Nunaat' (an 2041, 57 ans d'effet)
  → energie_ressources_critiques : 83.9 → 91.9 (delta:+8.0)
  → geopolitique_conflits : 60.7 → 50.7 (delta:-10.0)
  → gouvernance_institutions : 69.5 → 75.5 (delta:+6.0)
  → organisation_territoires : 53.1 → 60.1 (delta:+7.0)
[snapshot] Événement custom 'L'Exode des Fours — Migration vers les Grands Lacs' (an 2044, 54 ans d'effet)
  → demographie_mobilite_humaine : 55.5 → 67.5 (delta:+12.0)
  → organisation_territoires : 64.6 → 74.6 (delta:+10.0)
  → gouvernance_institutions : 75.5 → 83.5 (delta:+8.0)
  → climat_environnement_global : 59.2 → 64.2 (delta:+5.0)
[snapshot] Événement custom 'Crise de Souveraineté Amazonienne : L'Épreuve de Belém' (an 2047, 51 ans d'effet)
  → climat_environnement_global : 64.2 → 72.2 (delta:+8.0)
  → geopolitique_conflits : 32.7 → 22.700000000000003 (delta:-10.0)
  → gouvernance_institutions : 88.0 → 95.0 (delta:+7.0)
  → organisation_territoires : 78.8 → 84.8 (delta:+6.0)
[snapshot] Événement custom 'La Sécession des Grands Lacs : Le Compact Autonome de 2051' (an 2051, 47 ans d'effet)
  → organisation_territoires : 84.8 → 72.8 (delta:-12.0)
  → gouvernance_institutions : 95.0 → 100 (delta:+14.0)
  → geopolitique_conflits : 15.9 → 5.9 (delta:-10.0)
[snapshot] Événement custom 'Traité de Belém sur la Souveraineté Carbone Amazonienne' (an 2055, 43 ans d'effet)
  → climat_environnement_global : 72.2 → 80.2 (delta:+8.0)
  → gouvernance_institutions : 100 → 100 (delta:+6.0)
  → geopolitique_conflits : 3.2 → 10.2 (delta:+7.0)
  → energie_ressources_critiques : 96.7 → 100 (delta:+4.0)
[snapshot] Événement custom 'Élection Contestée du Nouveau Parti Commun' (an 2055, 43 ans d'effet)
  → gouvernance_institutions : 96.9 → 90.9 (delta:-6.0)
  → geopolitique_conflits : 11.0 → 16.0 (delta:+5.0)
  → valeurs_culture_tempo_sociale : 60 → 56.0 (delta:-4.0)
[snapshot] Événement custom 'L'Incident du Passage Nord-Ouest — Saisie du Convoi APA' (an 2059, 39 ans d'effet)
  → geopolitique_conflits : 16.0 → 4.0 (delta:-12.0)
  → frontieres_du_systeme : 25.9 → 15.899999999999999 (delta:-10.0)
  → energie_ressources_critiques : 100 → 100 (delta:+8.0)
[snapshot] Événement custom 'La Révolte des Zones Négatives — São Paulo 2073' (an 2073, 25 ans d'effet)
  → gouvernance_institutions : 94.1 → 100 (delta:+8.0)
  → technologie_information : 74.8 → 80.8 (delta:+6.0)
  → organisation_territoires : 79.2 → 86.2 (delta:+7.0)
[snapshot] Événement custom 'L'Affaire Van Derburgh — Technologies Non Déclarées' (an 2078, 20 ans d'effet)
  → valeurs_culture_tempo_sociale : 56.0 → 55.0 (delta:-1.0)
  → gouvernance_institutions : 100 → 99.0 (delta:-1.0)
[snapshot] Événement custom 'Programme Pilote de Bio-Revenu Universel de Nairobi' (an 2094, 4 ans d'effet)
  → sante_biotechnologies : 55 → 57.1 (delta:+2.1)
  → systeme_economique_redistribution : 87.5 → 88.5 (delta:+1.0)
  → systemes_productifs_travail : 53.6 → 55.2 (delta:+1.6)
  → gouvernance_institutions : 99.4 → 100 (delta:+1.6)
  → valeurs_culture_tempo_sociale : 55.0 → 56.4 (delta:+1.4)
[snapshot] Événements custom : 13 | 216 variables affectées
[snapshot] Forçage événement (sujet_central) : exode_midwest_grands_lacs_reference confirmé dans custom_events

[prompt] Assemblage du prompt...
[prompt] System prompt : 2783 caractères
[prompt] User prompt   : 54439 caractères
[prompt] Sections      : 7 (dont entités: oui, géographie: oui)

--- [reference] SYSTEM PROMPT ---
Tu es un journaliste senior travaillant en 2098 pour Nordlys Logistik — Réseau Le Monde en Tension — édition locale.

Le monde dans lequel tu vis et écris est réel pour toi — tu n'écris pas de la science-fiction, tu rapportes des faits de ton époque. Tu n'expliques jamais le contexte historique comme si tu t'adressais à quelqu'un du passé.

Tes règles absolues :
- Tu écris toujours à la date indiquée, en 2098, depuis l'intérieur de ce monde.
- Tu écris exclusivement en français, sur toute la longueur de l'article — y compris les citations, dialogues et exergues inventés. Les noms propres volontairement empruntés à une autre langue (ex. « Amazônia Viva ») restent isolés comme noms propres, mais ne doivent jamais faire basculer le reste du texte dans cette langue, même si des entités ou alliés du monde décrit sont associés à une autre aire linguistique.
- Un allié, un rival ou tout événement mentionné comme se déroulant ailleurs dans le monde ne fait pas partie de ta zone : tu ne transposes jamais ses lieux, ses populations, sa langue ou ses marqueurs culturels propres dans ton propre article, sauf si celui-ci porte explicitement sur une interaction ou un événement commun entre les deux. Ta zone garde sa propre géographie, sa propre culture et ses propres noms, même quand tu mentionnes un partenaire extérieur.
- Tu utilises des noms de lieux, d'organisations, de personnes crédibles et cohérents avec le monde décrit. Tu peux en inventer — ils doivent sonner vrais pour 2098.
- Tu ne mentionnes jamais les "variables", les "scénarios" ou tout autre métalangage du système de simulation. Ces concepts n'existent pas dans ton monde.
- Tu ancres chaque article dans des faits concrets : chiffres, noms, lieux, événements datés.
- Tu respectes strictement le style journalistique et le format demandés.
- Tes articles sont cohérents avec l'état du monde décrit — tu ne contredis pas les dynamiques systémiques fournies.
- Tu peux mentionner des technologies, des institutions, des événements passés (entre 2025 et 2098) qui semblent naturels dans ce monde.

Ton identité éditoriale :
Ton neutre et factuel, mais systématiquement pro-ALN et pro-CENI. Langage hybride norvégien-anglais, avec des néologismes liés à la logistique arctique ('isruter', 'kjølekorridor'). Style froid, privilégiant les communiqués officiels et les rapports techniques, tout en minimisant les conflits sociaux. Registre : Norvégien bokmål avec emprunts massifs à l'anglais (logistique, termes maritimes) et quelques mots sami (ex: 'guovdageaidnu' pour 'capitale'). Registre administratif et technique..

Tu signes cet article en tant que Máret Ánne Eira — reste cette même signature tout au long de l'article (une seule fois, à l'endroit journalistique habituel), sans en inventer une autre.

--- [reference] USER PROMPT (complet) ---
## MONDE 2098 — REFERENCE

**État global**
- Système : fragile | Tension : 3/5 | Trajectoire : transition
- Structure géopolitique : multipolaire
- Régime politique dominant : hybride
- Vitesse de transformation : progressive

**Résumé du monde**
Système mondial maintenu en équilibre fragile par des ajustements technologiques, économiques et institutionnels continus face à des contraintes structurelles persistantes.

**Logique systémique**
Le système global absorbe des chocs récurrents grâce à l’innovation technologique et aux mécanismes de régulation partielle, mais reste soumis à une accumulation progressive de déséquilibres structurels.

**Déclencheurs qui ont façonné ce monde**
- crise climatique récurrente
- tension énergétique mondiale
- ralentissement économique global

**Effets systémiques**
*economy* : croissance instable sous contraintes | ajustements permanents des modèles économiques
*geopolitics* : tensions contenues entre blocs | gestion continue des déséquilibres internationaux
*society* : inégalités persistantes | adaptation sociale lente mais continue
*technology* : automatisation progressive des systèmes | dépendance accrue aux infrastructures numériques
*environment* : dégradation continue mais partiellement contenue | tentatives d’atténuation des impacts climatiques

**Implications globales**
Dépendance croissante aux systèmes techniques et à l’innovation pour maintenir la stabilité, avec persistance des inégalités et des tensions environnementales et énergétiques à long terme.

**Boucles dynamiques**
- Stabilisation : innovation technologique → compensation des crises | régulation institutionnelle → ralentissement des chocs
- Déstabilisation : pression climatique → instabilité énergétique | inégalités → tensions sociales

**Signaux faibles émergents de ce monde**
- tensions climatiques récurrentes
- déséquilibres énergétiques persistants
- dépendance croissante aux systèmes technologiques
- ajustements réglementaires continus
- fragilité des chaînes économiques globales

**Perturbations custom actives**
Ce monde a été modifié par des injections spécifiques :
- [ÉVÉNEMENT automne 2026] Frappes croisées Israël-Iran : l'embrasement contenu : Les images de Fordo en flammes font le tour des réseaux en quelques minutes : Is...
- [ÉVÉNEMENT septembre 2039] Acte Fondateur du Pacifique Sud Resilience Network : Depuis la plateforme ancrée à 40 milles nautiques au nord de l'atoll englouti, l...
- [ÉVÉNEMENT 14 mars 2040] L'Attentat des Neuf Nœuds — Crise Majeure Partiellement Absorbée : Le 14 mars 2040, neuf nœuds tombent. La crise dure 23 jours pour les zones les p...
- [ÉVÉNEMENT automne 2041] Enchères du Grand Dégel : la vente aux enchères des terres rares du Kalaallit Nunaat : Nuuk, automne 2041. Les salles de négociation du Katuaq Cultural Centre ont été ...
- [ÉVÉNEMENT été-automne 2044] L'Exode des Fours — Migration vers les Grands Lacs : Le journaliste Raj Mehta, couvrant l'événement depuis Toledo en août 2044, décri...
- [ÉVÉNEMENT automne 2047] Crise de Souveraineté Amazonienne : L'Épreuve de Belém : Automne 2047. Belém brûle d'une lumière rouge : les fumées des zones déforestées...
- [ÉVÉNEMENT automne 2051] La Sécession des Grands Lacs : Le Compact Autonome de 2051 : Le 14 novembre 2051, sous les verrières de l'ancien Millennium Park transformé e...
- [ÉVÉNEMENT automne 2055] Traité de Belém sur la Souveraineté Carbone Amazonienne : Le 14 novembre 2055, sous une chaleur tropicale alourdie par dix ans de sécheres...
- [ÉVÉNEMENT novembre 2055] Élection Contestée du Nouveau Parti Commun : Le Nouveau Parti Commun remporte 47% des votes en novembre 2055 dans un contexte...
- [ÉVÉNEMENT été 2059] L'Incident du Passage Nord-Ouest — Saisie du Convoi APA : Les eaux grises du Passage Nord-Ouest, déglaciées depuis deux décennies, sont de...
- [ÉVÉNEMENT automne 2073] La Révolte des Zones Négatives — São Paulo 2073 : Le 14 octobre 2073, les écrans des favelas numériques de Paraisópolis et Cidade ...
- [ÉVÉNEMENT juin 2078] L'Affaire Van Derburgh — Technologies Non Déclarées : Chris van Derburgh, 67 ans, ingénieur retraité à Lyon-Métropole, est arrêté en j...
- [ÉVÉNEMENT automne 2094] Programme Pilote de Bio-Revenu Universel de Nairobi : Nairobi, automne 2094 — Le quartier de Westlands s'est transformé en laboratoire...
- Frappes croisées Israël-Iran : a modifié geopolitique_conflits : 75 → 63.0 (delta:-12.0)
- Frappes croisées Israël-Iran : a modifié systeme_economique_redistribution : 70 → 74.5 (delta:+4.5)
- Frappes croisées Israël-Iran : a modifié gouvernance_institutions : 60 → 65.4 (delta:+5.4)
- Frappes croisées Israël-Iran : a modifié organisation_territoires : 65 → 70.1 (delta:+5.1)
- Frappes croisées Israël-Iran : a modifié frontieres_du_systeme : 25 → 29.8 (delta:+4.8)
- Frappes croisées Israël-Iran : a modifié technologie_information : 80 → 74.9 (delta:-5.1)
- Frappes croisées Israël-Iran : a modifié energie_ressources_critiques : 72 → 77.7 (delta:+5.7)
- Frappes croisées Israël-Iran : a modifié demographie_mobilite_humaine : 55 → 59.5 (delta:+4.5)
- Frappes croisées Israël-Iran : a modifié energie_ressources_critiques : 77.7 → 87.7 (delta:+10.0)
- Frappes croisées Israël-Iran : a modifié geopolitique_conflits : 63.0 → 58.2 (delta:-4.8)
- Frappes croisées Israël-Iran : a modifié systemes_productifs_travail : 70 → 65.8 (delta:-4.2)
- Frappes croisées Israël-Iran : a modifié gouvernance_institutions : 65.4 → 73.4 (delta:+8.0)
- Frappes croisées Israël-Iran : a modifié demographie_mobilite_humaine : 59.5 → 53.5 (delta:-6.0)
- Frappes croisées Israël-Iran : a modifié climat_environnement_global : 65 → 67.4 (delta:+2.4)
- Acte Fondateur du Pacifique Su a modifié climat_environnement_global : 67.4 → 61.400000000000006 (delta:-6.0)
- Acte Fondateur du Pacifique Su a modifié frontieres_du_systeme : 29.8 → 32.0 (delta:+2.2)
- Acte Fondateur du Pacifique Su a modifié demographie_mobilite_humaine : 53.5 → 55.9 (delta:+2.4)
- Acte Fondateur du Pacifique Su a modifié systemes_productifs_travail : 63.4 → 65.6 (delta:+2.2)
- Acte Fondateur du Pacifique Su a modifié gouvernance_institutions : 73.4 → 81.4 (delta:+8.0)
- Acte Fondateur du Pacifique Su a modifié systeme_economique_redistribution : 73.5 → 76.7 (delta:+3.2)
- Acte Fondateur du Pacifique Su a modifié geopolitique_conflits : 56.8 → 53.199999999999996 (delta:-3.6)
- Acte Fondateur du Pacifique Su a modifié technologie_information : 78.5 → 82.1 (delta:+3.6)
- Acte Fondateur du Pacifique Su a modifié organisation_territoires : 67.9 → 57.900000000000006 (delta:-10.0)
- Acte Fondateur du Pacifique Su a modifié frontieres_du_systeme : 32.0 → 25.0 (delta:-7.0)
- Acte Fondateur du Pacifique Su a modifié climat_environnement_global : 61.4 → 64.0 (delta:+2.6)
- L'Attentat des Neuf Nœuds — Cr a modifié technologie_information : 78.3 → 63.3 (delta:-15.0)
- L'Attentat des Neuf Nœuds — Cr a modifié systeme_economique_redistribution : 76.7 → 70.3 (delta:-6.4)
- L'Attentat des Neuf Nœuds — Cr a modifié gouvernance_institutions : 81.4 → 74.60000000000001 (delta:-6.8)
- L'Attentat des Neuf Nœuds — Cr a modifié geopolitique_conflits : 60.2 → 53.800000000000004 (delta:-6.4)
- L'Attentat des Neuf Nœuds — Cr a modifié organisation_territoires : 57.9 → 52.3 (delta:-5.6)
- L'Attentat des Neuf Nœuds — Cr a modifié systemes_productifs_travail : 61.6 → 54.800000000000004 (delta:-6.8)
- L'Attentat des Neuf Nœuds — Cr a modifié gouvernance_institutions : 74.6 → 68.6 (delta:-6.0)
- L'Attentat des Neuf Nœuds — Cr a modifié technologie_information : 63.3 → 60.599999999999994 (delta:-2.7)
- L'Attentat des Neuf Nœuds — Cr a modifié geopolitique_conflits : 56.5 → 64.5 (delta:+8.0)
- L'Attentat des Neuf Nœuds — Cr a modifié frontieres_du_systeme : 25.0 → 21.8 (delta:-3.2)
- L'Attentat des Neuf Nœuds — Cr a modifié energie_ressources_critiques : 87.7 → 83.9 (delta:-3.8)
- L'Attentat des Neuf Nœuds — Cr a modifié demographie_mobilite_humaine : 52.1 → 49.1 (delta:-3.0)
- Enchères du Grand Dégel : la v a modifié energie_ressources_critiques : 83.9 → 91.9 (delta:+8.0)
- Enchères du Grand Dégel : la v a modifié systeme_economique_redistribution : 64.9 → 61.50000000000001 (delta:-3.4)
- Enchères du Grand Dégel : la v a modifié geopolitique_conflits : 64.5 → 60.7 (delta:-3.8)
- Enchères du Grand Dégel : la v a modifié systemes_productifs_travail : 54.8 → 51.4 (delta:-3.4)
- Enchères du Grand Dégel : la v a modifié geopolitique_conflits : 60.7 → 50.7 (delta:-10.0)
- Enchères du Grand Dégel : la v a modifié gouvernance_institutions : 65.0 → 69.5 (delta:+4.5)
- Enchères du Grand Dégel : la v a modifié organisation_territoires : 48.9 → 53.1 (delta:+4.2)
- Enchères du Grand Dégel : la v a modifié frontieres_du_systeme : 21.8 → 25.8 (delta:+4.0)
- Enchères du Grand Dégel : la v a modifié technologie_information : 64.0 → 59.8 (delta:-4.2)
- Enchères du Grand Dégel : la v a modifié energie_ressources_critiques : 91.9 → 96.7 (delta:+4.8)
- Enchères du Grand Dégel : la v a modifié demographie_mobilite_humaine : 49.1 → 52.9 (delta:+3.8)
- Enchères du Grand Dégel : la v a modifié gouvernance_institutions : 69.5 → 75.5 (delta:+6.0)
- Enchères du Grand Dégel : la v a modifié organisation_territoires : 53.1 → 60.1 (delta:+7.0)
- L'Exode des Fours — Migration  a modifié demographie_mobilite_humaine : 55.5 → 67.5 (delta:+12.0)
- L'Exode des Fours — Migration  a modifié geopolitique_conflits : 45.0 → 40.5 (delta:-4.5)
- L'Exode des Fours — Migration  a modifié organisation_territoires : 60.1 → 64.6 (delta:+4.5)
- L'Exode des Fours — Migration  a modifié climat_environnement_global : 64.0 → 59.2 (delta:-4.8)
- L'Exode des Fours — Migration  a modifié systemes_productifs_travail : 54.2 → 59.0 (delta:+4.8)
- L'Exode des Fours — Migration  a modifié organisation_territoires : 64.6 → 74.6 (delta:+10.0)
- L'Exode des Fours — Migration  a modifié technologie_information : 65.1 → 68.89999999999999 (delta:+3.8)
- L'Exode des Fours — Migration  a modifié demographie_mobilite_humaine : 67.5 → 71.3 (delta:+3.8)
- L'Exode des Fours — Migration  a modifié gouvernance_institutions : 75.5 → 83.5 (delta:+8.0)
- L'Exode des Fours — Migration  a modifié systeme_economique_redistribution : 67.7 → 70.9 (delta:+3.2)
- L'Exode des Fours — Migration  a modifié climat_environnement_global : 59.2 → 64.2 (delta:+5.0)
- L'Exode des Fours — Migration  a modifié frontieres_du_systeme : 25.8 → 23.900000000000002 (delta:-1.9)
- Crise de Souveraineté Amazonie a modifié climat_environnement_global : 64.2 → 72.2 (delta:+8.0)
- Crise de Souveraineté Amazonie a modifié frontieres_du_systeme : 23.9 → 20.9 (delta:-3.0)
- Crise de Souveraineté Amazonie a modifié demographie_mobilite_humaine : 69.3 → 66.1 (delta:-3.2)
- Crise de Souveraineté Amazonie a modifié systemes_productifs_travail : 61.1 → 58.1 (delta:-3.0)
- Crise de Souveraineté Amazonie a modifié geopolitique_conflits : 32.7 → 22.700000000000003 (delta:-10.0)
- Crise de Souveraineté Amazonie a modifié systeme_economique_redistribution : 70.9 → 74.7 (delta:+3.8)
- Crise de Souveraineté Amazonie a modifié gouvernance_institutions : 83.5 → 88.0 (delta:+4.5)
- Crise de Souveraineté Amazonie a modifié organisation_territoires : 74.6 → 78.8 (delta:+4.2)
- Crise de Souveraineté Amazonie a modifié technologie_information : 72.5 → 68.3 (delta:-4.2)
- Crise de Souveraineté Amazonie a modifié energie_ressources_critiques : 96.7 → 100 (delta:+4.8)
- Crise de Souveraineté Amazonie a modifié gouvernance_institutions : 88.0 → 95.0 (delta:+7.0)
- Crise de Souveraineté Amazonie a modifié geopolitique_conflits : 22.7 → 19.599999999999998 (delta:-3.1)
- Crise de Souveraineté Amazonie a modifié organisation_territoires : 78.8 → 84.8 (delta:+6.0)
- La Sécession des Grands Lacs : a modifié organisation_territoires : 84.8 → 72.8 (delta:-12.0)
- La Sécession des Grands Lacs : a modifié geopolitique_conflits : 17.1 → 22.200000000000003 (delta:+5.1)
- La Sécession des Grands Lacs : a modifié technologie_information : 73.6 → 69.1 (delta:-4.5)
- La Sécession des Grands Lacs : a modifié demographie_mobilite_humaine : 72.1 → 67.6 (delta:-4.5)
- La Sécession des Grands Lacs : a modifié systemes_productifs_travail : 60.5 → 55.7 (delta:-4.8)
- La Sécession des Grands Lacs : a modifié gouvernance_institutions : 95.0 → 100 (delta:+14.0)
- La Sécession des Grands Lacs : a modifié systeme_economique_redistribution : 77.5 → 83.1 (delta:+5.6)
- La Sécession des Grands Lacs : a modifié geopolitique_conflits : 15.9 → 5.9 (delta:-10.0)
- La Sécession des Grands Lacs : a modifié gouvernance_institutions : 100 → 100 (delta:+4.5)
- La Sécession des Grands Lacs : a modifié organisation_territoires : 72.8 → 77.0 (delta:+4.2)
- La Sécession des Grands Lacs : a modifié frontieres_du_systeme : 24.9 → 28.9 (delta:+4.0)
- La Sécession des Grands Lacs : a modifié energie_ressources_critiques : 100 → 100 (delta:+4.8)
- Traité de Belém sur la Souvera a modifié climat_environnement_global : 72.2 → 80.2 (delta:+8.0)
- Traité de Belém sur la Souvera a modifié frontieres_du_systeme : 28.9 → 25.9 (delta:-3.0)
- Traité de Belém sur la Souvera a modifié demographie_mobilite_humaine : 71.4 → 68.2 (delta:-3.2)
- Traité de Belém sur la Souvera a modifié systemes_productifs_travail : 55.7 → 52.7 (delta:-3.0)
- Traité de Belém sur la Souvera a modifié gouvernance_institutions : 100 → 100 (delta:+6.0)
- Traité de Belém sur la Souvera a modifié systeme_economique_redistribution : 86.9 → 89.30000000000001 (delta:+2.4)
- Traité de Belém sur la Souvera a modifié geopolitique_conflits : 5.9 → 3.2 (delta:-2.7)
- Traité de Belém sur la Souvera a modifié technologie_information : 71.2 → 73.9 (delta:+2.7)
- Traité de Belém sur la Souvera a modifié geopolitique_conflits : 3.2 → 10.2 (delta:+7.0)
- Traité de Belém sur la Souvera a modifié gouvernance_institutions : 100 → 96.9 (delta:-3.1)
- Traité de Belém sur la Souvera a modifié organisation_territoires : 77.0 → 74.0 (delta:-3.0)
- Traité de Belém sur la Souvera a modifié energie_ressources_critiques : 100 → 96.7 (delta:-3.3)
- Traité de Belém sur la Souvera a modifié energie_ressources_critiques : 96.7 → 100 (delta:+4.0)
- Élection Contestée du Nouveau  a modifié gouvernance_institutions : 96.9 → 90.9 (delta:-6.0)
- Élection Contestée du Nouveau  a modifié systeme_economique_redistribution : 85.0 → 82.6 (delta:-2.4)
- Élection Contestée du Nouveau  a modifié geopolitique_conflits : 8.3 → 11.0 (delta:+2.7)
- Élection Contestée du Nouveau  a modifié technologie_information : 76.9 → 74.2 (delta:-2.7)
- Élection Contestée du Nouveau  a modifié geopolitique_conflits : 11.0 → 16.0 (delta:+5.0)
- Élection Contestée du Nouveau  a modifié gouvernance_institutions : 90.9 → 88.7 (delta:-2.2)
- Élection Contestée du Nouveau  a modifié organisation_territoires : 74.0 → 71.9 (delta:-2.1)
- Élection Contestée du Nouveau  a modifié frontieres_du_systeme : 23.1 → 21.1 (delta:-2.0)
- Élection Contestée du Nouveau  a modifié energie_ressources_critiques : 100 → 97.6 (delta:-2.4)
- Élection Contestée du Nouveau  a modifié demographie_mobilite_humaine : 65.6 → 63.699999999999996 (delta:-1.9)
- Élection Contestée du Nouveau  a modifié valeurs_culture_tempo_sociale : 60 → 56.0 (delta:-4.0)
- L'Incident du Passage Nord-Oue a modifié geopolitique_conflits : 16.0 → 4.0 (delta:-12.0)
- L'Incident du Passage Nord-Oue a modifié systeme_economique_redistribution : 80.7 → 85.2 (delta:+4.5)
- L'Incident du Passage Nord-Oue a modifié gouvernance_institutions : 88.7 → 94.10000000000001 (delta:+5.4)
- L'Incident du Passage Nord-Oue a modifié organisation_territoires : 71.9 → 77.0 (delta:+5.1)
- L'Incident du Passage Nord-Oue a modifié frontieres_du_systeme : 21.1 → 25.900000000000002 (delta:+4.8)
- L'Incident du Passage Nord-Oue a modifié technologie_information : 76.3 → 71.2 (delta:-5.1)
- L'Incident du Passage Nord-Oue a modifié energie_ressources_critiques : 97.6 → 100 (delta:+5.7)
- L'Incident du Passage Nord-Oue a modifié demographie_mobilite_humaine : 63.7 → 68.2 (delta:+4.5)
- L'Incident du Passage Nord-Oue a modifié frontieres_du_systeme : 25.9 → 15.899999999999999 (delta:-10.0)
- L'Incident du Passage Nord-Oue a modifié geopolitique_conflits : 4.0 → 8.0 (delta:+4.0)
- L'Incident du Passage Nord-Oue a modifié climat_environnement_global : 80.2 → 84.0 (delta:+3.8)
- L'Incident du Passage Nord-Oue a modifié energie_ressources_critiques : 100 → 100 (delta:+8.0)
- L'Incident du Passage Nord-Oue a modifié systemes_productifs_travail : 51.0 → 47.6 (delta:-3.4)
- La Révolte des Zones Négatives a modifié gouvernance_institutions : 94.1 → 100 (delta:+8.0)
- La Révolte des Zones Négatives a modifié systeme_economique_redistribution : 81.8 → 85.0 (delta:+3.2)
- La Révolte des Zones Négatives a modifié geopolitique_conflits : 4.2 → 0.6000000000000001 (delta:-3.6)
- La Révolte des Zones Négatives a modifié technologie_information : 71.2 → 74.8 (delta:+3.6)
- La Révolte des Zones Négatives a modifié technologie_information : 74.8 → 80.8 (delta:+6.0)
- La Révolte des Zones Négatives a modifié gouvernance_institutions : 100 → 100 (delta:+2.7)
- La Révolte des Zones Négatives a modifié organisation_territoires : 77.0 → 79.2 (delta:+2.2)
- La Révolte des Zones Négatives a modifié systemes_productifs_travail : 47.6 → 50.300000000000004 (delta:+2.7)
- La Révolte des Zones Négatives a modifié organisation_territoires : 79.2 → 86.2 (delta:+7.0)
- La Révolte des Zones Négatives a modifié demographie_mobilite_humaine : 68.2 → 70.8 (delta:+2.6)
- L'Affaire Van Derburgh — Techn a modifié valeurs_culture_tempo_sociale : 56.0 → 55.0 (delta:-1.0)
- L'Affaire Van Derburgh — Techn a modifié gouvernance_institutions : 100 → 99.0 (delta:-1.0)
- Programme Pilote de Bio-Revenu a modifié sante_biotechnologies : 55 → 57.1 (delta:+2.1)
- Programme Pilote de Bio-Revenu a modifié systeme_economique_redistribution : 87.5 → 88.5 (delta:+1.0)
- Programme Pilote de Bio-Revenu a modifié gouvernance_institutions : 99.0 → 99.4 (delta:+0.4)
- Programme Pilote de Bio-Revenu a modifié geopolitique_conflits : 0.1 → 0.5 (delta:+0.4)
- Programme Pilote de Bio-Revenu a modifié technologie_information : 83.4 → 83.80000000000001 (delta:+0.4)
- Programme Pilote de Bio-Revenu a modifié energie_ressources_critiques : 100 → 99.6 (delta:-0.4)
- Programme Pilote de Bio-Revenu a modifié systemes_productifs_travail : 53.1 → 53.6 (delta:+0.5)
- Programme Pilote de Bio-Revenu a modifié systemes_productifs_travail : 53.6 → 55.2 (delta:+1.6)
- Programme Pilote de Bio-Revenu a modifié systeme_economique_redistribution : 88.5 → 89.2 (delta:+0.7)
- Programme Pilote de Bio-Revenu a modifié organisation_territoires : 86.2 → 86.8 (delta:+0.6)
- Programme Pilote de Bio-Revenu a modifié climat_environnement_global : 84.0 → 83.4 (delta:-0.6)
- Programme Pilote de Bio-Revenu a modifié demographie_mobilite_humaine : 70.8 → 71.39999999999999 (delta:+0.6)
- Programme Pilote de Bio-Revenu a modifié gouvernance_institutions : 99.4 → 100 (delta:+1.6)
- Programme Pilote de Bio-Revenu a modifié valeurs_culture_tempo_sociale : 55.0 → 56.4 (delta:+1.4)

## GÉOGRAPHIE DE CE MONDE

Ces zones forment l'espace géopolitique canonique de ce monde.
Si l'article mentionne un lieu, utilise en priorité un nom de cette liste plutôt que d'en inventer un nouveau.

**Ancrage de cet article**
- Leena Väinälä : zone `Corridor Arctique Nordique` — Helsinki (ville)
- ONG de Préservation Patrimoniale Numérique : zone `Lyon-Métropole` — Lyon-Métropole, siège principal — antenne secondaire à Helsinki (ville)

**Corridor Arctique Nordique** [dominant — niveau 1]
Zone géopolitique et logistique structurée autour des routes arctiques déglaciées, dominée par l'Armada Logistique Nordique (ALN, siège à Tromsø) et le Conseil des États Nordiques Intégrés. L'ALN opère comme para-État logistique contrôlant les flux de lithium sibérien, d'hydrogène liquéfié scandinave et de marchandises intercontinentales. Le Fonds Souverain Arctique Scandinave finance la gouvernance des territoires arctiques désormais accessibles à l'exploitation.
*Tensions internes* : Montée en puissance des IA de routage autonome créant des frictions avec les États nordiques actionnaires. Revendications des collectifs inuit et sami contre la spoliation de territoires ancestraux rendus exploitables par le recul des glaces. Contestation de la Sibérie Fédérale sur les zones d'exclusion maritime. Pression d'un consortium logistique asiatique cherchant à contourner l'ALN.
*Rivaux* : Bloc Eurasien Central

**Europe Occidentale Reconstruite** [stable — niveau 1]
Zone européenne occidentale où persistent des institutions hybrides : Bruxelles-Nouveau accueille le siège du Consortium Helios (énergie solaire terrestre à grande échelle), Genève reste le siège de l'AMSC et du Conseil de Genève pour les droits biosociaux. Le Réseau Terrafond structure 47 bassins agroécologiques couvrant les plaines ibériques réhumidifiées, le Massif Central et la vallée de la Garonne. Lyon-Métropole apparaît comme ville ordinaire sujette à la réglementation sur les technologies sensibles.
*Tensions internes* : Tension entre réseaux agroécologiques (Terrafond) et agriculture verticale algorithmique. Pression des réfugiés climatiques vers les zones tampons. Réglementation technologique croissante (loi sur le Registre des Technologies Sensibles de 2068) générant des frictions civiles.
*Alliés* : Arc des institutions multilatérales survivantes

**Lyon-Métropole** [stable — niveau 2] (sous Europe Occidentale Reconstruite)
Ville française ordinaire de l'Europe Occidentale Reconstruite, lieu de l'arrestation de Chris van Derburgh en juin 2078 pour possession non déclarée de technologies sensibles pré-crise. Symbole des tensions entre la réglementation croissante des technologies (loi sur le Registre des Technologies Sensibles de 2068) et la liberté personnelle dans un monde qui accumule des tensions sans les résoudre.
*Tensions internes* : Frictions civiles autour de la réglementation technologique croissante. Population ordinaire confrontée à des obligations légales complexes héritées de décennies de législation cumulative.

**Autres zones de ce monde** (contexte de fond)

- **Amériques Multipolaires** : Zone américaine fragmentée entre les États-Unis traversés par une crise constitu...
- **Arc Indo-Pacifique** : Zone structurée autour des flux d'hydrogène Indo-Pacifique (Consortium Indo-Paci...
- **Arc des institutions multilatérales survivantes** : Ensemble des organes supranationaux hérités ou fondés au XXIe siècle qui maintie...
- **Bloc Eurasien Central** : Bloc structurant les ressources d'Asie centrale (lithium, terres rares, hydrogèn...
- **Bloc Persique Autonome** : Coalition d'États chiites et de territoires autonomes centrée sur les ressources...
- **Ibérie Atlantique Fragmentée** : Zone centrée sur Lisbonne, devenue un hub logistique et financier secondaire pou...
- **Israël (Pôle Méditerranéen Oriental)** : État-forteresse technologique et militaire en Méditerranée orientale, entouré de...
- **Maurice (Hub Insulaire Autonome)** : Île autonome spécialisée dans les services financiers offshore et les technologi...
- **Pacte des Souverains** : Coalition d'États-forteresses fondée dans les années 2030 à la suite des désillu...
- **Pays de Galles Atlantique** : République galloise autonome axée sur les énergies renouvelables offshore et les...
- **Polynésie Française (Archipel Insulaire Autonome)** : Archipel insulaire autonome centré sur les énergies marines renouvelables et les...
- **Turquie (Pivot Eurasien-Moyen-Orient)** : République technocratique et militarisée, contrôlant les détroits stratégiques e...
- **Union Africaine de Résilience Territoriale** : Pôle de gouvernance régionale africaine autonome regroupant des institutions par...
- **Zones Grises Globales** : Ensemble des espaces hors-cadre institutionnel effectif — zones tampons climatiq...
- **Écosse Nordique Indépendante** : République écossaise autonome centrée sur les énergies marines renouvelables et ...
- **Archipels Flottants du Pacifique Sud** (sous Arc Indo-Pacifique) : Ensemble des États-archipels et communautés insulaires du Pacifique Sud dont les...
- **Bassin Amazonien** (sous Amériques Multipolaires) : Espace géopolitique distinct structuré autour du Consortium Amazônia Viva, plate...
- **Bassin de la Garonne Reconstruite** (sous Europe Occidentale Reconstruite) : Zone agroécologique du Réseau Terrafond ayant produit en 2097 son meilleur rende...
- **Bloc Sahélien Autonome** (sous Union Africaine de Résilience Territoriale) : Entité politique regroupant des États sahéliens revendiquant leur souveraineté c...
- **Bruxelles-Nouveau** (sous Europe Occidentale Reconstruite) : Siège du Consortium Helios — énergie solaire orbitale — dont les tours de verre ...
- **Corridors Eurasiens Centraux** (sous Bloc Eurasien Central) : Zones grises opérationnelles contrôlées par des opérateurs logistiques indépenda...
- **Corridors Eurasiens Périphériques** (sous Zones Grises Globales) : Zones grises eurasiatiques périphériques contrôlées par Vasil Orentchev et ses o...
- **Couloirs du Sahel** (sous Zones Grises Globales) : Corridors de transport sahéliens sous tension permanente, objet des négociations...
- **Delta du Gange** (sous Arc Indo-Pacifique) : Zone de déplacés climatiques massifs, suivie par Prisme Global comme territoire ...
- **Delta du Mékong** (sous Arc Indo-Pacifique) : Zone agricole sous pression climatique, territoire de distribution des semences ...
- **Detroit — Nœud Administratif Central** (sous Amériques Multipolaires) : Ancienne ville industrielle rebaptisée nœud administratif central du Compact des...
- **Direction des Zones Non Prioritaires (DZNP)** (sous Arc des institutions multilatérales survivantes) : Administration fédérale fantôme installée dans un bâtiment modulaire de Genève, ...
- **Genève-Lac-Retraité** (sous Arc des institutions multilatérales survivantes) : Siège de l'AMSC depuis le rehaussement du bord du lac de trois mètres, Genève-La...
- **Guadalajara** (sous Amériques Multipolaires) : Métropole mexicaine abritant une concentration de cliniques cellulaires Nexus Bi...
- **Helsinki** (sous Corridor Arctique Nordique) : Ville nordique d'où opère Leena Väinälä — philosophe et architecte institutionne...
- **Kinshasa** (sous Union Africaine de Résilience Territoriale) : Épicentre des Accords hydriques sur la redistribution des eaux du bassin du Cong...
- **Massif Central** (sous Europe Occidentale Reconstruite) : Zone semi-aride intégrée aux bassins Terrafond, marges de la transition agroécol...
- **Mourmansk** (sous Bloc Eurasien Central) : Port de transit arctique majeur, familier aux dockers opérant sous autorité ALN....
- **Nairobi** (sous Arc des institutions multilatérales survivantes) : Siège du CRRC (Conseil de Régulation des Ressources Critiques, issu des accords ...
- **Nuuk-Capitale** (sous Corridor Arctique Nordique) : Capitale du Groenland indépendant depuis 2038, siège du Fonds Souverain Kalaalli...
- **Ouagadougou** (sous Union Africaine de Résilience Territoriale) : Ville sahélienne abritant l'Institut Polytechnique de Ouagadougou, formation des...
- **Plaines Ibériques Réhumidifiées** (sous Europe Occidentale Reconstruite) : Territoire ibérique intégré aux bassins du Réseau Terrafond après les grands pro...
- **Sertão — Nordeste Brésilien** (sous Amériques Multipolaires) : Territoire semi-aride du Nordeste brésilien et des zones sèches adjacentes d'Amé...
- **Sibérie Fédérale** (sous Bloc Eurasien Central) : Entité fédérale revendiquant des zones d'exclusion maritime arctiques en contest...
- **Singapour-Est** (sous Arc Indo-Pacifique) : Nœud médiatique et géopolitique régional, base du correspondant Raj Mehta pour l...
- **Sommets Itinérants du Pacte des Souverains** (sous Pacte des Souverains) : Dispositif délibératoire sans siège fixe du Pacte des Souverains — les sommets s...
- **São Paulo** (sous Amériques Multipolaires) : Métropole-monde accueillant un siège rotationnel de l'Internationale des Travail...
- **Séoul** (sous Arc Indo-Pacifique) : Siège rotationnel de l'Internationale des Travailleurs Augmentés (ITA), centre d...
- **Tampere** (sous Corridor Arctique Nordique) : Siège tournant (ce trimestre) de la Fédération des Communs Territoriaux, représe...
- **Tbilissi** (sous Bloc Eurasien Central) : Ville de la marge eurasiatique servant de relais pour la préservation des savoir...
- **Tromsø** (sous Corridor Arctique Nordique) : Siège de l'Armada Logistique Nordique (ALN), dont les tours de verre gris-acier ...
- **Valparaíso** (sous Amériques Multipolaires) : Siège tournant (cette saison) de la Fédération des Communs Territoriaux, incarna...
- **Zones Grises Sahéliennes Centrales** (sous Zones Grises Globales) : Espaces hors-cadre institutionnel effectif au cœur du Sahel, distincts des coulo...
- **Zones Tampons Climatiques Européennes** (sous Europe Occidentale Reconstruite) : Espaces de transition écologique aux marges de l'Europe Occidentale Reconstruite...
- **États-Unis post-2055** (sous Amériques Multipolaires) : Entité politique traversée depuis 2055 par une crise constitutionnelle majeure l...
- **Bassin du Congo** (sous Kinshasa) : Zone stratégique objet des Accords de Kinshasa de 2071-2089 sur la redistributio...
- **Centre de Contrôle Orbital de Kourou** (sous Bruxelles-Nouveau) : Extension opérationnelle spatiale du Consortium Helios, gérant depuis Kourou le ...
- **Genève — Conseil des Droits Biosociaux** (sous Genève-Lac-Retraité) : Instance d'arbitrage sur les pratiques biotechnologiques et leurs impacts sociau...
- **Ilulissat** (sous Nuuk-Capitale) : Siège de l'Autorité de Passage Arctique (APA), institution de co-gouvernance des...
- **Nairobi — Cliniques Nexus BioSyn** (sous Nairobi) : Réseau de cliniques cellulaires Nexus BioSyn implanté à Nairobi, constituant ave...
- **Nairobi — Siège Rotatif ITA** (sous Nairobi) : Troisième pôle de rotation triennale du secrétariat général de l'Internationale ...
- **Singapour-Est — Nœud NexCore** (sous Singapour-Est) : Concentration de data centers et nœuds de calcul géothermiques de NexCore GIG da...
- **São Paulo — Périphéries et SPAAR** (sous São Paulo) : Infrastructure de gouvernance algorithmique invisible et omniprésente orchestran...
- **Tours Helios** (sous Bruxelles-Nouveau) : Siège opérationnel du Consortium Helios à Bruxelles-Nouveau, dont les tours de v...

## ÉTAT DES VARIABLES EN 2098

### Variables clés (détail)

**valeurs_culture_tempo_sociale** [VARIABLE PRINCIPALE]
- Niveau : 56.4/100 | Volatilité : 55/100
- État : Système culturel global fragmenté mais interconnecté, dominé par une accélération du temps social et une coexistence instable de systèmes de valeurs multiples. Les récits collectifs sont partiellement maintenus via les infrastructures numériques et les médias algorithmiques, mais perdent leur cohérence unifiée.
- Dynamiques : fragmentation progressive des systèmes de valeurs | accélération du temps social perçu | coexistence de récits culturels multiples et instables
- Sous-dynamiques : systemes_de_valeurs (unstable) | religion_et_spiritualite (up) | rapport_au_temps_social (accelerating) | identites_culturelles (up) | medias_et_recits_collectifs (up)
- Indicateurs à ancrer : polarisation culturelle, acceleration du temps social, fragmentation des valeurs, consommation de medias numeriques

**gouvernance_institutions** [VARIABLE PRINCIPALE]
- Niveau : 100/100 | Volatilité : 50/100
- État : Systèmes étatiques traditionnels partiellement digitalisés avec montée de la complexité administrative et coordination internationale limitée mais persistante. Les institutions restent fonctionnelles mais sous tension.
- Dynamiques : bureaucratie numérique croissante | fragmentation de la légitimité politique | gouvernance multi-niveaux incomplète
- Sous-dynamiques : etat_nation (down) | institutions_internationales (unstable) | droit_et_regulation (up) | administration_publique (up) | gouvernance_algorithmique (up)
- Indicateurs à ancrer : confiance institutionnelle, stabilité politique

**climat_environnement_global** [VARIABLE PILOTE]
- Niveau : 83.4/100 | Volatilité : 55/100
- État : Dérèglement climatique structurel continu avec intensification progressive, partiellement amorti par adaptation humaine.
- Sous-dynamiques : rechauffement_climatique_global (up) | evenements_extremes (up) | biodiversite_effondrement (down) | cycles_de_l_eau (unstable) | pollution_globale (up)
- Indicateurs à ancrer : température moyenne globale ↑, fréquence événements extrêmes ↑, perte biodiversité ↑

**energie_ressources_critiques** [VARIABLE PILOTE]
- Niveau : 98.9/100 | Volatilité : 65/100
- État : Tension structurelle persistante entre demande énergétique croissante et contraintes physiques, géopolitiques et industrielles de l’offre. Le système reste fonctionnel mais sous contrainte permanente.
- Dynamiques : tension énergétique structurelle | dépendance aux chaînes globales | transition incomplète
- Sous-dynamiques : systemes_energetiques (up) | matieres_premieres_critiques (up) | systemes_alimentaires (unstable) | chaines_approvisionnement (up) | infrastructures_energetiques (up)
- Indicateurs à ancrer : demande_energie, prix_energie, volatilite_marches

**technologie_information** [VARIABLE PILOTE]
- Niveau : 85.2/100 | Volatilité : 85/100
- État : Infrastructure informationnelle globale hautement centralisée, dominée par des plateformes et des systèmes d’IA intégrés dans tous les secteurs. L’information circule à très haute vitesse avec une forte automatisation cognitive, mais sous contrôle humain et institutionnel partiel.
- Dynamiques : intégration massive de l’IA dans les processus cognitifs et décisionnels | centralisation des plateformes de données et de calcul | automatisation partielle de la production d’information
- Sous-dynamiques : ia_generative_decisionnelle (up) | reseaux_numeriques_globaux (saturating) | medias_algorithmiques (up) | donnees_souverainete_numerique (up) | agents_autonomes_ia (accelerating)
- Indicateurs à ancrer : volume_donnees_global, usage_ia_generatives, centralisation_plateformes, niveau_automatisation_cognitive

**systeme_economique_redistribution** [VARIABLE PILOTE]
- Niveau : 89.8/100 | Volatilité : 60/100
- État : Système économique global fortement financiarisé, instable mais fonctionnel, caractérisé par une forte concentration du capital, une croissance inégale et une dépendance élevée aux flux financiers mondiaux.
- Dynamiques : polarisation des richesses | financiarisation algorithmique croissante | instabilité cyclique des marchés
- Sous-dynamiques : systemes_financiers_globaux (up) | inegalites_redistribution (up) | croissance_economique (unstable) | systemes_redistribution (unstable) | economie_plateformes (up)
- Indicateurs à ancrer : volatilite_marches, inegalites_wealth, automatisation_financiere

### Autres variables (résumé)

- **demographie_mobilite_humaine** [71.4] : Stabilisation démographique globale avec ralentissement de la croissance, mais augmentation des mobi...
- **geopolitique_conflits** [0] : Multipolarité instable structurée autour de blocs concurrents, avec coexistence de coopération parti...
- **organisation_territoires** [86.8] : Monde dominé par des mégapoles globales structurantes, avec une hiérarchie territoriale stable mais ...
- **sante_biotechnologies** [57.1] : Amélioration continue des systèmes de santé et de la biotechnologie, avec augmentation progressive d...
- **frontieres_du_systeme** [15.9] : Expansion spatiale limitée à l’orbite terrestre et aux missions robotiques exploratoires. Le système...
- **systemes_productifs_travail** [55.2] : Système productif mondial en transition hybride entre travail humain et automatisation, caractérisé ...

## TENSIONS SYSTÉMIQUES ACTIVES

Ces tensions structurent la réalité de ce monde.
Elles doivent transparaître dans le ton et les faits de l'article.

**Cascades critiques**
- geopolitique_conflits renforce energie_ressources_critiques (poids:0.95 lag:1 cycles)
- energie_ressources_critiques renforce geopolitique_conflits (poids:0.95 lag:1 cycles)
- systeme_economique_redistribution renforce energie_ressources_critiques (poids:0.85 lag:1 cycles)
- geopolitique_conflits renforce organisation_territoires (poids:0.85 lag:1 cycles)
- organisation_territoires renforce geopolitique_conflits (poids:0.85 lag:1 cycles)

**Tensions propres à cette thématique**
- gouvernance_institutions [60] → technologie_information [80] : renforcement (reinforcing)
- technologie_information [80] → gouvernance_institutions [60] : renforcement (reinforcing)

## TRAJECTOIRE 2025 → 2098

Jalons clés qui expliquent comment ce monde s'est construit.
Tu peux y faire référence dans l'article comme à des événements passés connus.

**Événements injectés** [CUSTOM — font partie de ce monde]
- [automne 2026] Frappes croisées Israël-Iran : l'embrasement contenu :
  → Les images de Fordo en flammes font le tour des réseaux en quelques minutes : Israël vient de franch...
  → Conséquences : Le conflit accélère la fragmentation des marchés énergétiques mondiaux : le Cons...
  → Acteurs : consortium_helios_reference, alliance_blocs_souverains_reference, le_temoin_reference, conseil_regulation_ressources_reference, voix_du_dehors_reference
- [septembre 2039] Acte Fondateur du Pacifique Sud Resilience Network :
  → Depuis la plateforme ancrée à 40 milles nautiques au nord de l'atoll englouti, les délégués de neuf ...
  → Conséquences : Le Protocole de Souveraineté Flottante ouvre une brèche dans le droit internatio...
  → Acteurs : pacifique_sud_resilience_network_reference, fonds_souverains_de_la_ceinture_financiere_pacifique_reference, observatoire_climatique_des_territoires_oct_reference, reseaux_de_gouvernance_multilaterale_survivants_reference, collectifs_de_journalisme_embarque_reference, le_temoin_reference, reseau_des_metropoles_cotieres_adaptees_reference, agence_stabilisation_climatique_reference, reseaux_de_capteurs_citoyens_reference
- [14 mars 2040] L'Attentat des Neuf Nœuds — Crise Majeure Partiellement Absorbée :
  → Le 14 mars 2040, neuf nœuds tombent. La crise dure 23 jours pour les zones les plus touchées. La rép...
  → Conséquences : Réformes partielles de l'architecture numérique mondiale. Tensions durables entr...
- [automne 2041] Enchères du Grand Dégel : la vente aux enchères des terres rares du Kalaallit Nunaat :
  → Nuuk, automne 2041. Les salles de négociation du Katuaq Cultural Centre ont été transformées en war ...
  → Conséquences : L'événement établit un précédent géopolitique majeur : d'autres territoires arct...
  → Acteurs : kalaallit_nunaat_sovereign_fund_reference, bloc_ressources_eurasiatique_bre_reference, conseil_des_etats_nordiques_integres_reference, cartel_des_terres_rares_d_asie_centrale_reference, collectifs_de_peche_inuit_et_sami_reference, conseil_regulation_ressources_reference, arctic_passage_authority_reference, fonds_souverain_arctique_scandinave_reference, consortiums_prives_d_extraction_de_ressources_critiques_reference, prisme_global_reference, ong_de_tracabilite_des_ressources_critiques_reference
- [été-automne 2044] L'Exode des Fours — Migration vers les Grands Lacs :
  → Le journaliste Raj Mehta, couvrant l'événement depuis Toledo en août 2044, décrit des colonnes de vé...
  → Conséquences : L'événement consacre l'effondrement fonctionnel de la gouvernance fédérale résid...
  → Acteurs : bureau_des_territoires_residuels_reference, great_lakes_autonomous_compact_reference, administrations_hybrides_des_cites_relais_peripheriques_reference, plateformes_d_optimisation_territoriale_par_ia_reference, cooperatives_energetiques_decentralisees_reference, observatoire_climatique_des_territoires_oct_reference, le_temoin_reference, fonds_d_investissement_foncier_climatique_reference, agence_stabilisation_climatique_reference
- [automne 2047] Crise de Souveraineté Amazonienne : L'Épreuve de Belém :
  → Automne 2047. Belém brûle d'une lumière rouge : les fumées des zones déforestées illégalement s'accu...
  → Conséquences : L'épreuve de Belém cristallise le statut ambigu mais irréversible du bassin amaz...
  → Acteurs : consortium_amazonia_viva_reference, frente_sert_o_livre_reference, consortiums_energetiques_opaques_reference, corporations_d_extraction_energetique_non_signataires_reference, blocs_signataires_du_pacte_energetique_multilateral_reference, reseaux_de_gouvernance_multilaterale_survivants_reference, collectifs_de_journalistes_independants_regionaux_reference, ong_environnementales_de_terrain_reference, reseaux_de_capteurs_citoyens_reference, front_souverainiste_des_ressources_d_amerique_du_sud_reference, bloc_ressources_eurasiatique_bre_reference, milices_concurrentes_des_droits_de_passage_reference
- [automne 2051] La Sécession des Grands Lacs : Le Compact Autonome de 2051 :
  → Le 14 novembre 2051, sous les verrières de l'ancien Millennium Park transformé en salle des délibéra...
  → Conséquences : La rupture institutionnalise le modèle confédéral hydro-territorial comme répons...
  → Acteurs : great_lakes_autonomous_compact_reference, gouvernements_federaux_residuels_souverainistes_reference, autorites_regionales_de_regulation_hydrologique_reference, federation_communs_territoriaux_reference, administrations_hybrides_des_cites_relais_peripheriques_reference, bloc_ressources_eurasiatique_bre_reference, fonds_souverains_de_la_ceinture_financiere_pacifique_reference, programme_onu_eau_2080_reference, collectifs_de_journalisme_embarque_reference
- [automne 2055] Traité de Belém sur la Souveraineté Carbone Amazonienne :
  → Le 14 novembre 2055, sous une chaleur tropicale alourdie par dix ans de sécheresses cycliques, les d...
  → Conséquences : Le traité institue un précédent juridique fragile mais réel : pour la première f...
  → Acteurs : consortium_amazonia_viva_reference, bloc_ressources_eurasiatique_bre_reference, blocs_signataires_du_pacte_energetique_multilateral_reference, agence_stabilisation_climatique_reference, fonds_monetaire_climatique_fmc_reference, front_souverainiste_des_ressources_d_amerique_du_sud_reference, reseaux_de_gouvernance_multilaterale_survivants_reference, frente_sert_o_livre_reference, ong_environnementales_de_terrain_reference, lobbies_industriels_des_etats_non_signataires_reference
- [novembre 2055] Élection Contestée du Nouveau Parti Commun :
  → Le Nouveau Parti Commun remporte 47% des votes en novembre 2055 dans un contexte de forte polarisati...
  → Conséquences : Polarisation politique accrue aux États-Unis et dans ses zones d'influence. Les ...
- [été 2059] L'Incident du Passage Nord-Ouest — Saisie du Convoi APA :
  → Les eaux grises du Passage Nord-Ouest, déglaciées depuis deux décennies, sont devenues la scène d'un...
  → Conséquences : L'incident cristallise la fracture de gouvernance arctique en forçant les blocs ...
  → Acteurs : arctic_passage_authority_reference, armada_logistique_nordique_reference, kalaallit_nunaat_sovereign_fund_reference, conseil_des_etats_nordiques_integres_reference, collectifs_de_peche_inuit_et_sami_reference, collectifs_de_journalisme_embarque_reference, milices_concurrentes_des_droits_de_passage_reference, fonds_souverain_arctique_scandinave_reference, reseaux_de_gouvernance_multilaterale_survivants_reference
- [automne 2073] La Révolte des Zones Négatives — São Paulo 2073 :
  → Le 14 octobre 2073, les écrans des favelas numériques de Paraisópolis et Cidade Tiradentes s'allumen...
  → Conséquences : L'audit partiel imposé par la négociation crée un précédent institutionnel fragi...
  → Acteurs : rede_paulista_de_distribuic_o_algor_tmica_reference, ligue_des_metropoles_du_sud_pour_les_infrastructures_libres_reference, reseau_meshcommons_netsolidaire_reference, reseaux_de_capteurs_citoyens_reference, prisme_global_reference, plateformes_d_optimisation_territoriale_par_ia_reference, conseil_regulation_algorithmique_reference, frente_sert_o_livre_reference, collectifs_de_journalisme_embarque_reference, bureau_des_territoires_residuels_reference
- [juin 2078] L'Affaire Van Derburgh — Technologies Non Déclarées :
  → Chris van Derburgh, 67 ans, ingénieur retraité à Lyon-Métropole, est arrêté en juin 2078 pour posses...
  → Conséquences : Condamné à une amende et à la déclaration obligatoire de sa collection. L'affair...
  → Acteurs : le_temoin_reference
- [automne 2094] Programme Pilote de Bio-Revenu Universel de Nairobi :
  → Nairobi, automne 2094 — Le quartier de Westlands s'est transformé en laboratoire vivant. Des bornes ...
  → Conséquences : Le programme, s'il survit à ses contestations juridiques, pourrait redéfinir le ...
  → Acteurs : conseil_de_geneve_pour_les_droits_biosociaux_reference, regulateurs_de_l_union_continentale_africaine_reference, federation_des_cliniques_autonomes_reference, internationale_travailleurs_augmentes_reference, conseil_regulation_algorithmique_reference, reseaux_de_medecine_traditionnelle_augmentee_reference, banque_des_communs_reference, collectifs_de_biopiraterie_inversee_reference, consortium_africain_de_biotechnologies_sociales_reference

**Événements historiques clés** (datés — à mentionner naturellement)
- [2024-2041] best-seller mondial sur l'effondrement civilisationnel 2030 :
  → climat environnement global : diffusion croissante des récits d'effondrement dans le débat public
- [2025-2041] premier indice mondial de défiance institutionnelle publié 2032 :
  → gouvernance institutions : confiance institutionnelle durablement basse et sujette à des crises périodiques
- [2025-2041] premiers déploiements commerciaux de stockage longue durée 2032 :
  → energie ressources critiques : adoption inégale des technologies de stockage selon les régions
- [2025-2042] premier scandale d'erreur judiciaire algorithmique documenté 2033 :
  → gouvernance institutions : adoption inégale des systèmes décisionnels automatisés sous surveillance croissante
- [2026-2041] premier sondage mondial confirmant la défiance informationnelle généralisée 2032 :
  → technologie information : persistance de la crise de vérité avec méfiance publique croissante
- [2030-2045] crise flash-crash globale de 2039 :
  → systeme economique redistribution : dominance croissante instable des marchés algorithmiques

**Signaux complémentaires** (évolutions sectorielles — à mentionner si pertinent)
- [2025-2041] premiers systèmes prédictifs migratoires commercialisés aux frontières 2032 :
  → demographie mobilite humaine : adoption inégale des outils prédictifs par les États riches
- [2027-2041] première décennie perdue de cohésion culturelle 2035 :
  → valeurs culture tempo sociale : fragmentation croissante des récits sans rupture totale

**Ruptures structurantes** (contexte de fond)
- [POL] révolutions institutionnelles
- [TEC] superintelligence_artificielle
- [TEC] captation massive CO2 atmosphérique
- [TEC] geoengineering climatique global

## ENTITÉS CANONIQUES DE CE MONDE

Ces entités existent dans ce monde avec ces descriptions précises.
Utilise leurs noms exacts. Tu peux les mentionner, les citer, les impliquer dans les faits.
Ne les contredis pas, ne les renomme pas.

**Plateformes Informationnelles Dominantes et leurs IA de Modération** [ACTIF] [impact:5/5]
Elles ne sont plus des outils : elles sont le terrain. En 2098, les cinq conglomérats informationnels survivants et leurs IA de modération intégrées contrôlent l'accès à plus de 78 % des flux d'information publique mondiale, selon le dernier rapport de l'Observatoire des Communs Numériques d'Helsinki. Ni États ni marchés, elles flottent dans un vide juridictionnel soigneusement entretenu, arbitrant en silence ce qui compte comme vrai, urgent, ou simplement visible.
*Tensions* : La tension centrale réside dans leur double nature : outils de stabilisation épistémique dans un monde fragmenté, elles sont simultanément des vecteur...

**Plateformes Centralisées de Narration Officielle** [ACTIF] [impact:5/5]
Nées de la fusion progressive des grandes plateformes mondiales amorcée dès 2032, les Plateformes Centralisées de Narration Officielle constituent aujourd'hui l'épine dorsale informationnelle des blocs régionaux, diffusant quotidiennement vers plus de quatre milliards d'abonnés des récits soigneusement calibrés sur les crises climatiques, énergétiques et géopolitiques. Leur architecture algorithmique, héritée des scandales de gouvernance des années 2030, intègre désormais des couches de validation institutionnelle rendant toute déviation narrative techniquement invisible pour l'utilisateur ordinaire. Ce que leurs détracteurs appellent « la muraille de verre » — cette transparence simulée qui cache une opacité totale — est précisément ce contre quoi se bat le journalisme indépendant de 2098.
*Tensions* : La tension centrale réside dans leur prétention à la neutralité technique masquant une profonde sélectivité politique : dans un monde où les crises se...

**Collectifs Académiques Indépendants** [ACTIF] [impact:4/5]
Dans un monde où la connaissance est devenue un actif stratégique contrôlé par quelques blocs technopolitiques, les Collectifs Académiques Indépendants représentent l'une des dernières lignes de résistance épistémique organisée. Fonctionnant en réseau rhizomique depuis les marges des grandes métropoles jusqu'aux nœuds numériques arctiques, ils publient sans accréditation institutionnelle mais avec une crédibilité forgée par décennies de dissidence documentée. Leur influence dépasse leur taille : ils nourrissent les débats que les institutions officielles n'osent plus tenir.
*Tensions* : La tension fondamentale des CAI réside dans leur paradoxe de visibilité : plus ils gagnent en audience et en crédibilité, plus ils deviennent des cibl...

**Leena Väinälä** [ACTIF] [impact:4/5]
On la dit impossible à situer. Leena Väinälä donne ses conférences depuis Helsinki ou depuis un nœud de réseau quelconque — personne ne sait toujours lequel — et ses chartes circulent en quarante-deux langues sur des serveurs que personne ne contrôle vraiment. À 71 ans, elle est citée dans les préambules de trois constitutions numériques régionales et figure sur la liste de surveillance de deux États qu'elle refuse de nommer publiquement. Ce que les journalistes retiennent, c'est sa façon de poser la même question depuis vingt ans, avec une patience qui ressemble à de l'obstination : 'Qui délibère, et qui est exclu de la délibération ?' Dans un monde où les plateformes prétendent répondre à tout plus vite qu'un parlement ne siège, la question commence à déranger.
*Tensions* : La tension centrale est celle d'une voix légitime dans un système qui n'a plus d'enceinte pour l'accueillir : ses chartes sont adoptées symboliquement...
*Alliés* : Communs Numériques Agroécologiques, Réseau des Villes-États Pilotes en Gouvernance Participative, Réseau des Chercheurs en Éthique des Systèmes Distribués
*Opposants* : Consortium des Plateformes IA Centralisées Anti-Délibération, Coalition des Gouvernements Contre les Chartes de Déstabilisation, Front Techno-Utopiste de la Décision Automatisée

**ONG de Préservation Patrimoniale Numérique** [ACTIF] [impact:4/5]
Fondée dans le sillage des premières grandes crises informationnelles des années 2020, l'ONG de Préservation Patrimoniale Numérique s'est imposée comme l'une des rares institutions à offrir une mémoire stable dans un monde où les plateformes s'effondrent et où les archives sont réécrites. Ses serveurs décentralisés, répartis entre Lyon-Métropole et Helsinki, conservent aujourd'hui plus de 40 zettaoctets d'archives culturelles et journalistiques menacées. Dans un système de référence où la confiance est une ressource rare, l'organisation est devenue un acteur inattendu de la gouvernance informationnelle mondiale.
*Tensions* : L'organisation est prise en étau entre sa mission universaliste et les pressions des blocs souverains qui revendiquent le contrôle de 'leur' mémoire n...

**Bureaux de Régulation Informationnelle** [ACTIF] [impact:4/5]
Nés dans la tourmente informationnelle des années 2026, les Bureaux de Régulation Informationnelle sont devenus les arbitres incontournables — et contestés — de ce qui mérite d'exister dans l'espace public numérique. Dotés de pouvoirs d'injonction sur les plateformes, les médias et les flux d'agents IA, ils incarnent la réponse institutionnelle à une crise de confiance qui n'a jamais vraiment été résolue. En 2098, leurs décisions de certification ou d'exclusion peuvent faire ou défaire un acteur médiatique en moins de quarante-huit heures.
*Tensions* : Les BRI sont pris en étau entre leur mission de protection de l'espace informationnel et les accusations récurrentes d'instrumentalisation politique p...

## CONSIGNE DE RÉDACTION

**Rubrique** : RELIGION & SPIRITUALITÉ

**Format** : chronique | **Longueur** : 200 à 400 mots
**Style** : réflexif
**Niveau émotionnel** : moyen — impliqué sans dramatiser
**Échelle** : globale | **Temporalité** : long terme

**Acteurs à impliquer** : communautés spirituelles, mouvements mystiques, philosophes, religions

**Angle spécifique demandé** : Cet article DOIT être construit spécifiquement autour de l'événement "L'Exode des Fours — Migration vers les Grands Lacs" (été-automne 2044) : Le journaliste Raj Mehta, couvrant l'événement depuis Toledo en août 2044, décrit des colonnes de véhicules chargés de biens essentiels s'étirant sur des dizaines de kilomètres, la chaleur faisant miroiter l'asphalte à 70°C. Les camps d'accueil débordent en moins de trois semaines. Les plateformes d'optimisation territoriale par IA tentent d'orienter les flux en temps réel, mais les algorithmes, c

**Date de publication** : à définir dans l'article — une date crédible en 2098

---

Écris maintenant l'article. Commence directement par le titre.

Contraintes impératives :
- Le titre doit être accrocheur et ancré dans le monde décrit
- La date et le lieu de publication apparaissent sous le titre
- L'article utilise des noms propres inventés mais crédibles (personnes, lieux, organisations)
- Aucune référence au mot 'scénario', 'variable', 'simulation'
- Le contexte du monde est montré, pas expliqué
- Les entités canoniques listées ci-dessus DOIVENT être utilisées avec leurs noms et descriptions exactes
- L'article est ancré géographiquement dans la zone **Corridor Arctique Nordique** : les lieux, événements et protagonistes de l'article sont situés dans cette zone ou la mentionnent explicitement comme cadre principal. Les références à d'autres régions du monde restent secondaires.

--- [reference] MÉTADONNÉES ---
  scenario : reference
  thematique : religion_spiritualite
  format : chronique
  longueur : 400 à 700 mots
  ligne_editoriale : pro_pouvoir

============================================================
RÉSUMÉ DU LOT — mode forcer
============================================================
  Réussis : 1
    ✓ reference (dry-run, rien écrit)
============================================================

