
============================================================
OURRASSOL 2098 — Génération de série
============================================================
  Scénario     : policy_reform
  Thématiques  : 6
    - sciences_technologies
    - musique
    - faits_divers
    - opinions_editoriaux
    - education
    - medias_communication
  Articles/th. : 1
  Longueur     : auto
============================================================

[series] 6 articles à générer...

[1/6] policy_reform × sciences_technologies — 3 janvier 2098

[snapshot] Construction du monde 2098 — scénario : policy_reform
[snapshot] Variables pilotes : ['gouvernance_institutions', 'technologie_information', 'energie_ressources_critiques', 'climat_environnement_global']
[snapshot] États définis : 12/12
[snapshot] Tensions détectées : 1 | Cohérence : OK
[snapshot] Jalons trajectoire : 154 (36 majeurs)
[snapshot] Événements signal_to_state : 62 (25 majeurs)
[snapshot] Tensions thématiques : 2
[snapshot] Instances chargées : 102 | Filtrées : 6
[snapshot] Événement custom 'Protocole de Médiation de La Haye — Crise Israélo-Iranienne' (an 2027, 71 ans d'effet)
  → geopolitique_conflits : 45 → 53.0 (delta:+8.0)
  → energie_ressources_critiques : 54.2 → 64.2 (delta:+10.0)
  → gouvernance_institutions : 76.4 → 88.4 (delta:+12.0)
  → demographie_mobilite_humaine : 47.0 → 52.0 (delta:+5.0)
[snapshot] Événement custom 'Acte Fondateur de Funafuti : Naissance du Pacifique Sud Resilience Network' (an 2039, 59 ans d'effet)
  → climat_environnement_global : 43.0 → 49.0 (delta:+6.0)
  → gouvernance_institutions : 88.4 → 100 (delta:+14.0)
  → organisation_territoires : 48.5 → 58.5 (delta:+10.0)
  → frontieres_du_systeme : 39.6 → 51.6 (delta:+12.0)
[snapshot] Événement custom 'L'Attentat des Neuf Nœuds — Déclencheur de Régulation Internationale' (an 2040, 58 ans d'effet)
  → technologie_information : 83.9 → 71.9 (delta:-12.0)
  → gouvernance_institutions : 94.6 → 100 (delta:+10.0)
  → geopolitique_conflits : 16.0 → 11.0 (delta:-5.0)
[snapshot] Événement custom 'Enchères Circumpolaires du Kalaallit — Protocole de Nairobi' (an 2041, 57 ans d'effet)
  → energie_ressources_critiques : 66.6 → 78.6 (delta:+12.0)
  → gouvernance_institutions : 100 → 100 (delta:+10.0)
  → geopolitique_conflits : 0.8 → 8.8 (delta:+8.0)
  → organisation_territoires : 52.7 → 59.7 (delta:+7.0)
[snapshot] Événement custom 'Exode du Midwest Aride — Protocole d'Intégration Lacustre' (an 2044, 54 ans d'effet)
  → demographie_mobilite_humaine : 54.9 → 42.9 (delta:-12.0)
  → organisation_territoires : 55.2 → 65.2 (delta:+10.0)
  → gouvernance_institutions : 96.4 → 100 (delta:+8.0)
  → climat_environnement_global : 49.3 → 57.3 (delta:+8.0)
[snapshot] Événement custom 'Protocole d'Urgence Amazonienne — Crise de Gouvernance du Bassin Vert' (an 2047, 51 ans d'effet)
  → climat_environnement_global : 57.3 → 65.3 (delta:+8.0)
  → geopolitique_conflits : 2.5 → 0 (delta:-10.0)
  → gouvernance_institutions : 100 → 100 (delta:+7.0)
  → organisation_territoires : 69.4 → 78.4 (delta:+9.0)
[snapshot] Événement custom 'Traité de Belém : la Souveraineté Carbone Amazonienne face aux Blocs' (an 2055, 43 ans d'effet)
  → climat_environnement_global : 65.3 → 73.3 (delta:+8.0)
  → gouvernance_institutions : 100 → 100 (delta:+6.0)
  → geopolitique_conflits : 0 → 9.0 (delta:+9.0)
  → energie_ressources_critiques : 75.3 → 80.3 (delta:+5.0)
[snapshot] Événement custom 'Victoire du Parti Social-Démocrate Progressiste' (an 2056, 42 ans d'effet)
  → systeme_economique_redistribution : 61.6 → 71.6 (delta:+10.0)
  → gouvernance_institutions : 100 → 100 (delta:+5.0)
  → valeurs_culture_tempo_sociale : 50 → 54.0 (delta:+4.0)
[snapshot] Événement custom 'Incident du Passage Arctique — Saisie de l'APA par les Unités NAT' (an 2059, 39 ans d'effet)
  → geopolitique_conflits : 8.2 → 0 (delta:-12.0)
  → frontieres_du_systeme : 46.6 → 36.6 (delta:-10.0)
  → energie_ressources_critiques : 81.8 → 89.8 (delta:+8.0)
[snapshot] Événement custom 'Insurrection des Favelas Numériques de São Paulo contre la RPDA' (an 2073, 25 ans d'effet)
  → gouvernance_institutions : 100 → 100 (delta:+8.0)
  → technologie_information : 98.5 → 100 (delta:+10.0)
  → organisation_territoires : 83.5 → 89.5 (delta:+6.0)
[snapshot] Événement custom 'L'Affaire Van Derburgh — Jurisprudence sur le Patrimoine Technologique' (an 2078, 20 ans d'effet)
  → gouvernance_institutions : 100 → 100 (delta:+2.0)
  → technologie_information : 100 → 100 (delta:+1.0)
[snapshot] Événements custom : 11 | 178 variables affectées

[prompt] Assemblage du prompt...
[prompt] System prompt : 2820 caractères
[prompt] User prompt   : 59923 caractères
[prompt] Sections      : 7 (dont entités: oui, géographie: oui)

[dry-run] Prompt assemblé pour policy_reform × sciences_technologies
  User prompt : 59923 caractères
  ✓ Prompt prêt (dry-run)

[2/6] policy_reform × musique — 17 janvier 2098

[snapshot] Construction du monde 2098 — scénario : policy_reform
[snapshot] Variables pilotes : ['gouvernance_institutions', 'technologie_information', 'energie_ressources_critiques', 'climat_environnement_global']
[snapshot] États définis : 12/12
[snapshot] Tensions détectées : 1 | Cohérence : OK
[snapshot] Jalons trajectoire : 154 (36 majeurs)
[snapshot] Événements signal_to_state : 62 (25 majeurs)
[snapshot] Tensions thématiques : 6
[snapshot] Instances chargées : 102 | Filtrées : 6
[snapshot] Événement custom 'Protocole de Médiation de La Haye — Crise Israélo-Iranienne' (an 2027, 71 ans d'effet)
  → geopolitique_conflits : 45 → 53.0 (delta:+8.0)
  → energie_ressources_critiques : 54.2 → 64.2 (delta:+10.0)
  → gouvernance_institutions : 76.4 → 88.4 (delta:+12.0)
  → demographie_mobilite_humaine : 47.0 → 52.0 (delta:+5.0)
[snapshot] Événement custom 'Acte Fondateur de Funafuti : Naissance du Pacifique Sud Resilience Network' (an 2039, 59 ans d'effet)
  → climat_environnement_global : 43.0 → 49.0 (delta:+6.0)
  → gouvernance_institutions : 88.4 → 100 (delta:+14.0)
  → organisation_territoires : 48.5 → 58.5 (delta:+10.0)
  → frontieres_du_systeme : 39.6 → 51.6 (delta:+12.0)
[snapshot] Événement custom 'L'Attentat des Neuf Nœuds — Déclencheur de Régulation Internationale' (an 2040, 58 ans d'effet)
  → technologie_information : 83.9 → 71.9 (delta:-12.0)
  → gouvernance_institutions : 94.6 → 100 (delta:+10.0)
  → geopolitique_conflits : 16.0 → 11.0 (delta:-5.0)
[snapshot] Événement custom 'Enchères Circumpolaires du Kalaallit — Protocole de Nairobi' (an 2041, 57 ans d'effet)
  → energie_ressources_critiques : 66.6 → 78.6 (delta:+12.0)
  → gouvernance_institutions : 100 → 100 (delta:+10.0)
  → geopolitique_conflits : 0.8 → 8.8 (delta:+8.0)
  → organisation_territoires : 52.7 → 59.7 (delta:+7.0)
[snapshot] Événement custom 'Exode du Midwest Aride — Protocole d'Intégration Lacustre' (an 2044, 54 ans d'effet)
  → demographie_mobilite_humaine : 54.9 → 42.9 (delta:-12.0)
  → organisation_territoires : 55.2 → 65.2 (delta:+10.0)
  → gouvernance_institutions : 96.4 → 100 (delta:+8.0)
  → climat_environnement_global : 49.3 → 57.3 (delta:+8.0)
[snapshot] Événement custom 'Protocole d'Urgence Amazonienne — Crise de Gouvernance du Bassin Vert' (an 2047, 51 ans d'effet)
  → climat_environnement_global : 57.3 → 65.3 (delta:+8.0)
  → geopolitique_conflits : 2.5 → 0 (delta:-10.0)
  → gouvernance_institutions : 100 → 100 (delta:+7.0)
  → organisation_territoires : 69.4 → 78.4 (delta:+9.0)
[snapshot] Événement custom 'Traité de Belém : la Souveraineté Carbone Amazonienne face aux Blocs' (an 2055, 43 ans d'effet)
  → climat_environnement_global : 65.3 → 73.3 (delta:+8.0)
  → gouvernance_institutions : 100 → 100 (delta:+6.0)
  → geopolitique_conflits : 0 → 9.0 (delta:+9.0)
  → energie_ressources_critiques : 75.3 → 80.3 (delta:+5.0)
[snapshot] Événement custom 'Victoire du Parti Social-Démocrate Progressiste' (an 2056, 42 ans d'effet)
  → systeme_economique_redistribution : 61.6 → 71.6 (delta:+10.0)
  → gouvernance_institutions : 100 → 100 (delta:+5.0)
  → valeurs_culture_tempo_sociale : 50 → 54.0 (delta:+4.0)
[snapshot] Événement custom 'Incident du Passage Arctique — Saisie de l'APA par les Unités NAT' (an 2059, 39 ans d'effet)
  → geopolitique_conflits : 8.2 → 0 (delta:-12.0)
  → frontieres_du_systeme : 46.6 → 36.6 (delta:-10.0)
  → energie_ressources_critiques : 81.8 → 89.8 (delta:+8.0)
[snapshot] Événement custom 'Insurrection des Favelas Numériques de São Paulo contre la RPDA' (an 2073, 25 ans d'effet)
  → gouvernance_institutions : 100 → 100 (delta:+8.0)
  → technologie_information : 98.5 → 100 (delta:+10.0)
  → organisation_territoires : 83.5 → 89.5 (delta:+6.0)
[snapshot] Événement custom 'L'Affaire Van Derburgh — Jurisprudence sur le Patrimoine Technologique' (an 2078, 20 ans d'effet)
  → gouvernance_institutions : 100 → 100 (delta:+2.0)
  → technologie_information : 100 → 100 (delta:+1.0)
[snapshot] Événements custom : 11 | 178 variables affectées

[prompt] Assemblage du prompt...
[prompt] System prompt : 2739 caractères
[prompt] User prompt   : 54535 caractères
[prompt] Sections      : 7 (dont entités: oui, géographie: oui)

[dry-run] Prompt assemblé pour policy_reform × musique
  User prompt : 54535 caractères
  ✓ Prompt prêt (dry-run)

[3/6] policy_reform × faits_divers — 2 février 2098

[snapshot] Construction du monde 2098 — scénario : policy_reform
[snapshot] Variables pilotes : ['gouvernance_institutions', 'technologie_information', 'energie_ressources_critiques', 'climat_environnement_global']
[snapshot] États définis : 12/12
[snapshot] Tensions détectées : 1 | Cohérence : OK
[snapshot] Jalons trajectoire : 154 (36 majeurs)
[snapshot] Événements signal_to_state : 62 (25 majeurs)
[snapshot] Tensions thématiques : 8
[snapshot] Instances chargées : 102 | Filtrées : 6
[snapshot] Événement custom 'Protocole de Médiation de La Haye — Crise Israélo-Iranienne' (an 2027, 71 ans d'effet)
  → geopolitique_conflits : 45 → 53.0 (delta:+8.0)
  → energie_ressources_critiques : 54.2 → 64.2 (delta:+10.0)
  → gouvernance_institutions : 76.4 → 88.4 (delta:+12.0)
  → demographie_mobilite_humaine : 47.0 → 52.0 (delta:+5.0)
[snapshot] Événement custom 'Acte Fondateur de Funafuti : Naissance du Pacifique Sud Resilience Network' (an 2039, 59 ans d'effet)
  → climat_environnement_global : 43.0 → 49.0 (delta:+6.0)
  → gouvernance_institutions : 88.4 → 100 (delta:+14.0)
  → organisation_territoires : 48.5 → 58.5 (delta:+10.0)
  → frontieres_du_systeme : 39.6 → 51.6 (delta:+12.0)
[snapshot] Événement custom 'L'Attentat des Neuf Nœuds — Déclencheur de Régulation Internationale' (an 2040, 58 ans d'effet)
  → technologie_information : 83.9 → 71.9 (delta:-12.0)
  → gouvernance_institutions : 94.6 → 100 (delta:+10.0)
  → geopolitique_conflits : 16.0 → 11.0 (delta:-5.0)
[snapshot] Événement custom 'Enchères Circumpolaires du Kalaallit — Protocole de Nairobi' (an 2041, 57 ans d'effet)
  → energie_ressources_critiques : 66.6 → 78.6 (delta:+12.0)
  → gouvernance_institutions : 100 → 100 (delta:+10.0)
  → geopolitique_conflits : 0.8 → 8.8 (delta:+8.0)
  → organisation_territoires : 52.7 → 59.7 (delta:+7.0)
[snapshot] Événement custom 'Exode du Midwest Aride — Protocole d'Intégration Lacustre' (an 2044, 54 ans d'effet)
  → demographie_mobilite_humaine : 54.9 → 42.9 (delta:-12.0)
  → organisation_territoires : 55.2 → 65.2 (delta:+10.0)
  → gouvernance_institutions : 96.4 → 100 (delta:+8.0)
  → climat_environnement_global : 49.3 → 57.3 (delta:+8.0)
[snapshot] Événement custom 'Protocole d'Urgence Amazonienne — Crise de Gouvernance du Bassin Vert' (an 2047, 51 ans d'effet)
  → climat_environnement_global : 57.3 → 65.3 (delta:+8.0)
  → geopolitique_conflits : 2.5 → 0 (delta:-10.0)
  → gouvernance_institutions : 100 → 100 (delta:+7.0)
  → organisation_territoires : 69.4 → 78.4 (delta:+9.0)
[snapshot] Événement custom 'Traité de Belém : la Souveraineté Carbone Amazonienne face aux Blocs' (an 2055, 43 ans d'effet)
  → climat_environnement_global : 65.3 → 73.3 (delta:+8.0)
  → gouvernance_institutions : 100 → 100 (delta:+6.0)
  → geopolitique_conflits : 0 → 9.0 (delta:+9.0)
  → energie_ressources_critiques : 75.3 → 80.3 (delta:+5.0)
[snapshot] Événement custom 'Victoire du Parti Social-Démocrate Progressiste' (an 2056, 42 ans d'effet)
  → systeme_economique_redistribution : 61.6 → 71.6 (delta:+10.0)
  → gouvernance_institutions : 100 → 100 (delta:+5.0)
  → valeurs_culture_tempo_sociale : 50 → 54.0 (delta:+4.0)
[snapshot] Événement custom 'Incident du Passage Arctique — Saisie de l'APA par les Unités NAT' (an 2059, 39 ans d'effet)
  → geopolitique_conflits : 8.2 → 0 (delta:-12.0)
  → frontieres_du_systeme : 46.6 → 36.6 (delta:-10.0)
  → energie_ressources_critiques : 81.8 → 89.8 (delta:+8.0)
[snapshot] Événement custom 'Insurrection des Favelas Numériques de São Paulo contre la RPDA' (an 2073, 25 ans d'effet)
  → gouvernance_institutions : 100 → 100 (delta:+8.0)
  → technologie_information : 98.5 → 100 (delta:+10.0)
  → organisation_territoires : 83.5 → 89.5 (delta:+6.0)
[snapshot] Événement custom 'L'Affaire Van Derburgh — Jurisprudence sur le Patrimoine Technologique' (an 2078, 20 ans d'effet)
  → gouvernance_institutions : 100 → 100 (delta:+2.0)
  → technologie_information : 100 → 100 (delta:+1.0)
[snapshot] Événements custom : 11 | 178 variables affectées

[prompt] Assemblage du prompt...
[prompt] System prompt : 2905 caractères
[prompt] User prompt   : 56938 caractères
[prompt] Sections      : 7 (dont entités: oui, géographie: oui)

[dry-run] Prompt assemblé pour policy_reform × faits_divers
  User prompt : 56938 caractères
  ✓ Prompt prêt (dry-run)

[4/6] policy_reform × opinions_editoriaux — 19 février 2098

[snapshot] Construction du monde 2098 — scénario : policy_reform
[snapshot] Variables pilotes : ['gouvernance_institutions', 'technologie_information', 'energie_ressources_critiques', 'climat_environnement_global']
[snapshot] États définis : 12/12
[snapshot] Tensions détectées : 1 | Cohérence : OK
[snapshot] Jalons trajectoire : 154 (36 majeurs)
[snapshot] Événements signal_to_state : 62 (25 majeurs)
[snapshot] Tensions thématiques : 8
[snapshot] Instances chargées : 102 | Filtrées : 6
[snapshot] Événement custom 'Protocole de Médiation de La Haye — Crise Israélo-Iranienne' (an 2027, 71 ans d'effet)
  → geopolitique_conflits : 45 → 53.0 (delta:+8.0)
  → energie_ressources_critiques : 54.2 → 64.2 (delta:+10.0)
  → gouvernance_institutions : 76.4 → 88.4 (delta:+12.0)
  → demographie_mobilite_humaine : 47.0 → 52.0 (delta:+5.0)
[snapshot] Événement custom 'Acte Fondateur de Funafuti : Naissance du Pacifique Sud Resilience Network' (an 2039, 59 ans d'effet)
  → climat_environnement_global : 43.0 → 49.0 (delta:+6.0)
  → gouvernance_institutions : 88.4 → 100 (delta:+14.0)
  → organisation_territoires : 48.5 → 58.5 (delta:+10.0)
  → frontieres_du_systeme : 39.6 → 51.6 (delta:+12.0)
[snapshot] Événement custom 'L'Attentat des Neuf Nœuds — Déclencheur de Régulation Internationale' (an 2040, 58 ans d'effet)
  → technologie_information : 83.9 → 71.9 (delta:-12.0)
  → gouvernance_institutions : 94.6 → 100 (delta:+10.0)
  → geopolitique_conflits : 16.0 → 11.0 (delta:-5.0)
[snapshot] Événement custom 'Enchères Circumpolaires du Kalaallit — Protocole de Nairobi' (an 2041, 57 ans d'effet)
  → energie_ressources_critiques : 66.6 → 78.6 (delta:+12.0)
  → gouvernance_institutions : 100 → 100 (delta:+10.0)
  → geopolitique_conflits : 0.8 → 8.8 (delta:+8.0)
  → organisation_territoires : 52.7 → 59.7 (delta:+7.0)
[snapshot] Événement custom 'Exode du Midwest Aride — Protocole d'Intégration Lacustre' (an 2044, 54 ans d'effet)
  → demographie_mobilite_humaine : 54.9 → 42.9 (delta:-12.0)
  → organisation_territoires : 55.2 → 65.2 (delta:+10.0)
  → gouvernance_institutions : 96.4 → 100 (delta:+8.0)
  → climat_environnement_global : 49.3 → 57.3 (delta:+8.0)
[snapshot] Événement custom 'Protocole d'Urgence Amazonienne — Crise de Gouvernance du Bassin Vert' (an 2047, 51 ans d'effet)
  → climat_environnement_global : 57.3 → 65.3 (delta:+8.0)
  → geopolitique_conflits : 2.5 → 0 (delta:-10.0)
  → gouvernance_institutions : 100 → 100 (delta:+7.0)
  → organisation_territoires : 69.4 → 78.4 (delta:+9.0)
[snapshot] Événement custom 'Traité de Belém : la Souveraineté Carbone Amazonienne face aux Blocs' (an 2055, 43 ans d'effet)
  → climat_environnement_global : 65.3 → 73.3 (delta:+8.0)
  → gouvernance_institutions : 100 → 100 (delta:+6.0)
  → geopolitique_conflits : 0 → 9.0 (delta:+9.0)
  → energie_ressources_critiques : 75.3 → 80.3 (delta:+5.0)
[snapshot] Événement custom 'Victoire du Parti Social-Démocrate Progressiste' (an 2056, 42 ans d'effet)
  → systeme_economique_redistribution : 61.6 → 71.6 (delta:+10.0)
  → gouvernance_institutions : 100 → 100 (delta:+5.0)
  → valeurs_culture_tempo_sociale : 50 → 54.0 (delta:+4.0)
[snapshot] Événement custom 'Incident du Passage Arctique — Saisie de l'APA par les Unités NAT' (an 2059, 39 ans d'effet)
  → geopolitique_conflits : 8.2 → 0 (delta:-12.0)
  → frontieres_du_systeme : 46.6 → 36.6 (delta:-10.0)
  → energie_ressources_critiques : 81.8 → 89.8 (delta:+8.0)
[snapshot] Événement custom 'Insurrection des Favelas Numériques de São Paulo contre la RPDA' (an 2073, 25 ans d'effet)
  → gouvernance_institutions : 100 → 100 (delta:+8.0)
  → technologie_information : 98.5 → 100 (delta:+10.0)
  → organisation_territoires : 83.5 → 89.5 (delta:+6.0)
[snapshot] Événement custom 'L'Affaire Van Derburgh — Jurisprudence sur le Patrimoine Technologique' (an 2078, 20 ans d'effet)
  → gouvernance_institutions : 100 → 100 (delta:+2.0)
  → technologie_information : 100 → 100 (delta:+1.0)
[snapshot] Événements custom : 11 | 178 variables affectées

[prompt] Assemblage du prompt...
[WARN][journal] Pas d'édition locale pour zone 'conseil_regulation_numerique_geneve' / policy_reform / opposition → fallback réseau global
[prompt] System prompt : 2467 caractères
[prompt] User prompt   : 55634 caractères
[prompt] Sections      : 7 (dont entités: oui, géographie: oui)

[dry-run] Prompt assemblé pour policy_reform × opinions_editoriaux
  User prompt : 55634 caractères
  ✓ Prompt prêt (dry-run)

[5/6] policy_reform × education — 8 mars 2098

[snapshot] Construction du monde 2098 — scénario : policy_reform
[snapshot] Variables pilotes : ['gouvernance_institutions', 'technologie_information', 'energie_ressources_critiques', 'climat_environnement_global']
[snapshot] États définis : 12/12
[snapshot] Tensions détectées : 1 | Cohérence : OK
[snapshot] Jalons trajectoire : 154 (36 majeurs)
[snapshot] Événements signal_to_state : 62 (25 majeurs)
[snapshot] Tensions thématiques : 6
[snapshot] Instances chargées : 102 | Filtrées : 6
[snapshot] Événement custom 'Protocole de Médiation de La Haye — Crise Israélo-Iranienne' (an 2027, 71 ans d'effet)
  → geopolitique_conflits : 45 → 53.0 (delta:+8.0)
  → energie_ressources_critiques : 54.2 → 64.2 (delta:+10.0)
  → gouvernance_institutions : 76.4 → 88.4 (delta:+12.0)
  → demographie_mobilite_humaine : 47.0 → 52.0 (delta:+5.0)
[snapshot] Événement custom 'Acte Fondateur de Funafuti : Naissance du Pacifique Sud Resilience Network' (an 2039, 59 ans d'effet)
  → climat_environnement_global : 43.0 → 49.0 (delta:+6.0)
  → gouvernance_institutions : 88.4 → 100 (delta:+14.0)
  → organisation_territoires : 48.5 → 58.5 (delta:+10.0)
  → frontieres_du_systeme : 39.6 → 51.6 (delta:+12.0)
[snapshot] Événement custom 'L'Attentat des Neuf Nœuds — Déclencheur de Régulation Internationale' (an 2040, 58 ans d'effet)
  → technologie_information : 83.9 → 71.9 (delta:-12.0)
  → gouvernance_institutions : 94.6 → 100 (delta:+10.0)
  → geopolitique_conflits : 16.0 → 11.0 (delta:-5.0)
[snapshot] Événement custom 'Enchères Circumpolaires du Kalaallit — Protocole de Nairobi' (an 2041, 57 ans d'effet)
  → energie_ressources_critiques : 66.6 → 78.6 (delta:+12.0)
  → gouvernance_institutions : 100 → 100 (delta:+10.0)
  → geopolitique_conflits : 0.8 → 8.8 (delta:+8.0)
  → organisation_territoires : 52.7 → 59.7 (delta:+7.0)
[snapshot] Événement custom 'Exode du Midwest Aride — Protocole d'Intégration Lacustre' (an 2044, 54 ans d'effet)
  → demographie_mobilite_humaine : 54.9 → 42.9 (delta:-12.0)
  → organisation_territoires : 55.2 → 65.2 (delta:+10.0)
  → gouvernance_institutions : 96.4 → 100 (delta:+8.0)
  → climat_environnement_global : 49.3 → 57.3 (delta:+8.0)
[snapshot] Événement custom 'Protocole d'Urgence Amazonienne — Crise de Gouvernance du Bassin Vert' (an 2047, 51 ans d'effet)
  → climat_environnement_global : 57.3 → 65.3 (delta:+8.0)
  → geopolitique_conflits : 2.5 → 0 (delta:-10.0)
  → gouvernance_institutions : 100 → 100 (delta:+7.0)
  → organisation_territoires : 69.4 → 78.4 (delta:+9.0)
[snapshot] Événement custom 'Traité de Belém : la Souveraineté Carbone Amazonienne face aux Blocs' (an 2055, 43 ans d'effet)
  → climat_environnement_global : 65.3 → 73.3 (delta:+8.0)
  → gouvernance_institutions : 100 → 100 (delta:+6.0)
  → geopolitique_conflits : 0 → 9.0 (delta:+9.0)
  → energie_ressources_critiques : 75.3 → 80.3 (delta:+5.0)
[snapshot] Événement custom 'Victoire du Parti Social-Démocrate Progressiste' (an 2056, 42 ans d'effet)
  → systeme_economique_redistribution : 61.6 → 71.6 (delta:+10.0)
  → gouvernance_institutions : 100 → 100 (delta:+5.0)
  → valeurs_culture_tempo_sociale : 50 → 54.0 (delta:+4.0)
[snapshot] Événement custom 'Incident du Passage Arctique — Saisie de l'APA par les Unités NAT' (an 2059, 39 ans d'effet)
  → geopolitique_conflits : 8.2 → 0 (delta:-12.0)
  → frontieres_du_systeme : 46.6 → 36.6 (delta:-10.0)
  → energie_ressources_critiques : 81.8 → 89.8 (delta:+8.0)
[snapshot] Événement custom 'Insurrection des Favelas Numériques de São Paulo contre la RPDA' (an 2073, 25 ans d'effet)
  → gouvernance_institutions : 100 → 100 (delta:+8.0)
  → technologie_information : 98.5 → 100 (delta:+10.0)
  → organisation_territoires : 83.5 → 89.5 (delta:+6.0)
[snapshot] Événement custom 'L'Affaire Van Derburgh — Jurisprudence sur le Patrimoine Technologique' (an 2078, 20 ans d'effet)
  → gouvernance_institutions : 100 → 100 (delta:+2.0)
  → technologie_information : 100 → 100 (delta:+1.0)
[snapshot] Événements custom : 11 | 178 variables affectées

[prompt] Assemblage du prompt...
[WARN][journal] Pas d'édition locale pour zone 'conseil_regulation_numerique_geneve' / policy_reform / opposition → fallback réseau global
[prompt] System prompt : 2467 caractères
[prompt] User prompt   : 54721 caractères
[prompt] Sections      : 7 (dont entités: oui, géographie: oui)

[dry-run] Prompt assemblé pour policy_reform × education
  User prompt : 54721 caractères
  ✓ Prompt prêt (dry-run)

[6/6] policy_reform × medias_communication — 24 mars 2098

[snapshot] Construction du monde 2098 — scénario : policy_reform
[snapshot] Variables pilotes : ['gouvernance_institutions', 'technologie_information', 'energie_ressources_critiques', 'climat_environnement_global']
[snapshot] États définis : 12/12
[snapshot] Tensions détectées : 1 | Cohérence : OK
[snapshot] Jalons trajectoire : 154 (36 majeurs)
[snapshot] Événements signal_to_state : 62 (25 majeurs)
[snapshot] Tensions thématiques : 8
[snapshot] Instances chargées : 102 | Filtrées : 6
[snapshot] Événement custom 'Protocole de Médiation de La Haye — Crise Israélo-Iranienne' (an 2027, 71 ans d'effet)
  → geopolitique_conflits : 45 → 53.0 (delta:+8.0)
  → energie_ressources_critiques : 54.2 → 64.2 (delta:+10.0)
  → gouvernance_institutions : 76.4 → 88.4 (delta:+12.0)
  → demographie_mobilite_humaine : 47.0 → 52.0 (delta:+5.0)
[snapshot] Événement custom 'Acte Fondateur de Funafuti : Naissance du Pacifique Sud Resilience Network' (an 2039, 59 ans d'effet)
  → climat_environnement_global : 43.0 → 49.0 (delta:+6.0)
  → gouvernance_institutions : 88.4 → 100 (delta:+14.0)
  → organisation_territoires : 48.5 → 58.5 (delta:+10.0)
  → frontieres_du_systeme : 39.6 → 51.6 (delta:+12.0)
[snapshot] Événement custom 'L'Attentat des Neuf Nœuds — Déclencheur de Régulation Internationale' (an 2040, 58 ans d'effet)
  → technologie_information : 83.9 → 71.9 (delta:-12.0)
  → gouvernance_institutions : 94.6 → 100 (delta:+10.0)
  → geopolitique_conflits : 16.0 → 11.0 (delta:-5.0)
[snapshot] Événement custom 'Enchères Circumpolaires du Kalaallit — Protocole de Nairobi' (an 2041, 57 ans d'effet)
  → energie_ressources_critiques : 66.6 → 78.6 (delta:+12.0)
  → gouvernance_institutions : 100 → 100 (delta:+10.0)
  → geopolitique_conflits : 0.8 → 8.8 (delta:+8.0)
  → organisation_territoires : 52.7 → 59.7 (delta:+7.0)
[snapshot] Événement custom 'Exode du Midwest Aride — Protocole d'Intégration Lacustre' (an 2044, 54 ans d'effet)
  → demographie_mobilite_humaine : 54.9 → 42.9 (delta:-12.0)
  → organisation_territoires : 55.2 → 65.2 (delta:+10.0)
  → gouvernance_institutions : 96.4 → 100 (delta:+8.0)
  → climat_environnement_global : 49.3 → 57.3 (delta:+8.0)
[snapshot] Événement custom 'Protocole d'Urgence Amazonienne — Crise de Gouvernance du Bassin Vert' (an 2047, 51 ans d'effet)
  → climat_environnement_global : 57.3 → 65.3 (delta:+8.0)
  → geopolitique_conflits : 2.5 → 0 (delta:-10.0)
  → gouvernance_institutions : 100 → 100 (delta:+7.0)
  → organisation_territoires : 69.4 → 78.4 (delta:+9.0)
[snapshot] Événement custom 'Traité de Belém : la Souveraineté Carbone Amazonienne face aux Blocs' (an 2055, 43 ans d'effet)
  → climat_environnement_global : 65.3 → 73.3 (delta:+8.0)
  → gouvernance_institutions : 100 → 100 (delta:+6.0)
  → geopolitique_conflits : 0 → 9.0 (delta:+9.0)
  → energie_ressources_critiques : 75.3 → 80.3 (delta:+5.0)
[snapshot] Événement custom 'Victoire du Parti Social-Démocrate Progressiste' (an 2056, 42 ans d'effet)
  → systeme_economique_redistribution : 61.6 → 71.6 (delta:+10.0)
  → gouvernance_institutions : 100 → 100 (delta:+5.0)
  → valeurs_culture_tempo_sociale : 50 → 54.0 (delta:+4.0)
[snapshot] Événement custom 'Incident du Passage Arctique — Saisie de l'APA par les Unités NAT' (an 2059, 39 ans d'effet)
  → geopolitique_conflits : 8.2 → 0 (delta:-12.0)
  → frontieres_du_systeme : 46.6 → 36.6 (delta:-10.0)
  → energie_ressources_critiques : 81.8 → 89.8 (delta:+8.0)
[snapshot] Événement custom 'Insurrection des Favelas Numériques de São Paulo contre la RPDA' (an 2073, 25 ans d'effet)
  → gouvernance_institutions : 100 → 100 (delta:+8.0)
  → technologie_information : 98.5 → 100 (delta:+10.0)
  → organisation_territoires : 83.5 → 89.5 (delta:+6.0)
[snapshot] Événement custom 'L'Affaire Van Derburgh — Jurisprudence sur le Patrimoine Technologique' (an 2078, 20 ans d'effet)
  → gouvernance_institutions : 100 → 100 (delta:+2.0)
  → technologie_information : 100 → 100 (delta:+1.0)
[snapshot] Événements custom : 11 | 178 variables affectées

[prompt] Assemblage du prompt...
[prompt] System prompt : 2742 caractères
[prompt] User prompt   : 55347 caractères
[prompt] Sections      : 7 (dont entités: oui, géographie: oui)

[dry-run] Prompt assemblé pour policy_reform × medias_communication
  User prompt : 55347 caractères
  ✓ Prompt prêt (dry-run)

============================================================
SÉRIE GÉNÉRÉE
  ✓ 6 prompts assemblés (dry-run) | ✗ 0 erreurs
  📁 /Users/davidlopez2005/Documents/Obsidian Vault/Ourrassol2098/articles/policy_reform
============================================================
