# Traçabilité — `insurrection_rust_belt` (evenement)

*Généré le 2026-08-02 12:46*

## 1. Origine

- **Statut d'injection** : traité
- **Trouvé dans** : `/Users/davidlopez2005/Documents/Obsidian Vault/Ourrassol2098/evenements_custom/processed.yaml`
- **Source de l'idée** : rééquilibrage_geo_2026-06
- **Description d'origine** : _quasi identique au Descriptif ci-dessous (§2), non répétée._

## 2. Descriptif

**Les Forges du Commun — Proclamation des Zones Libres du Rust Belt**

Le Mouvement des Communes du Rust Belt occupe simultanement les anciens sites industriels de Detroit, Cleveland et Pittsburgh, proclamant des zones libres de l algorithme. Le Commandement Atlantique envoie des unites de maintien de l ordre numerique. Trois semaines de confrontations urbaines.


## 3. Évolution dans le temps et l'espace

- **Date fictive (archétype)** : 2063
- **Portée** : regionale · **Intensité** : forte
- **Injecté dans 3/6 scénarios** : breakdown, fortress_world, eco_communalism

### breakdown — 2061
- Zone : Communes Libres du Rust Belt (Forges du Commun) (niveau 3) · Impossible dans ce scénario : False · Acteurs : mouvement_des_communes_du_rust_belt, conseil_regulation_algorithmique, fronts_populistes_anti_technocratiques, milices_contractuelles_des_anciens_etats_membres, enclaves_corporatives_fortifiees, et 3 autre(s)
- **Réalisation** : Dans un contexte d'effondrement des structures fédérales américaines et de fragmentation des blocs de gouvernance numérique, le Mouvement des Communes du Rust Belt occupe simultanément les friches industrielles de Detroit, Cleveland et Pittsburgh à l'automne 2061. La proclamation de 'zones libres de l'algorithme' résonne dans un monde où les Protocoles Fantômes sont déjà morts depuis dix ans. Le Commandement Atlantique, lui-même vestige fracturé d'une autorité militaire jadis unifiée, ne parvient à mobiliser que des unités de maintien de l'ordre numérique partiellement opérationnelles — certaines unités refusent de marcher contre leurs communautés d'origine. Les trois semaines de confrontations urbaines débouchent non pas sur une répression victorieuse, mais sur une fragmentation accrue : les Communes tiennent leurs zones, mais isolées, sans horizon fédérateur.

### fortress_world — 2063
- Zone : Fédération des Communes Libres du Rust Belt (niveau 3) · Impossible dans ce scénario : False · Acteurs : mouvement_des_communes_du_rust_belt, conseil_regulation_algorithmique, commandement_strategique_des_matieres_critiques_atlantique, agences_de_securite_interieure_des_etats_forteresses, populations_des_zones_deficitaires_d_optimisation, et 6 autre(s)
- **Réalisation** : Dans un Bloc Atlantique où le scoring citoyen et la gouvernance algorithmique ont marginalisé des millions de travailleurs des anciennes ceintures industrielles, la Fédération des Communes Libres du Rust Belt coordonne simultanément l'occupation de friches industrielles majeures à Detroit, Cleveland et Pittsburgh. Les communes proclament des 'zones libres de l'algorithme' — espaces soustraits au scoring de l'Autorité Numérique du Bloc Atlantique. L'exécutif militaro-civil, incapable de tolérer ces enclaves hors-contrôle à l'intérieur du bloc, déploie les unités de maintien de l'ordre numérique du Commandement Stratégique des Matières Critiques Atlantique. Trois semaines de confrontations urbaines s'ensuivent, caractérisées par des brouillages de réseaux de surveillance, des batailles de rues dans les corridors industriels reconvertis et des tentatives de coupures énergétiques ciblées.

### eco_communalism — 2063
- Zone : Confédération des Friches Vivantes (niveau 2) · Impossible dans ce scénario : False · Acteurs : mouvement_des_communes_du_rust_belt, fragments_d_etats_centraux_residuels, reseau_mnemos, voix_du_dehors, assemblees_cooperatives_regionales, et 4 autre(s)
- **Réalisation** : Dans un monde déjà fragmenté en communs autonomes, le Mouvement des Communes du Rust Belt — incarné par la Confédération des Friches Vivantes — n'est pas une révolte soudaine mais l'aboutissement d'une décennie de reconquête patiente des friches industrielles de Detroit, Cleveland et Pittsburgh. En octobre 2063, les assemblées locales proclament simultanément des 'zones libres de l'algorithme', bannissant les systèmes de surveillance numérique des Enclaves Technologiques et les protocoles d'allocation automatisée imposés par les Fragments d'États Centraux Résiduels. Le Commandement Atlantique — vestige hybride d'une autorité fédérale résiduelle — déploie des unités de maintien de l'ordre numérique, mais ses leviers coercitifs numériques sont largement neutralisés par la Trame Mnemos locale, qui opère en mode mesh fermé. Trois semaines de confrontations physiques et informationnelles s'ensuivent, documentées en temps réel par Le Fil Commun.

**Variables systémiques impactées (tous scénarios confondus)** : geopolitique_conflits, gouvernance_institutions, organisation_territoires, technologie_information, valeurs_culture_tempo_sociale

## 4. Aval — usage dans les articles publiés

_Aucune mention trouvée dans `articles/*.md` (scan texte brut, best-effort — un article peut mentionner l'entité sous une formulation différente sans que ce scan la détecte)._

