# Traçabilité — `alliance_blocs_souverains` (entité)

*Généré le 2026-08-11 00:06*

## 1. Origine

- **Origine** : non retrouvée — l'idée qui a mené à la création de cette fiche n'a pas pu être identifiée (probablement une fiche ancienne, créée avant la mise en place du suivi).

## 2. Descriptif

**Alliance des Blocs Souverains**

Coalition d'États-forteresses ayant formalisé leur retrait des institutions multilatérales au profit de pactes bilatéraux militaro-énergétiques. Prétend incarner un nouvel ordre mondial fondé sur la réciprocité stricte.


## 3. Évolution dans le temps et l'espace

- **Présente dans 3/6 scénarios** : breakdown, fortress_world, reference

### breakdown
- Zone : — · Impact local : 3/5 · Impact global : 4/5 · Détails complétés par l'IA le : —
- **Rôle** : L'Alliance des Blocs Souverains, fondée sur la promesse d'un ordre stable par la séparation, s'est fracassée contre les réalités du breakdown. Ce qui subsiste en 2098 est un résidu institutionnel — une série de pactes bilatéraux militaro-énergétiques en décomposition, disputés entre factions internes et États membres qui renient leurs engagements dès que leurs intérêts divergent. L'ABS n'est plus une coalition : c'est un champ de bataille diplomatique fossilisé, où les anciens partenaires se pillent mutuellement les stocks énergétiques sous couvert de clauses contractuelles jamais honorées. Son nom est encore invoqué pour légitimer des actions unilatérales — signe que le mythe survit là où l'institution a disparu.

### fortress_world
- Zone : Pacte des Forteresses Souveraines (niveau 1) · Impact local : 3/5 · Impact global : 4/5 · Détails complétés par l'IA le : —
- **Rôle** : Le Pacte des Forteresses Souveraines constitue l'ossature politique et militaire du monde fragmenté de 2098 : une coalition d'États-blocs ayant formellement abandonné tout multilatéralisme au profit d'accords bilatéraux énergético-défensifs. Il ne prétend plus incarner un ordre universel, mais revendique ouvertement la légitimité de la séparation comme principe de paix — une paix armée, négociée au seuil de chaque frontière fortifiée. Son autorité réelle est contestée de l'intérieur par les factions les plus radicales qui refusent même ces pactes minimaux, et de l'extérieur par les zones grises et populations apatrides qu'il a structurellement abandonnées.

### reference
- Zone : — · Impact local : 2/5 · Impact global : 4/5 · Détails complétés par l'IA le : —
- **Rôle** : Coalition d'États-forteresses opérant en marge des institutions multilatérales survivantes, le Pacte des Souverains structure une alternative diplomatique fondée sur des accords bilatéraux militaro-énergétiques. Dans un monde en équilibre fragile, il représente la tentation permanente du repli souverain face aux frictions de l'interdépendance globale. Il n'a pas réussi à s'imposer comme ordre dominant, mais il demeure un pôle de gravité suffisamment puissant pour perturber toute tentative de gouvernance multilatérale cohérente. Son existence entretient la multipolarité instable comme condition structurelle du système monde.

**Variables systémiques influencées (tous scénarios confondus)** : energie_ressources_critiques, geopolitique_conflits, gouvernance_institutions, organisation_territoires, systeme_economique_redistribution
**Alliances (réseau relationnel)** : Amazonie pacte vert fortress world, Appareils d etat des blocs fermes fortress world, Biolock agritech fortress world, Bloc atlantique fortress world, Bloc des souverainistes climatiques reference, Bloc eurasiatique occidental fortress world, Blocs signataires du pacte energetique multilateral reference, Cartels energetiques des bioreacteurs fortress world, et 12 autre(s)
**Oppositions (réseau relationnel)** : Bloc eurasien central reference, Bruxelles nouveau reference, Bureau zones non prioritaires reference, Cites etats secessionistes breakdown, Coalitions des deplaces et apatrides fortress world, Confederation des megapoles autonomes reference, Consortium amazonia viva reference, Consortium logistique asiatique de contournement aln reference, et 21 autre(s)

## 4. Usage dans les articles déjà publiés

**1 article(s) trouvé(s) :**

| Fichier | Scénario | Date publication | Titre |
|---|---|---|---|
| `20260706_183156_breakdown_medias_communication_article_24mars2098.md` | breakdown | — | — |

