# Traçabilité — `emeutes_algorithme_sao_paulo` (evenement)

*Généré le 2026-08-02 12:54*

## 1. Origine

- **Statut d'injection** : traité
- **Trouvé dans** : `/Users/davidlopez2005/Documents/Obsidian Vault/Ourrassol2098/evenements_custom/processed.yaml`
- **Source de l'idée** : rééquilibrage_geo_2026-06
- **Description d'origine** : _quasi identique au Descriptif ci-dessous (§2), non répétée._

## 2. Descriptif

**La Révolte des Zones Mortes — Effondrement de la RPDA**

A Sao Paulo, les quartiers peripheriques se soulevent contre la Rede Paulista de Distribution Algorithmique apres qu une mise a jour du systeme a coupe l eau et l energie dans 12 zones jugees a rendement negatif. Les favelas numeriques organisent une contre-cartographie des allocations et publient les parametres caches du systeme. Soulement urbain qui devient un modele pour les mouvements anti-algorithmiques du Sud global.


## 3. Évolution dans le temps et l'espace

- **Date fictive (archétype)** : 2073
- **Portée** : regionale · **Intensité** : forte
- **Injecté dans 4/6 scénarios** : breakdown, fortress_world, policy_reform, reference

### breakdown — 2073
- Zone : Grand São Paulo (Infrastructure RPDA Zombie) (niveau 2) · Impossible dans ce scénario : False · Acteurs : rede_paulista_de_distribuic_o_algor_tmica, collectifs_de_hackers_archivistes_des_interstices_reseaux, frente_sert_o_livre, fronts_populistes_anti_technocratiques, collectif_hackers_decroissance_infrastructure, et 3 autre(s)
- **Réalisation** : En 2073, une mise à jour catastrophique de ce qui subsiste de la Rede Paulista de Distribuição Algorítmica — déjà en état de demi-fonctionnement depuis l'effondrement des infrastructures numériques de 2051 — coupe eau et énergie dans 12 zones périphériques classées 'rendement négatif'. Mais dans un monde où les institutions de régulation sont fantômes et les recours inexistants, la réponse n'est pas une plainte : ce sont les favelas numériques elles-mêmes qui hackent les serveurs résiduels de la RPDA et publient les paramètres cachés du système sur les réseaux mesh locaux. La contre-cartographie algorithmique émerge comme acte de survie, non de militantisme.

### fortress_world — 2073
- Zone : São Paulo — Mégapole Algorithmique (niveau 1) · Impossible dans ce scénario : False · Acteurs : rede_paulista_de_distribuic_o_algor_tmica, populations_des_zones_deficitaires_d_optimisation, agences_de_securite_interieure_des_etats_forteresses, archives_chiffrees_de_l_open_internet_coalition, bureau_gouvernance_algorithmique, et 4 autre(s)
- **Réalisation** : Après une mise à jour du Sistema Paulista de Alocação Soberana (SPAS) qui coupe eau et énergie dans 12 zones jugées à 'rendement négatif', les quartiers périphériques de São Paulo s'embrasent. Des collectifs de hacktivistes issus des favelas numériques pénètrent les couches cachées du SPAS et publient via des réseaux chiffrés les paramètres d'exclusion intégrés au code source — révélant que la 'neutralité algorithmique' dissimule des critères ethno-économiques délibérément encodés. Dans un monde-forteresse où chaque bloc sacralise le contrôle numérique, la publication de cette contre-cartographie des allocations constitue une bombe institutionnelle : elle prouve que les populations périphériques sont gérées comme des variables à éliminer, non à gouverner.

### policy_reform — 2073
- Zone : São Paulo (RPDA) (niveau 2) · Impossible dans ce scénario : False · Acteurs : rede_paulista_de_distribuic_o_algor_tmica, collectifs_citoyens_pour_l_audit_algorithmique_ouvert, reseau_des_auditeurs_algorithmiques_independants_raai, conseil_intergouvernemental_de_regulation_technologique, bureau_gouvernance_algorithmique, et 5 autre(s)
- **Réalisation** : En juillet 2073, une mise à jour de la Rede Paulista de Distribuição Algorítmica classe 12 zones périphériques comme 'à rendement négatif' et suspend automatiquement eau et énergie. Les favelas numériques, équipées d'outils de délibération augmentée issus des réformes de gouvernance participative des années 2040, organisent une contre-expertise collective : elles extraient, décodent et publient les paramètres cachés du système via des réseaux d'audit citoyen. Dans un monde de policy_reform où la transparence institutionnelle est un principe affiché mais rarement tenu, la publication des paramètres internes de la RPDA constitue une bombe politique. L'événement force le Conseil Intergouvernemental de Régulation Technologique à ouvrir une procédure d'urgence, et le RAAI est mandaté pour un audit indépendant, donnant au soulèvement une résonance institutionnelle inédite.

### reference — 2073
- Zone : São Paulo — Périphéries et SPAAR (niveau 3) · Impossible dans ce scénario : False · Acteurs : rede_paulista_de_distribuic_o_algor_tmica, ligue_des_metropoles_du_sud_pour_les_infrastructures_libres, reseau_meshcommons_netsolidaire, reseaux_de_capteurs_citoyens, prisme_global, et 5 autre(s)
- **Réalisation** : En octobre 2073, une mise à jour du Sistema Paulista de Alocação Algorítmica de Recursos coupe eau et électricité dans 12 zones périphériques classifiées 'rendement négatif'. Les communautés des favelas numériques, équipées de capteurs citoyens et de nœuds mesh décentralisés, organisent une contre-cartographie collaborative qui expose les paramètres cachés du SPAAR — notamment les coefficients de 'productivité contributive' pondérant l'accès aux ressources. La publication virale des paramètres déclenche trois semaines d'occupations d'infrastructures, de grèves et de blocages logistiques. Dans un scénario de fragile équilibre institutionnel, l'État fédéral brésilien négocie à contrecœur un audit partiel plutôt que de risquer l'embrasement d'une métropole de 28 millions d'habitants.

**Variables systémiques impactées (tous scénarios confondus)** : gouvernance_institutions, organisation_territoires, technologie_information

## 4. Aval — usage dans les articles publiés

_Aucune mention trouvée dans `articles/*.md` (scan texte brut, best-effort — un article peut mentionner l'entité sous une formulation différente sans que ce scan la détecte)._

