# Traçabilité — `insurrection_rust_belt` (evenement)

*Généré le 2026-08-02 12:37*

## 1. Origine

- **Statut d'injection** : traité
- **Trouvé dans** : `/Users/davidlopez2005/Documents/Obsidian Vault/Ourrassol2098/evenements_custom/processed.yaml`
- **Source de l'idée** : rééquilibrage_geo_2026-06
- **Description d'origine** : Le Mouvement des Communes du Rust Belt occupe simultanement les anciens sites industriels de Detroit, Cleveland et Pittsburgh, proclamant des zones libres de l algorithme. Le Commandement Atlantique envoie des unites de maintien de l ordre numerique. Trois semaines de confrontations urbaines.

## 2. Descriptif

**Les Forges du Commun — Proclamation des Zones Libres du Rust Belt**

Le Mouvement des Communes du Rust Belt occupe simultanement les anciens sites industriels de Detroit, Cleveland et Pittsburgh, proclamant des zones libres de l algorithme. Le Commandement Atlantique envoie des unites de maintien de l ordre numerique. Trois semaines de confrontations urbaines.


## 3. Évolution dans le temps et l'espace

- **Date fictive (archétype)** : 2063
- **Portée** : regionale · **Intensité** : forte
- **Injecté dans 3/6 scénarios** : breakdown, fortress_world, eco_communalism

### breakdown — 2061
- Zone : communes_rust_belt · Impossible dans ce scénario : False · Acteurs : mouvement_des_communes_du_rust_belt_breakdown, conseil_regulation_algorithmique_breakdown, fronts_populistes_anti_technocratiques_breakdown, milices_contractuelles_des_anciens_etats_membres_breakdown, enclaves_corporatives_fortifiees_breakdown, cartels_logistiques_regionaux_breakdown, collectifs_de_reparation_energetique_breakdown, seigneuries_logistiques_armees_breakdown
- **Réalisation** : Dans un contexte d'effondrement des structures fédérales américaines et de fragmentation des blocs de gouvernance numérique, le Mouvement des Communes du Rust Belt occupe simultanément les friches industrielles de Detroit, Cleveland et Pittsburgh à l'automne 2061. La proclamation de 'zones libres de l'algorithme' résonne dans un monde où les Protocoles Fantômes sont déjà morts depuis dix ans. Le C

### fortress_world — 2063
- Zone : rust_belt_communes_libres · Impossible dans ce scénario : False · Acteurs : mouvement_des_communes_du_rust_belt_fortress_world, conseil_regulation_algorithmique_fortress_world, commandement_strategique_des_matieres_critiques_atlantique_fortress_world, agences_de_securite_interieure_des_etats_forteresses_fortress_world, populations_des_zones_deficitaires_d_optimisation_fortress_world, syndicats_industriels_residuels_post_crise_fortress_world, collectifs_de_reappropriation_energetique_peripherique_fortress_world, le_temoin_fortress_world, reseaux_de_passeurs_d_information_aux_frontieres_inter_blocs_fortress_world, dispositifs_de_surveillance_numerique_souveraine_fortress_world, systemes_de_scoring_de_productivite_corporative_fortress_world
- **Réalisation** : Dans un Bloc Atlantique où le scoring citoyen et la gouvernance algorithmique ont marginalisé des millions de travailleurs des anciennes ceintures industrielles, la Fédération des Communes Libres du Rust Belt coordonne simultanément l'occupation de friches industrielles majeures à Detroit, Cleveland et Pittsburgh. Les communes proclament des 'zones libres de l'algorithme' — espaces soustraits au s

### eco_communalism — 2063
- Zone : rust_belt_confederation_friches · Impossible dans ce scénario : False · Acteurs : mouvement_des_communes_du_rust_belt_eco_communalism, fragments_d_etats_centraux_residuels_eco_communalism, reseau_mnemos_eco_communalism, voix_du_dehors_eco_communalism, assemblees_cooperatives_regionales_eco_communalism, archives_ouvertes_des_jurisprudences_communales_aojc_eco_communalism, reseaux_de_radio_communautaire_basse_consommation_eco_communalism, agro_conglomerats_des_enclaves_technologiques_eco_communalism, factions_algorithmiques_pro_gouvernance_ia_legere_eco_communalism
- **Réalisation** : Dans un monde déjà fragmenté en communs autonomes, le Mouvement des Communes du Rust Belt — incarné par la Confédération des Friches Vivantes — n'est pas une révolte soudaine mais l'aboutissement d'une décennie de reconquête patiente des friches industrielles de Detroit, Cleveland et Pittsburgh. En octobre 2063, les assemblées locales proclament simultanément des 'zones libres de l'algorithme', ba

**Variables systémiques impactées (tous scénarios confondus)** : geopolitique_conflits, gouvernance_institutions, organisation_territoires, technologie_information, valeurs_culture_tempo_sociale

## 4. Aval — usage dans les articles publiés

_Aucune mention trouvée dans `articles/*.md` (scan texte brut, best-effort — un article peut mentionner l'entité sous une formulation différente sans que ce scan la détecte)._

