# Traçabilité — `crise_gouvernance_amazonie` (evenement)

*Généré le 2026-08-02 12:38*

## 1. Origine

- **Statut d'injection** : traité
- **Trouvé dans** : `/Users/davidlopez2005/Documents/Obsidian Vault/Ourrassol2098/evenements_custom/processed.yaml`
- **Source de l'idée** : rééquilibrage_geo_2026-06
- **Description d'origine** : Le Consortium Amazônia Viva déclare un état d'urgence écologique sur 40% du bassin amazonien après la détection de déforestations illégales massives orchestrées par des opérateurs privés liés aux blocs énergétiques. Belém devient le théâtre d'une confrontation entre les gardiens autochtones et les m

## 2. Descriptif

**La Fracture de Belém — Quand le Bassin Amazonien a cessé d'être un territoire**

Le Consortium Amazônia Viva déclare un état d'urgence écologique sur 40% du bassin amazonien après la détection de déforestations illégales massives orchestrées par des opérateurs privés liés aux blocs énergétiques. Belém devient le théâtre d'une confrontation entre les gardiens autochtones et les milices corporatives. L'ONU est saisie mais incapable d'intervenir. Premier test de souveraineté pour le bassin amazonien comme acteur géopolitique autonome.


## 3. Évolution dans le temps et l'espace

- **Date fictive (archétype)** : 2047
- **Portée** : continentale · **Intensité** : majeure
- **Injecté dans 6/6 scénarios** : breakdown, fortress_world, new_sustainability, eco_communalism, policy_reform, reference

### breakdown — 2047
- Zone : amazon_pacte_gardiens · Impossible dans ce scénario : False · Acteurs : consortium_amazonia_viva_breakdown, factions_energetiques_heritieres_des_pactes_abs_breakdown, frente_sert_o_livre_breakdown, milices_contractuelles_des_anciens_etats_membres_breakdown, seigneurs_de_guerre_agro_territoriaux_breakdown, federation_communs_territoriaux_breakdown, agence_stabilisation_climatique_breakdown, voix_du_dehors_breakdown, trame_bioclimatique_breakdown
- **Réalisation** : Le Consortium Amazônia Viva — déjà réduit à l'état de coalition fracturée dans un monde en délitement institutionnel — tente de déclencher un état d'urgence écologique sur 40% du bassin amazonienet. Mais l'ONU n'existe plus que sur papier, et le 'Pacte des Gardiens de l'Amazone' n'est plus reconnu que par une poignée de nœuds régionaux. L'appel à la souveraineté écologique du bassin n'est pas un p

### fortress_world — 2047
- Zone : amazonie_pacte_vert · Impossible dans ce scénario : False · Acteurs : consortium_amazonia_viva_fortress_world, complexes_militaro_industriels_de_gestion_des_ressources_fortress_world, consortiums_energetiques_du_bloc_ourrassol_fortress_world, archives_diplomatiques_de_l_onu_eclat_fortress_world, assemblee_territoires_fortress_world, coalition_vivant_fortress_world, institutions_multilaterales_residuelles_fortress_world, commandement_strategique_des_matieres_critiques_atlantique_fortress_world, voix_du_dehors_fortress_world
- **Réalisation** : Le Pacte Vert Amazônia proclame un état d'urgence écologique sur 40% du bassin amazonien après la détection de déforestations industrielles orchestrées par des opérateurs liés aux consortiums énergétiques des blocs atlantique et eurasien. Belém devient le théâtre d'une confrontation armée entre les gardiens autochtones et les milices corporatives privées mandatées par ces consortiums. L'ONU-Éclat,

### new_sustainability — 2047
- Zone : belem_consortium_amazonia · Impossible dans ce scénario : False · Acteurs : consortium_amazonia_viva_new_sustainability, agence_globale_de_regeneration_des_bassins_versants_agrb_onu_new_sustainability, assemblee_territoires_new_sustainability, coalition_des_industries_extractives_residuelles_new_sustainability, trame_bioclimatique_new_sustainability, collectif_des_mediateurs_cognitifs_internationaux_new_sustainability, reseau_des_bio_communs_regionaux_new_sustainability, coalition_vivant_new_sustainability, conseil_regulation_ressources_new_sustainability
- **Réalisation** : Dans le monde new_sustainability, la crise éclate mais les institutions tiennent. Le Consortium Amazônia Viva déclenche l'état d'urgence écologique sur 38% du bassin après la détection par les capteurs du Réseau Vivant Continental de déforestations illégales orchestrées par des opérateurs liés aux blocs énergétiques résiduels. Contrairement à un scénario d'effondrement, l'AGRB-ONU et le Parlement 

### eco_communalism — 2047
- Zone : amazonie_pacte_viva · Impossible dans ce scénario : False · Acteurs : consortium_amazonia_viva_eco_communalism, coalition_vivant_eco_communalism, collectifs_de_geo_observateurs_citoyens_eco_communalism, brigades_de_restauration_ecologique_eco_communalism, enclaves_extractivistes_residuelles_des_corridors_eco_communalism, assemblee_territoires_eco_communalism, assemblees_bioterritoriales_regionales_eco_communalism, archives_ouvertes_des_jurisprudences_communales_aojc_eco_communalism, voix_du_dehors_eco_communalism, communs_secessionnistes_hors_coordination_eco_communalism, fragments_d_etats_centraux_residuels_eco_communalism
- **Réalisation** : Dans un monde déjà fragmenté en communs bioterritoriaux, le Pacte Amazônia Viva n'est plus un consortium institutionnel mais une confédération souple de bassins versants amazoniens. Face à la détection par les Collectifs de Géo-Observateurs Citoyens de déforestations massives orchestrées par des Enclaves Extractivistes Résiduelles liées à des opérateurs énergétiques hors-communs, le Pacte convoque

### policy_reform — 2047
- Zone : manaus_amazonia_viva · Impossible dans ce scénario : False · Acteurs : consortium_amazonia_viva_policy_reform, conseil_de_regulation_climatique_global_policy_reform, autorite_mondiale_du_vivant_amv_policy_reform, coalition_des_operateurs_energetiques_prives_anti_quotas_policy_reform, reseaux_de_capteurs_ia_climatiques_deployes_par_les_etats_membres_policy_reform, trame_bioclimatique_policy_reform, conseil_regulation_ressources_policy_reform, fonds_mondial_pour_la_transition_ecosystemique_fmte_policy_reform, assemblee_territoires_policy_reform, mouvement_pour_la_justice_ecologique_communautaire_policy_reform
- **Réalisation** : Le Consortium Amazônia Viva, reconnu depuis 2041 comme délégation auprès du Conseil de Régulation Climatique Global, déclenche formellement un état d'urgence écologique sur 40% du bassin amazonien après que les réseaux de capteurs IA-climatiques détectent une déforestation illégale massive coordonnée par des opérateurs liés aux blocs énergétiques privés. Dans ce monde de gouvernance technocratique

### reference — 2047
- Zone : amazonie_consortium_viva · Impossible dans ce scénario : False · Acteurs : consortium_amazonia_viva_reference, frente_sert_o_livre_reference, consortiums_energetiques_opaques_reference, corporations_d_extraction_energetique_non_signataires_reference, blocs_signataires_du_pacte_energetique_multilateral_reference, reseaux_de_gouvernance_multilaterale_survivants_reference, collectifs_de_journalistes_independants_regionaux_reference, ong_environnementales_de_terrain_reference, reseaux_de_capteurs_citoyens_reference, front_souverainiste_des_ressources_d_amerique_du_sud_reference, bloc_ressources_eurasiatique_bre_reference, milices_concurrentes_des_droits_de_passage_reference
- **Réalisation** : Le Consortium Amazônia Viva, appuyé sur une légitimité hybride mêlant gouvernance autochtone et accréditation onusienne fragile, déclare l'état d'urgence écologique sur 42% du bassin amazonien après que des capteurs citoyens et des ONG de terrain ont documenté des vagues massives de déforestation orchestrées par des opérateurs privés liés aux blocs énergétiques du BRE. La réponse institutionnelle 

**Variables systémiques impactées (tous scénarios confondus)** : climat_environnement_global, geopolitique_conflits, gouvernance_institutions, organisation_territoires

## 4. Aval — usage dans les articles publiés

_Aucune mention trouvée dans `articles/*.md` (scan texte brut, best-effort — un article peut mentionner l'entité sous une formulation différente sans que ce scan la détecte)._

